Attempting to create cache for process at /data/dev/corona/tmp/forceCache/
Cache found already found at /data/dev/corona/tmp/forceCache/
[192.168.117.151] opening socket at port 2120
Listening on 2120...
Starting pulse monitoring
cache Directory is /data/dev/corona/tmp/forceCache/
Server listening on port 3001 !
io on connection
io on connection
http://localhost:3709/dbSnapshot
http://localhost:1134/results/1A
http://localhost:1134/pdb/1AF6
http://localhost:3709/getallid
io on connection
io on connection
io on connection
io on connection
io on connection
io on connection
http://localhost:3709/dbSnapshot
http://localhost:1134/results/2LME
http://localhost:1134/pdb/2LME
http://localhost:3709/getallid
http://localhost:3709/sortByCategory
ERROR in configJobCorona : no requestPPM specified
###############################
###### Current jobs pool ######
###############################
# coronaTask_178a94f5-381a-4d4f-b315-56fc3d6aba56 : CREATED

sbatch command written to /data/dev/corona/tmp/forceCache//coronaTask_178a94f5-381a-4d4f-b315-56fc3d6aba56/coronaTask_178a94f5-381a-4d4f-b315-56fc3d6aba56.sbatch
sbatch w/, /data/www_dev/corona/bin/slurm/bin//sbatch/data/dev/corona/tmp/forceCache//coronaTask_178a94f5-381a-4d4f-b315-56fc3d6aba56/coronaTask_178a94f5-381a-4d4f-b315-56fc3d6aba56.sbatch
this.sbatch : >/data/www_dev/corona/bin/slurm/bin//sbatch<
sbatchArgArray : >/data/dev/corona/tmp/forceCache//coronaTask_178a94f5-381a-4d4f-b315-56fc3d6aba56/coronaTask_178a94f5-381a-4d4f-b315-56fc3d6aba56.sbatch<
this.workdir : >/data/dev/corona/tmp/forceCache//coronaTask_178a94f5-381a-4d4f-b315-56fc3d6aba56<
###############################
###### Current jobs pool ######
###############################
# coronaTask_178a94f5-381a-4d4f-b315-56fc3d6aba56 : SUBMITTED

Status Updating [job coronaTask_178a94f5-381a-4d4f-b315-56fc3d6aba56 ] : from 'SUBMITTED' to 'START'
Status Updating [job coronaTask_178a94f5-381a-4d4f-b315-56fc3d6aba56 ] : from 'START' to 'FINISHED'
Pulling coronaTask_178a94f5-381a-4d4f-b315-56fc3d6aba56
{
  resultsPath: '/data/dev/corona/tmp/forceCache/coronaTask_178a94f5-381a-4d4f-b315-56fc3d6aba56/results/'
}
jobCompletion
jobCompleted
io on connection
io on connection
io on connection
http://localhost:3709/dbSnapshot
http://localhost:1134/results/2LME
http://localhost:1134/pdb/2LME
http://localhost:3709/getallid
http://localhost:3709/sortByCategory
ERROR in configJobCorona : no requestPPM specified
###############################
###### Current jobs pool ######
###############################
# coronaTask_fc1e61cd-18c5-4cf7-b0a5-6be75508625f : CREATED

sbatch command written to /data/dev/corona/tmp/forceCache//coronaTask_fc1e61cd-18c5-4cf7-b0a5-6be75508625f/coronaTask_fc1e61cd-18c5-4cf7-b0a5-6be75508625f.sbatch
sbatch w/, /data/www_dev/corona/bin/slurm/bin//sbatch/data/dev/corona/tmp/forceCache//coronaTask_fc1e61cd-18c5-4cf7-b0a5-6be75508625f/coronaTask_fc1e61cd-18c5-4cf7-b0a5-6be75508625f.sbatch
this.sbatch : >/data/www_dev/corona/bin/slurm/bin//sbatch<
sbatchArgArray : >/data/dev/corona/tmp/forceCache//coronaTask_fc1e61cd-18c5-4cf7-b0a5-6be75508625f/coronaTask_fc1e61cd-18c5-4cf7-b0a5-6be75508625f.sbatch<
this.workdir : >/data/dev/corona/tmp/forceCache//coronaTask_fc1e61cd-18c5-4cf7-b0a5-6be75508625f<
###############################
###### Current jobs pool ######
###############################
# coronaTask_fc1e61cd-18c5-4cf7-b0a5-6be75508625f : SUBMITTED

Status Updating [job coronaTask_fc1e61cd-18c5-4cf7-b0a5-6be75508625f ] : from 'SUBMITTED' to 'START'
Status Updating [job coronaTask_fc1e61cd-18c5-4cf7-b0a5-6be75508625f ] : from 'START' to 'FINISHED'
Pulling coronaTask_fc1e61cd-18c5-4cf7-b0a5-6be75508625f
{
  resultsPath: '/data/dev/corona/tmp/forceCache/coronaTask_fc1e61cd-18c5-4cf7-b0a5-6be75508625f/results/'
}
jobCompletion
jobCompleted
io on connection
http://localhost:3709/dbSnapshot
http://localhost:1134/results/6UKN
http://localhost:1134/pdb/6UKN
http://localhost:3709/getallid
http://localhost:3709/sortByCategory
io on connection
http://localhost:3709/dbSnapshot
http://localhost:1134/results/3O44
http://localhost:1134/pdb/3O44
http://localhost:3709/getallid
http://localhost:3709/sortByCategory
ERROR in configJobCorona : no requestPPM specified
###############################
###### Current jobs pool ######
###############################
# coronaTask_c348d29a-8b74-45e1-a80b-6a04454d370f : CREATED

sbatch command written to /data/dev/corona/tmp/forceCache//coronaTask_c348d29a-8b74-45e1-a80b-6a04454d370f/coronaTask_c348d29a-8b74-45e1-a80b-6a04454d370f.sbatch
sbatch w/, /data/www_dev/corona/bin/slurm/bin//sbatch/data/dev/corona/tmp/forceCache//coronaTask_c348d29a-8b74-45e1-a80b-6a04454d370f/coronaTask_c348d29a-8b74-45e1-a80b-6a04454d370f.sbatch
this.sbatch : >/data/www_dev/corona/bin/slurm/bin//sbatch<
sbatchArgArray : >/data/dev/corona/tmp/forceCache//coronaTask_c348d29a-8b74-45e1-a80b-6a04454d370f/coronaTask_c348d29a-8b74-45e1-a80b-6a04454d370f.sbatch<
this.workdir : >/data/dev/corona/tmp/forceCache//coronaTask_c348d29a-8b74-45e1-a80b-6a04454d370f<
###############################
###### Current jobs pool ######
###############################
# coronaTask_c348d29a-8b74-45e1-a80b-6a04454d370f : SUBMITTED

Status Updating [job coronaTask_c348d29a-8b74-45e1-a80b-6a04454d370f ] : from 'SUBMITTED' to 'START'
Status Updating [job coronaTask_c348d29a-8b74-45e1-a80b-6a04454d370f ] : from 'START' to 'FINISHED'
Pulling coronaTask_c348d29a-8b74-45e1-a80b-6a04454d370f
stderr content:
utility.c(2245):ERROR:50: Cannot open file '/data/software/mobi/modules//naccess/current' for 'reading'

io on connection
http://localhost:3709/dbSnapshot
http://localhost:1134/results/1A
http://localhost:1134/pdb/1AF6
http://localhost:3709/getallid
http://localhost:3709/sortByCategory
ERROR in configJobCorona : no requestPPM specified
###############################
###### Current jobs pool ######
###############################
# coronaTask_c8ac5ec2-fbf2-4475-af42-28b47d43eb5a : CREATED

sbatch command written to /data/dev/corona/tmp/forceCache//coronaTask_c8ac5ec2-fbf2-4475-af42-28b47d43eb5a/coronaTask_c8ac5ec2-fbf2-4475-af42-28b47d43eb5a.sbatch
sbatch w/, /data/www_dev/corona/bin/slurm/bin//sbatch/data/dev/corona/tmp/forceCache//coronaTask_c8ac5ec2-fbf2-4475-af42-28b47d43eb5a/coronaTask_c8ac5ec2-fbf2-4475-af42-28b47d43eb5a.sbatch
this.sbatch : >/data/www_dev/corona/bin/slurm/bin//sbatch<
sbatchArgArray : >/data/dev/corona/tmp/forceCache//coronaTask_c8ac5ec2-fbf2-4475-af42-28b47d43eb5a/coronaTask_c8ac5ec2-fbf2-4475-af42-28b47d43eb5a.sbatch<
this.workdir : >/data/dev/corona/tmp/forceCache//coronaTask_c8ac5ec2-fbf2-4475-af42-28b47d43eb5a<
###############################
###### Current jobs pool ######
###############################
# coronaTask_c8ac5ec2-fbf2-4475-af42-28b47d43eb5a : SUBMITTED

Status Updating [job coronaTask_c8ac5ec2-fbf2-4475-af42-28b47d43eb5a ] : from 'SUBMITTED' to 'START'
Status Updating [job coronaTask_c8ac5ec2-fbf2-4475-af42-28b47d43eb5a ] : from 'START' to 'FINISHED'
Pulling coronaTask_c8ac5ec2-fbf2-4475-af42-28b47d43eb5a
{
  resultsPath: '/data/dev/corona/tmp/forceCache/coronaTask_c8ac5ec2-fbf2-4475-af42-28b47d43eb5a/results/'
}
jobCompletion
jobCompleted
io on connection
http://localhost:3709/dbSnapshot
http://localhost:1134/results/3O44
http://localhost:1134/pdb/3O44
http://localhost:3709/getallid
http://localhost:3709/sortByCategory
ERROR in configJobCorona : no requestPPM specified
###############################
###### Current jobs pool ######
###############################
# coronaTask_85370f78-43ce-470f-8905-6ee0eace714c : CREATED

sbatch command written to /data/dev/corona/tmp/forceCache//coronaTask_85370f78-43ce-470f-8905-6ee0eace714c/coronaTask_85370f78-43ce-470f-8905-6ee0eace714c.sbatch
sbatch w/, /data/www_dev/corona/bin/slurm/bin//sbatch/data/dev/corona/tmp/forceCache//coronaTask_85370f78-43ce-470f-8905-6ee0eace714c/coronaTask_85370f78-43ce-470f-8905-6ee0eace714c.sbatch
this.sbatch : >/data/www_dev/corona/bin/slurm/bin//sbatch<
sbatchArgArray : >/data/dev/corona/tmp/forceCache//coronaTask_85370f78-43ce-470f-8905-6ee0eace714c/coronaTask_85370f78-43ce-470f-8905-6ee0eace714c.sbatch<
this.workdir : >/data/dev/corona/tmp/forceCache//coronaTask_85370f78-43ce-470f-8905-6ee0eace714c<
###############################
###### Current jobs pool ######
###############################
# coronaTask_85370f78-43ce-470f-8905-6ee0eace714c : SUBMITTED

Status Updating [job coronaTask_85370f78-43ce-470f-8905-6ee0eace714c ] : from 'SUBMITTED' to 'START'
Status Updating [job coronaTask_85370f78-43ce-470f-8905-6ee0eace714c ] : from 'START' to 'FINISHED'
Pulling coronaTask_85370f78-43ce-470f-8905-6ee0eace714c
stderr content:
STOP SOLVA_ERROR: max cubes exceeded
awk: fatal : impossible d'ouvrir le fichier « radius.txt » en lecture (Aucun fichier ou dossier de ce type)

io on connection
http://localhost:3709/dbSnapshot
http://localhost:1134/results/2O01
http://localhost:1134/pdb/2O01
http://localhost:3709/getallid
http://localhost:3709/sortByCategory
ERROR in configJobCorona : no requestPPM specified
###############################
###### Current jobs pool ######
###############################
# coronaTask_16a6d9f6-3e7e-4384-8af3-c6e5266c7651 : CREATED

sbatch command written to /data/dev/corona/tmp/forceCache//coronaTask_16a6d9f6-3e7e-4384-8af3-c6e5266c7651/coronaTask_16a6d9f6-3e7e-4384-8af3-c6e5266c7651.sbatch
sbatch w/, /data/www_dev/corona/bin/slurm/bin//sbatch/data/dev/corona/tmp/forceCache//coronaTask_16a6d9f6-3e7e-4384-8af3-c6e5266c7651/coronaTask_16a6d9f6-3e7e-4384-8af3-c6e5266c7651.sbatch
this.sbatch : >/data/www_dev/corona/bin/slurm/bin//sbatch<
sbatchArgArray : >/data/dev/corona/tmp/forceCache//coronaTask_16a6d9f6-3e7e-4384-8af3-c6e5266c7651/coronaTask_16a6d9f6-3e7e-4384-8af3-c6e5266c7651.sbatch<
this.workdir : >/data/dev/corona/tmp/forceCache//coronaTask_16a6d9f6-3e7e-4384-8af3-c6e5266c7651<
###############################
###### Current jobs pool ######
###############################
# coronaTask_16a6d9f6-3e7e-4384-8af3-c6e5266c7651 : SUBMITTED

Status Updating [job coronaTask_16a6d9f6-3e7e-4384-8af3-c6e5266c7651 ] : from 'SUBMITTED' to 'START'
Status Updating [job coronaTask_16a6d9f6-3e7e-4384-8af3-c6e5266c7651 ] : from 'START' to 'FINISHED'
Pulling coronaTask_16a6d9f6-3e7e-4384-8af3-c6e5266c7651
stderr content:
STOP SOLVA_ERROR: max cubes exceeded
awk: fatal : impossible d'ouvrir le fichier « radius.txt » en lecture (Aucun fichier ou dossier de ce type)

io on connection
http://localhost:3709/dbSnapshot
http://localhost:1134/results/1A
http://localhost:1134/pdb/1AF6
http://localhost:3709/getallid
http://localhost:3709/sortByCategory
ERROR in configJobCorona : no requestPPM specified
###############################
###### Current jobs pool ######
###############################
# coronaTask_5181bd52-7786-44b9-84c2-0b8f72918fbb : CREATED

sbatch command written to /data/dev/corona/tmp/forceCache//coronaTask_5181bd52-7786-44b9-84c2-0b8f72918fbb/coronaTask_5181bd52-7786-44b9-84c2-0b8f72918fbb.sbatch
sbatch w/, /data/www_dev/corona/bin/slurm/bin//sbatch/data/dev/corona/tmp/forceCache//coronaTask_5181bd52-7786-44b9-84c2-0b8f72918fbb/coronaTask_5181bd52-7786-44b9-84c2-0b8f72918fbb.sbatch
this.sbatch : >/data/www_dev/corona/bin/slurm/bin//sbatch<
sbatchArgArray : >/data/dev/corona/tmp/forceCache//coronaTask_5181bd52-7786-44b9-84c2-0b8f72918fbb/coronaTask_5181bd52-7786-44b9-84c2-0b8f72918fbb.sbatch<
this.workdir : >/data/dev/corona/tmp/forceCache//coronaTask_5181bd52-7786-44b9-84c2-0b8f72918fbb<
###############################
###### Current jobs pool ######
###############################
# coronaTask_5181bd52-7786-44b9-84c2-0b8f72918fbb : SUBMITTED

Status Updating [job coronaTask_5181bd52-7786-44b9-84c2-0b8f72918fbb ] : from 'SUBMITTED' to 'START'
Status Updating [job coronaTask_5181bd52-7786-44b9-84c2-0b8f72918fbb ] : from 'START' to 'FINISHED'
Pulling coronaTask_5181bd52-7786-44b9-84c2-0b8f72918fbb
stderr content:
utility.c(2245):ERROR:50: Cannot open file '/data/software/mobi/modules//naccess/current' for 'reading'

io on connection
io on connection
io on connection
io on connection
io on connection
http://localhost:3709/dbSnapshot
http://localhost:1134/results/1A
http://localhost:1134/pdb/1AF6
http://localhost:3709/getallid
http://localhost:3709/sortByCategory
ERROR in configJobCorona : no requestPPM specified
###############################
###### Current jobs pool ######
###############################
# coronaTask_96cda7ad-77e4-47fa-bd77-23dcadd9bf06 : CREATED

sbatch command written to /data/dev/corona/tmp/forceCache//coronaTask_96cda7ad-77e4-47fa-bd77-23dcadd9bf06/coronaTask_96cda7ad-77e4-47fa-bd77-23dcadd9bf06.sbatch
sbatch w/, /data/www_dev/corona/bin/slurm/bin//sbatch/data/dev/corona/tmp/forceCache//coronaTask_96cda7ad-77e4-47fa-bd77-23dcadd9bf06/coronaTask_96cda7ad-77e4-47fa-bd77-23dcadd9bf06.sbatch
this.sbatch : >/data/www_dev/corona/bin/slurm/bin//sbatch<
sbatchArgArray : >/data/dev/corona/tmp/forceCache//coronaTask_96cda7ad-77e4-47fa-bd77-23dcadd9bf06/coronaTask_96cda7ad-77e4-47fa-bd77-23dcadd9bf06.sbatch<
this.workdir : >/data/dev/corona/tmp/forceCache//coronaTask_96cda7ad-77e4-47fa-bd77-23dcadd9bf06<
###############################
###### Current jobs pool ######
###############################
# coronaTask_96cda7ad-77e4-47fa-bd77-23dcadd9bf06 : SUBMITTED

Status Updating [job coronaTask_96cda7ad-77e4-47fa-bd77-23dcadd9bf06 ] : from 'SUBMITTED' to 'START'
Status Updating [job coronaTask_96cda7ad-77e4-47fa-bd77-23dcadd9bf06 ] : from 'START' to 'FINISHED'
Pulling coronaTask_96cda7ad-77e4-47fa-bd77-23dcadd9bf06
stderr content:
utility.c(2245):ERROR:50: Cannot open file '/data/software/mobi/modules//naccess/current' for 'reading'

io on connection
http://localhost:3709/dbSnapshot
http://localhost:1134/results/1A
http://localhost:1134/pdb/1AF6
http://localhost:3709/getallid
http://localhost:3709/sortByCategory
ERROR in configJobCorona : no requestPPM specified
###############################
###### Current jobs pool ######
###############################
# coronaTask_ef3047fa-c66a-4e73-99b5-a37d987563fa : CREATED

sbatch command written to /data/dev/corona/tmp/forceCache//coronaTask_ef3047fa-c66a-4e73-99b5-a37d987563fa/coronaTask_ef3047fa-c66a-4e73-99b5-a37d987563fa.sbatch
sbatch w/, /data/www_dev/corona/bin/slurm/bin//sbatch/data/dev/corona/tmp/forceCache//coronaTask_ef3047fa-c66a-4e73-99b5-a37d987563fa/coronaTask_ef3047fa-c66a-4e73-99b5-a37d987563fa.sbatch
this.sbatch : >/data/www_dev/corona/bin/slurm/bin//sbatch<
sbatchArgArray : >/data/dev/corona/tmp/forceCache//coronaTask_ef3047fa-c66a-4e73-99b5-a37d987563fa/coronaTask_ef3047fa-c66a-4e73-99b5-a37d987563fa.sbatch<
this.workdir : >/data/dev/corona/tmp/forceCache//coronaTask_ef3047fa-c66a-4e73-99b5-a37d987563fa<
###############################
###### Current jobs pool ######
###############################
# coronaTask_ef3047fa-c66a-4e73-99b5-a37d987563fa : SUBMITTED

Status Updating [job coronaTask_ef3047fa-c66a-4e73-99b5-a37d987563fa ] : from 'SUBMITTED' to 'START'
Status Updating [job coronaTask_ef3047fa-c66a-4e73-99b5-a37d987563fa ] : from 'START' to 'FINISHED'
Pulling coronaTask_ef3047fa-c66a-4e73-99b5-a37d987563fa
{
  resultsPath: '/data/dev/corona/tmp/forceCache/coronaTask_ef3047fa-c66a-4e73-99b5-a37d987563fa/results/'
}
jobCompletion
jobCompleted
io on connection
http://localhost:3709/dbSnapshot
io on connection
http://localhost:3709/dbSnapshot
http://localhost:1134/results/3O44
http://localhost:1134/pdb/3O44
http://localhost:3709/getallid
http://localhost:3709/sortByCategory
ERROR in configJobCorona : no requestPPM specified
###############################
###### Current jobs pool ######
###############################
# coronaTask_f6a996ab-f869-4d7a-9902-b720b630bd5a : CREATED

sbatch command written to /data/dev/corona/tmp/forceCache//coronaTask_f6a996ab-f869-4d7a-9902-b720b630bd5a/coronaTask_f6a996ab-f869-4d7a-9902-b720b630bd5a.sbatch
sbatch w/, /data/www_dev/corona/bin/slurm/bin//sbatch/data/dev/corona/tmp/forceCache//coronaTask_f6a996ab-f869-4d7a-9902-b720b630bd5a/coronaTask_f6a996ab-f869-4d7a-9902-b720b630bd5a.sbatch
this.sbatch : >/data/www_dev/corona/bin/slurm/bin//sbatch<
sbatchArgArray : >/data/dev/corona/tmp/forceCache//coronaTask_f6a996ab-f869-4d7a-9902-b720b630bd5a/coronaTask_f6a996ab-f869-4d7a-9902-b720b630bd5a.sbatch<
this.workdir : >/data/dev/corona/tmp/forceCache//coronaTask_f6a996ab-f869-4d7a-9902-b720b630bd5a<
###############################
###### Current jobs pool ######
###############################
# coronaTask_f6a996ab-f869-4d7a-9902-b720b630bd5a : SUBMITTED

Status Updating [job coronaTask_f6a996ab-f869-4d7a-9902-b720b630bd5a ] : from 'SUBMITTED' to 'START'
Status Updating [job coronaTask_f6a996ab-f869-4d7a-9902-b720b630bd5a ] : from 'START' to 'FINISHED'
Pulling coronaTask_f6a996ab-f869-4d7a-9902-b720b630bd5a
{
  resultsPath: '/data/dev/corona/tmp/forceCache/coronaTask_f6a996ab-f869-4d7a-9902-b720b630bd5a/results/'
}
jobCompletion
jobCompleted
io on connection
http://localhost:3709/dbSnapshot
http://localhost:1134/results/2LME
http://localhost:1134/pdb/2LME
http://localhost:3709/getallid
http://localhost:3709/sortByCategory
ERROR in configJobCorona : no requestPPM specified
###############################
###### Current jobs pool ######
###############################
# coronaTask_4f23aebd-3854-415f-953f-786fc8a2418b : CREATED

sbatch command written to /data/dev/corona/tmp/forceCache//coronaTask_4f23aebd-3854-415f-953f-786fc8a2418b/coronaTask_4f23aebd-3854-415f-953f-786fc8a2418b.sbatch
sbatch w/, /data/www_dev/corona/bin/slurm/bin//sbatch/data/dev/corona/tmp/forceCache//coronaTask_4f23aebd-3854-415f-953f-786fc8a2418b/coronaTask_4f23aebd-3854-415f-953f-786fc8a2418b.sbatch
this.sbatch : >/data/www_dev/corona/bin/slurm/bin//sbatch<
sbatchArgArray : >/data/dev/corona/tmp/forceCache//coronaTask_4f23aebd-3854-415f-953f-786fc8a2418b/coronaTask_4f23aebd-3854-415f-953f-786fc8a2418b.sbatch<
this.workdir : >/data/dev/corona/tmp/forceCache//coronaTask_4f23aebd-3854-415f-953f-786fc8a2418b<
###############################
###### Current jobs pool ######
###############################
# coronaTask_4f23aebd-3854-415f-953f-786fc8a2418b : SUBMITTED

Status Updating [job coronaTask_4f23aebd-3854-415f-953f-786fc8a2418b ] : from 'SUBMITTED' to 'START'
Status Updating [job coronaTask_4f23aebd-3854-415f-953f-786fc8a2418b ] : from 'START' to 'FINISHED'
Pulling coronaTask_4f23aebd-3854-415f-953f-786fc8a2418b
{
  resultsPath: '/data/dev/corona/tmp/forceCache/coronaTask_4f23aebd-3854-415f-953f-786fc8a2418b/results/'
}
jobCompletion
jobCompleted
io on connection
http://localhost:3709/dbSnapshot
http://localhost:1134/results/6P9X
http://localhost:1134/pdb/6P9X
http://localhost:3709/getallid
http://localhost:3709/sortByCategory
ERROR in configJobCorona : no requestPPM specified
###############################
###### Current jobs pool ######
###############################
# coronaTask_1157d789-865c-4b4d-b609-f40d62fd1aaa : CREATED

sbatch command written to /data/dev/corona/tmp/forceCache//coronaTask_1157d789-865c-4b4d-b609-f40d62fd1aaa/coronaTask_1157d789-865c-4b4d-b609-f40d62fd1aaa.sbatch
sbatch w/, /data/www_dev/corona/bin/slurm/bin//sbatch/data/dev/corona/tmp/forceCache//coronaTask_1157d789-865c-4b4d-b609-f40d62fd1aaa/coronaTask_1157d789-865c-4b4d-b609-f40d62fd1aaa.sbatch
this.sbatch : >/data/www_dev/corona/bin/slurm/bin//sbatch<
sbatchArgArray : >/data/dev/corona/tmp/forceCache//coronaTask_1157d789-865c-4b4d-b609-f40d62fd1aaa/coronaTask_1157d789-865c-4b4d-b609-f40d62fd1aaa.sbatch<
this.workdir : >/data/dev/corona/tmp/forceCache//coronaTask_1157d789-865c-4b4d-b609-f40d62fd1aaa<
###############################
###### Current jobs pool ######
###############################
# coronaTask_1157d789-865c-4b4d-b609-f40d62fd1aaa : SUBMITTED

Status Updating [job coronaTask_1157d789-865c-4b4d-b609-f40d62fd1aaa ] : from 'SUBMITTED' to 'START'
Status Updating [job coronaTask_1157d789-865c-4b4d-b609-f40d62fd1aaa ] : from 'START' to 'FINISHED'
Pulling coronaTask_1157d789-865c-4b4d-b609-f40d62fd1aaa
{
  resultsPath: '/data/dev/corona/tmp/forceCache/coronaTask_1157d789-865c-4b4d-b609-f40d62fd1aaa/results/'
}
jobCompletion
jobCompleted
io on connection
http://localhost:3709/dbSnapshot
http://localhost:1134/results/6P9X
http://localhost:1134/pdb/6P9X
http://localhost:3709/getallid
http://localhost:3709/sortByCategory
ERROR in configJobCorona : no requestPPM specified
###############################
###### Current jobs pool ######
###############################
# coronaTask_f0734fef-0943-497e-8f0c-8027c0c058a6 : CREATED

sbatch command written to /data/dev/corona/tmp/forceCache//coronaTask_f0734fef-0943-497e-8f0c-8027c0c058a6/coronaTask_f0734fef-0943-497e-8f0c-8027c0c058a6.sbatch
sbatch w/, /data/www_dev/corona/bin/slurm/bin//sbatch/data/dev/corona/tmp/forceCache//coronaTask_f0734fef-0943-497e-8f0c-8027c0c058a6/coronaTask_f0734fef-0943-497e-8f0c-8027c0c058a6.sbatch
this.sbatch : >/data/www_dev/corona/bin/slurm/bin//sbatch<
sbatchArgArray : >/data/dev/corona/tmp/forceCache//coronaTask_f0734fef-0943-497e-8f0c-8027c0c058a6/coronaTask_f0734fef-0943-497e-8f0c-8027c0c058a6.sbatch<
this.workdir : >/data/dev/corona/tmp/forceCache//coronaTask_f0734fef-0943-497e-8f0c-8027c0c058a6<
###############################
###### Current jobs pool ######
###############################
# coronaTask_f0734fef-0943-497e-8f0c-8027c0c058a6 : SUBMITTED

Status Updating [job coronaTask_f0734fef-0943-497e-8f0c-8027c0c058a6 ] : from 'SUBMITTED' to 'START'
Status Updating [job coronaTask_f0734fef-0943-497e-8f0c-8027c0c058a6 ] : from 'START' to 'FINISHED'
Pulling coronaTask_f0734fef-0943-497e-8f0c-8027c0c058a6
{
  resultsPath: '/data/dev/corona/tmp/forceCache/coronaTask_f0734fef-0943-497e-8f0c-8027c0c058a6/results/'
}
jobCompletion
jobCompleted
io on connection
http://localhost:3709/dbSnapshot
http://localhost:1134/results/6NFU
http://localhost:1134/pdb/6NFU
http://localhost:3709/getallid
http://localhost:3709/sortByCategory
ERROR in configJobCorona : no requestPPM specified
###############################
###### Current jobs pool ######
###############################
# coronaTask_d486fa15-9b14-4a42-ad58-3d389c56f70d : CREATED

sbatch command written to /data/dev/corona/tmp/forceCache//coronaTask_d486fa15-9b14-4a42-ad58-3d389c56f70d/coronaTask_d486fa15-9b14-4a42-ad58-3d389c56f70d.sbatch
sbatch w/, /data/www_dev/corona/bin/slurm/bin//sbatch/data/dev/corona/tmp/forceCache//coronaTask_d486fa15-9b14-4a42-ad58-3d389c56f70d/coronaTask_d486fa15-9b14-4a42-ad58-3d389c56f70d.sbatch
this.sbatch : >/data/www_dev/corona/bin/slurm/bin//sbatch<
sbatchArgArray : >/data/dev/corona/tmp/forceCache//coronaTask_d486fa15-9b14-4a42-ad58-3d389c56f70d/coronaTask_d486fa15-9b14-4a42-ad58-3d389c56f70d.sbatch<
this.workdir : >/data/dev/corona/tmp/forceCache//coronaTask_d486fa15-9b14-4a42-ad58-3d389c56f70d<
###############################
###### Current jobs pool ######
###############################
# coronaTask_d486fa15-9b14-4a42-ad58-3d389c56f70d : SUBMITTED

Status Updating [job coronaTask_d486fa15-9b14-4a42-ad58-3d389c56f70d ] : from 'SUBMITTED' to 'START'
Status Updating [job coronaTask_d486fa15-9b14-4a42-ad58-3d389c56f70d ] : from 'START' to 'FINISHED'
Pulling coronaTask_d486fa15-9b14-4a42-ad58-3d389c56f70d
{
  resultsPath: '/data/dev/corona/tmp/forceCache/coronaTask_d486fa15-9b14-4a42-ad58-3d389c56f70d/results/'
}
jobCompletion
jobCompleted
io on connection
http://localhost:3709/dbSnapshot
http://localhost:1134/results/3LNM
http://localhost:1134/pdb/3LNM
http://localhost:3709/sortByCategory
http://localhost:3709/getallid
ERROR in configJobCorona : no requestPPM specified
###############################
###### Current jobs pool ######
###############################
# coronaTask_8af3e7ef-1e69-439d-a4af-a63341dd3805 : CREATED

sbatch command written to /data/dev/corona/tmp/forceCache//coronaTask_8af3e7ef-1e69-439d-a4af-a63341dd3805/coronaTask_8af3e7ef-1e69-439d-a4af-a63341dd3805.sbatch
sbatch w/, /data/www_dev/corona/bin/slurm/bin//sbatch/data/dev/corona/tmp/forceCache//coronaTask_8af3e7ef-1e69-439d-a4af-a63341dd3805/coronaTask_8af3e7ef-1e69-439d-a4af-a63341dd3805.sbatch
this.sbatch : >/data/www_dev/corona/bin/slurm/bin//sbatch<
sbatchArgArray : >/data/dev/corona/tmp/forceCache//coronaTask_8af3e7ef-1e69-439d-a4af-a63341dd3805/coronaTask_8af3e7ef-1e69-439d-a4af-a63341dd3805.sbatch<
this.workdir : >/data/dev/corona/tmp/forceCache//coronaTask_8af3e7ef-1e69-439d-a4af-a63341dd3805<
###############################
###### Current jobs pool ######
###############################
# coronaTask_8af3e7ef-1e69-439d-a4af-a63341dd3805 : SUBMITTED

Status Updating [job coronaTask_8af3e7ef-1e69-439d-a4af-a63341dd3805 ] : from 'SUBMITTED' to 'START'
Status Updating [job coronaTask_8af3e7ef-1e69-439d-a4af-a63341dd3805 ] : from 'START' to 'FINISHED'
Pulling coronaTask_8af3e7ef-1e69-439d-a4af-a63341dd3805
{
  resultsPath: '/data/dev/corona/tmp/forceCache/coronaTask_8af3e7ef-1e69-439d-a4af-a63341dd3805/results/'
}
jobCompletion
jobCompleted
io on connection
http://localhost:3709/dbSnapshot
http://localhost:1134/results/6
http://localhost:1134/results/6OT0
http://localhost:1134/pdb/6OT0
http://localhost:3709/getallid
http://localhost:3709/sortByCategory
ERROR in configJobCorona : no requestPPM specified
###############################
###### Current jobs pool ######
###############################
# coronaTask_eaa782b4-d076-485a-b43a-0bb06f1651f1 : CREATED

sbatch command written to /data/dev/corona/tmp/forceCache//coronaTask_eaa782b4-d076-485a-b43a-0bb06f1651f1/coronaTask_eaa782b4-d076-485a-b43a-0bb06f1651f1.sbatch
sbatch w/, /data/www_dev/corona/bin/slurm/bin//sbatch/data/dev/corona/tmp/forceCache//coronaTask_eaa782b4-d076-485a-b43a-0bb06f1651f1/coronaTask_eaa782b4-d076-485a-b43a-0bb06f1651f1.sbatch
this.sbatch : >/data/www_dev/corona/bin/slurm/bin//sbatch<
sbatchArgArray : >/data/dev/corona/tmp/forceCache//coronaTask_eaa782b4-d076-485a-b43a-0bb06f1651f1/coronaTask_eaa782b4-d076-485a-b43a-0bb06f1651f1.sbatch<
this.workdir : >/data/dev/corona/tmp/forceCache//coronaTask_eaa782b4-d076-485a-b43a-0bb06f1651f1<
###############################
###### Current jobs pool ######
###############################
# coronaTask_eaa782b4-d076-485a-b43a-0bb06f1651f1 : SUBMITTED

Status Updating [job coronaTask_eaa782b4-d076-485a-b43a-0bb06f1651f1 ] : from 'SUBMITTED' to 'START'
Status Updating [job coronaTask_eaa782b4-d076-485a-b43a-0bb06f1651f1 ] : from 'START' to 'FINISHED'
Pulling coronaTask_eaa782b4-d076-485a-b43a-0bb06f1651f1
{
  resultsPath: '/data/dev/corona/tmp/forceCache/coronaTask_eaa782b4-d076-485a-b43a-0bb06f1651f1/results/'
}
jobCompletion
jobCompleted
io on connection
http://localhost:3709/dbSnapshot
http://localhost:1134/results/4MYC
http://localhost:1134/pdb/4MYC
http://localhost:3709/sortByCategory
http://localhost:3709/getallid
ERROR in configJobCorona : no requestPPM specified
###############################
###### Current jobs pool ######
###############################
# coronaTask_12bfb923-789e-4294-a630-6a9a55846806 : CREATED

sbatch command written to /data/dev/corona/tmp/forceCache//coronaTask_12bfb923-789e-4294-a630-6a9a55846806/coronaTask_12bfb923-789e-4294-a630-6a9a55846806.sbatch
sbatch w/, /data/www_dev/corona/bin/slurm/bin//sbatch/data/dev/corona/tmp/forceCache//coronaTask_12bfb923-789e-4294-a630-6a9a55846806/coronaTask_12bfb923-789e-4294-a630-6a9a55846806.sbatch
this.sbatch : >/data/www_dev/corona/bin/slurm/bin//sbatch<
sbatchArgArray : >/data/dev/corona/tmp/forceCache//coronaTask_12bfb923-789e-4294-a630-6a9a55846806/coronaTask_12bfb923-789e-4294-a630-6a9a55846806.sbatch<
this.workdir : >/data/dev/corona/tmp/forceCache//coronaTask_12bfb923-789e-4294-a630-6a9a55846806<
###############################
###### Current jobs pool ######
###############################
# coronaTask_12bfb923-789e-4294-a630-6a9a55846806 : SUBMITTED

Status Updating [job coronaTask_12bfb923-789e-4294-a630-6a9a55846806 ] : from 'SUBMITTED' to 'START'
Status Updating [job coronaTask_12bfb923-789e-4294-a630-6a9a55846806 ] : from 'START' to 'FINISHED'
Pulling coronaTask_12bfb923-789e-4294-a630-6a9a55846806
{
  resultsPath: '/data/dev/corona/tmp/forceCache/coronaTask_12bfb923-789e-4294-a630-6a9a55846806/results/'
}
jobCompletion
jobCompleted
io on connection
http://localhost:3709/dbSnapshot
http://localhost:1134/results/1
http://localhost:1134/results/6P9X
http://localhost:1134/pdb/6P9X
http://localhost:3709/getallid
http://localhost:3709/sortByCategory
io on connection
http://localhost:3709/dbSnapshot
http://localhost:1134/results/6P9X
http://localhost:1134/pdb/6P9X
http://localhost:3709/getallid
http://localhost:3709/sortByCategory
io on connection
http://localhost:3709/dbSnapshot
http://localhost:1134/results/6P9X
http://localhost:1134/pdb/6P9X
http://localhost:3709/getallid
http://localhost:3709/sortByCategory
io on connection
http://localhost:3709/dbSnapshot
io on connection
http://localhost:3709/dbSnapshot
http://localhost:1134/results/6P9X
http://localhost:1134/pdb/6P9X
http://localhost:3709/getallid
http://localhost:3709/sortByCategory
io on connection
http://localhost:3709/dbSnapshot
http://localhost:1134/results/3LMN
http://localhost:1134/results/3LNM
http://localhost:1134/pdb/3LNM
http://localhost:3709/getallid
http://localhost:3709/sortByCategory
io on connection
http://localhost:3709/dbSnapshot
http://localhost:1134/results/6P9X
http://localhost:1134/pdb/6P9X
http://localhost:3709/getallid
http://localhost:3709/sortByCategory
io on connection
http://localhost:3709/dbSnapshot
http://localhost:1134/results/6P9X
http://localhost:1134/pdb/6P9X
http://localhost:3709/getallid
http://localhost:3709/sortByCategory
io on connection
http://localhost:3709/dbSnapshot
io on connection
http://localhost:3709/dbSnapshot
http://localhost:1134/results/6
http://localhost:1134/results/6P9X
http://localhost:1134/pdb/6P9X
http://localhost:3709/getallid
http://localhost:3709/sortByCategory
ERROR in configJobCorona : no requestPPM specified
###############################
###### Current jobs pool ######
###############################
# coronaTask_4d04a4eb-a479-4699-a23a-268c91927d27 : CREATED

sbatch command written to /data/dev/corona/tmp/forceCache//coronaTask_4d04a4eb-a479-4699-a23a-268c91927d27/coronaTask_4d04a4eb-a479-4699-a23a-268c91927d27.sbatch
sbatch w/, /data/www_dev/corona/bin/slurm/bin//sbatch/data/dev/corona/tmp/forceCache//coronaTask_4d04a4eb-a479-4699-a23a-268c91927d27/coronaTask_4d04a4eb-a479-4699-a23a-268c91927d27.sbatch
this.sbatch : >/data/www_dev/corona/bin/slurm/bin//sbatch<
sbatchArgArray : >/data/dev/corona/tmp/forceCache//coronaTask_4d04a4eb-a479-4699-a23a-268c91927d27/coronaTask_4d04a4eb-a479-4699-a23a-268c91927d27.sbatch<
this.workdir : >/data/dev/corona/tmp/forceCache//coronaTask_4d04a4eb-a479-4699-a23a-268c91927d27<
###############################
###### Current jobs pool ######
###############################
# coronaTask_4d04a4eb-a479-4699-a23a-268c91927d27 : SUBMITTED

Status Updating [job coronaTask_4d04a4eb-a479-4699-a23a-268c91927d27 ] : from 'SUBMITTED' to 'START'
Status Updating [job coronaTask_4d04a4eb-a479-4699-a23a-268c91927d27 ] : from 'START' to 'FINISHED'
Pulling coronaTask_4d04a4eb-a479-4699-a23a-268c91927d27
{
  resultsPath: '/data/dev/corona/tmp/forceCache/coronaTask_4d04a4eb-a479-4699-a23a-268c91927d27/results/'
}
jobCompletion
jobCompleted
io on connection
http://localhost:3709/dbSnapshot
http://localhost:1134/results/6P9X
http://localhost:1134/pdb/6P9X
http://localhost:3709/getallid
http://localhost:3709/sortByCategory
io on connection
http://localhost:3709/dbSnapshot
http://localhost:1134/results/6P9X
http://localhost:1134/pdb/6P9X
http://localhost:3709/getallid
http://localhost:3709/sortByCategory
io on connection
http://localhost:3709/dbSnapshot
http://localhost:1134/results/3LNM
http://localhost:1134/pdb/3LNM
http://localhost:3709/getallid
http://localhost:3709/sortByCategory
io on connection
http://localhost:3709/dbSnapshot
http://localhost:1134/results/6P9X
http://localhost:1134/pdb/6P9X
http://localhost:3709/getallid
http://localhost:3709/sortByCategory
io on connection
http://localhost:3709/dbSnapshot
http://localhost:1134/results/6P9X
http://localhost:1134/pdb/6P9X
http://localhost:3709/getallid
http://localhost:3709/sortByCategory
io on connection
http://localhost:3709/dbSnapshot
http://localhost:1134/results/6P9X
http://localhost:1134/pdb/6P9X
http://localhost:3709/getallid
http://localhost:3709/sortByCategory
io on connection
http://localhost:3709/dbSnapshot
http://localhost:1134/results/6P9X
http://localhost:1134/pdb/6P9X
http://localhost:3709/getallid
http://localhost:3709/sortByCategory
io on connection
http://localhost:3709/dbSnapshot
http://localhost:1134/results/1AF6
http://localhost:1134/pdb/1AF6
http://localhost:3709/getallid
http://localhost:3709/sortByCategory
io on connection
http://localhost:3709/dbSnapshot
http://localhost:1134/results/6
http://localhost:1134/results/6P
http://localhost:1134/results/6P9
http://localhost:1134/pdb/6P9X
http://localhost:3709/getallid
http://localhost:3709/sortByCategory
io on connection
http://localhost:3709/dbSnapshot
http://localhost:1134/results/6P9X
http://localhost:1134/pdb/6P9X
http://localhost:3709/getallid
http://localhost:3709/sortByCategory
io on connection
http://localhost:3709/dbSnapshot
io on connection
http://localhost:3709/dbSnapshot
http://localhost:1134/results/6P9X
http://localhost:1134/pdb/6P9X
http://localhost:3709/getallid
http://localhost:3709/sortByCategory
io on connection
http://localhost:3709/dbSnapshot
http://localhost:1134/results/6P9X
http://localhost:1134/pdb/6P9X
http://localhost:3709/getallid
http://localhost:3709/sortByCategory
io on connection
http://localhost:3709/dbSnapshot
io on connection
http://localhost:3709/dbSnapshot
io on connection
http://localhost:3709/dbSnapshot
http://localhost:1134/results/4MYC
http://localhost:1134/pdb/4MYC
http://localhost:1134/pdb/4MYC
http://localhost:1134/pdb/4MYC
http://localhost:1134/pdb/4MYC
http://localhost:1134/pdb/4MYC
http://localhost:1134/pdb/4MYC
http://localhost:1134/pdb/4MYC
http://localhost:1134/pdb/4MYC
http://localhost:1134/pdb/4MYC
http://localhost:1134/pdb/4MYC
http://localhost:1134/pdb/4MYC
http://localhost:1134/pdb/4MYC
http://localhost:1134/pdb/4MYC
http://localhost:1134/pdb/4MYC
http://localhost:1134/pdb/4MYC
http://localhost:1134/pdb/4MYC
http://localhost:1134/pdb/4MYC
io on connection
io on connection
io on connection
io on connection
io on connection
io on connection
io on connection
http://localhost:1134/pdb/4MYC
io on connection
io on connection
io on connection
io on connection
io on connection
io on connection
io on connection
io on connection
io on connection
io on connection
io on connection
io on connection
io on connection
io on connection
io on connection
io on connection
io on connection
io on connection
io on connection
io on connection
io on connection
io on connection
io on connection
io on connection
io on connection
io on connection
io on connection
io on connection
io on connection
io on connection
io on connection
io on connection
io on connection
http://localhost:3709/dbSnapshot
io on connection
http://localhost:3709/getallid
http://localhost:3709/sortByCategory
ERROR in configJobCorona : no requestPPM specified
###############################
###### Current jobs pool ######
###############################
# coronaTask_1afd51e9-f932-4321-96a0-bd510645367b : CREATED

sbatch command written to /data/dev/corona/tmp/forceCache//coronaTask_1afd51e9-f932-4321-96a0-bd510645367b/coronaTask_1afd51e9-f932-4321-96a0-bd510645367b.sbatch
sbatch w/, /data/www_dev/corona/bin/slurm/bin//sbatch/data/dev/corona/tmp/forceCache//coronaTask_1afd51e9-f932-4321-96a0-bd510645367b/coronaTask_1afd51e9-f932-4321-96a0-bd510645367b.sbatch
this.sbatch : >/data/www_dev/corona/bin/slurm/bin//sbatch<
sbatchArgArray : >/data/dev/corona/tmp/forceCache//coronaTask_1afd51e9-f932-4321-96a0-bd510645367b/coronaTask_1afd51e9-f932-4321-96a0-bd510645367b.sbatch<
this.workdir : >/data/dev/corona/tmp/forceCache//coronaTask_1afd51e9-f932-4321-96a0-bd510645367b<
###############################
###### Current jobs pool ######
###############################
# coronaTask_1afd51e9-f932-4321-96a0-bd510645367b : SUBMITTED

Status Updating [job coronaTask_1afd51e9-f932-4321-96a0-bd510645367b ] : from 'SUBMITTED' to 'START'
Status Updating [job coronaTask_1afd51e9-f932-4321-96a0-bd510645367b ] : from 'START' to 'FINISHED'
Pulling coronaTask_1afd51e9-f932-4321-96a0-bd510645367b
{
  resultsPath: '/data/dev/corona/tmp/forceCache/coronaTask_1afd51e9-f932-4321-96a0-bd510645367b/results/'
}
jobCompletion
jobCompleted
io on connection
io on connection
io on connection
io on connection
http://localhost:3709/dbSnapshot
http://localhost:3709/getallid
http://localhost:3709/sortByCategory
io on connection
io on connection
io on connection
io on connection
io on connection
io on connection
io on connection
io on connection
io on connection
io on connection
io on connection
io on connection
io on connection
io on connection
io on connection
io on connection
io on connection
io on connection
io on connection
io on connection
io on connection
io on connection
io on connection
io on connection
io on connection
io on connection
io on connection
io on connection
io on connection
io on connection
io on connection
io on connection
io on connection
io on connection
io on connection
io on connection
io on connection
io on connection
io on connection
io on connection
io on connection
io on connection
io on connection
io on connection
io on connection
io on connection
io on connection
io on connection
io on connection
io on connection
io on connection
io on connection
io on connection
io on connection
io on connection
io on connection
io on connection
io on connection
io on connection
io on connection
io on connection
io on connection
io on connection
io on connection
io on connection
io on connection
io on connection
io on connection
io on connection
io on connection
io on connection
io on connection
io on connection
io on connection
io on connection
io on connection
io on connection
io on connection
io on connection
io on connection
io on connection
io on connection
io on connection
io on connection
io on connection
io on connection
io on connection
io on connection
io on connection
io on connection
io on connection
io on connection
io on connection
io on connection
io on connection
io on connection
io on connection
io on connection
io on connection
io on connection
io on connection
io on connection
io on connection
io on connection
io on connection
io on connection
io on connection
io on connection
io on connection
io on connection
io on connection
io on connection
io on connection
io on connection
io on connection
io on connection
io on connection
io on connection
io on connection
io on connection
io on connection
io on connection
io on connection
io on connection
io on connection
io on connection
io on connection
io on connection
io on connection
io on connection
io on connection
io on connection
io on connection
io on connection
io on connection
io on connection
io on connection
io on connection
io on connection
io on connection
io on connection
io on connection
io on connection
io on connection
io on connection
io on connection
io on connection
io on connection
io on connection
io on connection
io on connection
io on connection
io on connection
io on connection
io on connection
io on connection
io on connection
io on connection
io on connection
io on connection
io on connection
io on connection
io on connection
io on connection
io on connection
io on connection
io on connection
io on connection
io on connection
io on connection
io on connection
io on connection
io on connection
io on connection
io on connection
io on connection
io on connection
io on connection
io on connection
io on connection
io on connection
io on connection
io on connection
io on connection
io on connection
io on connection
io on connection
io on connection
io on connection
io on connection
io on connection
io on connection
io on connection
io on connection
io on connection
io on connection
io on connection
io on connection
io on connection
io on connection
io on connection
io on connection
io on connection
io on connection
io on connection
io on connection
io on connection
io on connection
io on connection
io on connection
io on connection
io on connection
io on connection
io on connection
io on connection
io on connection
io on connection
io on connection
io on connection
io on connection
io on connection
io on connection
io on connection
io on connection
io on connection
io on connection
io on connection
io on connection
io on connection
io on connection
io on connection
io on connection
io on connection
io on connection
io on connection
io on connection
io on connection
io on connection
io on connection
io on connection
io on connection
io on connection
io on connection
io on connection
io on connection
io on connection
io on connection
io on connection
io on connection
io on connection
io on connection
io on connection
io on connection
io on connection
io on connection
io on connection
io on connection
io on connection
io on connection
io on connection
io on connection
io on connection
io on connection
io on connection
io on connection
io on connection
io on connection
io on connection
io on connection
io on connection
io on connection
io on connection
io on connection
io on connection
io on connection
io on connection
io on connection
io on connection
io on connection
io on connection
io on connection
io on connection
io on connection
io on connection
io on connection
io on connection
io on connection
io on connection
io on connection
io on connection
io on connection
io on connection
io on connection
io on connection
io on connection
io on connection
io on connection
io on connection
io on connection
io on connection
io on connection
io on connection
io on connection
io on connection
io on connection
io on connection
io on connection
io on connection
io on connection
io on connection
io on connection
io on connection
io on connection
io on connection
io on connection
io on connection
io on connection
io on connection
io on connection
io on connection
io on connection
io on connection
io on connection
io on connection
io on connection
io on connection
io on connection
io on connection
io on connection
io on connection
io on connection
io on connection
io on connection
io on connection
io on connection
io on connection
io on connection
io on connection
io on connection
io on connection
io on connection
io on connection
io on connection
io on connection
io on connection
io on connection
io on connection
io on connection
io on connection
io on connection
io on connection
io on connection
io on connection
io on connection
io on connection
io on connection
io on connection
io on connection
io on connection
io on connection
io on connection
io on connection
io on connection
io on connection
io on connection
io on connection
io on connection
io on connection
io on connection
io on connection
io on connection
io on connection
io on connection
io on connection
io on connection
io on connection
io on connection
io on connection
io on connection
io on connection
io on connection
io on connection
io on connection
io on connection
io on connection
io on connection
io on connection
io on connection
io on connection
io on connection
io on connection
io on connection
io on connection
io on connection
io on connection
io on connection
io on connection
io on connection
io on connection
io on connection
io on connection
io on connection
io on connection
io on connection
io on connection
io on connection
io on connection
io on connection
io on connection
io on connection
io on connection
io on connection
io on connection
io on connection
io on connection
io on connection
io on connection
io on connection
io on connection
io on connection
io on connection
io on connection
io on connection
io on connection
io on connection
io on connection
io on connection
io on connection
io on connection
io on connection
io on connection
io on connection
io on connection
io on connection
io on connection
io on connection
io on connection
io on connection
io on connection
io on connection
io on connection
io on connection
io on connection
io on connection
io on connection
io on connection
io on connection
io on connection
io on connection
io on connection
io on connection
io on connection
io on connection
io on connection
io on connection
io on connection
io on connection
io on connection
io on connection
io on connection
io on connection
io on connection
io on connection
io on connection
io on connection
io on connection
io on connection
io on connection
io on connection
io on connection
io on connection
io on connection
io on connection
io on connection
io on connection
io on connection
io on connection
io on connection
io on connection
io on connection
io on connection
io on connection
io on connection
io on connection
io on connection
io on connection
io on connection
io on connection
io on connection
io on connection
io on connection
io on connection
io on connection
io on connection
io on connection
io on connection
io on connection
io on connection
io on connection
io on connection
io on connection
io on connection
io on connection
io on connection
io on connection
io on connection
io on connection
io on connection
io on connection
io on connection
io on connection
io on connection
io on connection
io on connection
io on connection
io on connection
io on connection
io on connection
io on connection
io on connection
io on connection
io on connection
io on connection
io on connection
io on connection
io on connection
io on connection
io on connection
io on connection
io on connection
io on connection
io on connection
io on connection
io on connection
io on connection
io on connection
io on connection
io on connection
io on connection
io on connection
io on connection
io on connection
io on connection
io on connection
io on connection
io on connection
io on connection
io on connection
io on connection
io on connection
io on connection
io on connection
io on connection
io on connection
io on connection
io on connection
io on connection
io on connection
io on connection
io on connection
io on connection
io on connection
io on connection
io on connection
io on connection
io on connection
io on connection
io on connection
io on connection
io on connection
io on connection
io on connection
io on connection
io on connection
io on connection
io on connection
io on connection
io on connection
io on connection
io on connection
io on connection
io on connection
io on connection
io on connection
io on connection
io on connection
io on connection
io on connection
io on connection
io on connection
io on connection
io on connection
io on connection
io on connection
io on connection
io on connection
io on connection
io on connection
io on connection
io on connection
io on connection
http://localhost:3709/dbSnapshot
io on connection
http://localhost:1134/results/2H
http://localhost:1134/pdb/2HDI
http://localhost:3709/getallid
http://localhost:3709/sortByCategory
ERROR in configJobCorona : no requestPPM specified
###############################
###### Current jobs pool ######
###############################
# coronaTask_8d706e2d-4425-4dc7-88a7-8ef0f04d0c9b : CREATED

sbatch command written to /data/dev/corona/tmp/forceCache//coronaTask_8d706e2d-4425-4dc7-88a7-8ef0f04d0c9b/coronaTask_8d706e2d-4425-4dc7-88a7-8ef0f04d0c9b.sbatch
sbatch w/, /data/www_dev/corona/bin/slurm/bin//sbatch/data/dev/corona/tmp/forceCache//coronaTask_8d706e2d-4425-4dc7-88a7-8ef0f04d0c9b/coronaTask_8d706e2d-4425-4dc7-88a7-8ef0f04d0c9b.sbatch
this.sbatch : >/data/www_dev/corona/bin/slurm/bin//sbatch<
sbatchArgArray : >/data/dev/corona/tmp/forceCache//coronaTask_8d706e2d-4425-4dc7-88a7-8ef0f04d0c9b/coronaTask_8d706e2d-4425-4dc7-88a7-8ef0f04d0c9b.sbatch<
this.workdir : >/data/dev/corona/tmp/forceCache//coronaTask_8d706e2d-4425-4dc7-88a7-8ef0f04d0c9b<
###############################
###### Current jobs pool ######
###############################
# coronaTask_8d706e2d-4425-4dc7-88a7-8ef0f04d0c9b : SUBMITTED

Status Updating [job coronaTask_8d706e2d-4425-4dc7-88a7-8ef0f04d0c9b ] : from 'SUBMITTED' to 'START'
Status Updating [job coronaTask_8d706e2d-4425-4dc7-88a7-8ef0f04d0c9b ] : from 'START' to 'FINISHED'
Pulling coronaTask_8d706e2d-4425-4dc7-88a7-8ef0f04d0c9b
{
  resultsPath: '/data/dev/corona/tmp/forceCache/coronaTask_8d706e2d-4425-4dc7-88a7-8ef0f04d0c9b/results/'
}
jobCompletion
jobCompleted
io on connection
io on connection
io on connection
io on connection
io on connection
io on connection
io on connection
io on connection
io on connection
io on connection
io on connection
io on connection
io on connection
io on connection
io on connection
io on connection
io on connection
io on connection
ERROR with _squeue() method in nslurm : 
Error: Command failed: /data/www_dev/corona/bin/slurm/bin//squeue  -o "%i %P %j %t" 
slurm_load_jobs error: Unable to contact slurm controller (connect failure)

    at ChildProcess.exithandler (child_process.js:308:12)
    at ChildProcess.emit (events.js:315:20)
    at maybeClose (internal/child_process.js:1048:16)
    at Socket.<anonymous> (internal/child_process.js:439:11)
    at Socket.emit (events.js:315:20)
    at Pipe.<anonymous> (net.js:673:12) {
  killed: false,
  code: 1,
  signal: null,
  cmd: '/data/www_dev/corona/bin/slurm/bin//squeue  -o "%i %P %j %t" '
}
ERROR with _squeue() method in nslurm : 
Error: Command failed: /data/www_dev/corona/bin/slurm/bin//squeue  -o "%i %P %j %t" 
slurm_load_jobs error: Unable to contact slurm controller (connect failure)

    at ChildProcess.exithandler (child_process.js:308:12)
    at ChildProcess.emit (events.js:315:20)
    at maybeClose (internal/child_process.js:1048:16)
    at Process.ChildProcess._handle.onexit (internal/child_process.js:288:5) {
  killed: false,
  code: 1,
  signal: null,
  cmd: '/data/www_dev/corona/bin/slurm/bin//squeue  -o "%i %P %j %t" '
}
ERROR with _squeue() method in nslurm : 
Error: Command failed: /data/www_dev/corona/bin/slurm/bin//squeue  -o "%i %P %j %t" 
slurm_load_jobs error: Unable to contact slurm controller (connect failure)

    at ChildProcess.exithandler (child_process.js:308:12)
    at ChildProcess.emit (events.js:315:20)
    at maybeClose (internal/child_process.js:1048:16)
    at Process.ChildProcess._handle.onexit (internal/child_process.js:288:5) {
  killed: false,
  code: 1,
  signal: null,
  cmd: '/data/www_dev/corona/bin/slurm/bin//squeue  -o "%i %P %j %t" '
}
ERROR with _squeue() method in nslurm : 
Error: Command failed: /data/www_dev/corona/bin/slurm/bin//squeue  -o "%i %P %j %t" 
slurm_load_jobs error: Unable to contact slurm controller (connect failure)

    at ChildProcess.exithandler (child_process.js:308:12)
    at ChildProcess.emit (events.js:315:20)
    at maybeClose (internal/child_process.js:1048:16)
    at Socket.<anonymous> (internal/child_process.js:439:11)
    at Socket.emit (events.js:315:20)
    at Pipe.<anonymous> (net.js:673:12) {
  killed: false,
  code: 1,
  signal: null,
  cmd: '/data/www_dev/corona/bin/slurm/bin//squeue  -o "%i %P %j %t" '
}
ERROR with _squeue() method in nslurm : 
Error: Command failed: /data/www_dev/corona/bin/slurm/bin//squeue  -o "%i %P %j %t" 
slurm_load_jobs error: Unable to contact slurm controller (connect failure)

    at ChildProcess.exithandler (child_process.js:308:12)
    at ChildProcess.emit (events.js:315:20)
    at maybeClose (internal/child_process.js:1048:16)
    at Socket.<anonymous> (internal/child_process.js:439:11)
    at Socket.emit (events.js:315:20)
    at Pipe.<anonymous> (net.js:673:12) {
  killed: false,
  code: 1,
  signal: null,
  cmd: '/data/www_dev/corona/bin/slurm/bin//squeue  -o "%i %P %j %t" '
}
ERROR with _squeue() method in nslurm : 
Error: Command failed: /data/www_dev/corona/bin/slurm/bin//squeue  -o "%i %P %j %t" 
slurm_load_jobs error: Unable to contact slurm controller (connect failure)

    at ChildProcess.exithandler (child_process.js:308:12)
    at ChildProcess.emit (events.js:315:20)
    at maybeClose (internal/child_process.js:1048:16)
    at Process.ChildProcess._handle.onexit (internal/child_process.js:288:5) {
  killed: false,
  code: 1,
  signal: null,
  cmd: '/data/www_dev/corona/bin/slurm/bin//squeue  -o "%i %P %j %t" '
}
ERROR with _squeue() method in nslurm : 
Error: Command failed: /data/www_dev/corona/bin/slurm/bin//squeue  -o "%i %P %j %t" 
slurm_load_jobs error: Unable to contact slurm controller (connect failure)

    at ChildProcess.exithandler (child_process.js:308:12)
    at ChildProcess.emit (events.js:315:20)
    at maybeClose (internal/child_process.js:1048:16)
    at Process.ChildProcess._handle.onexit (internal/child_process.js:288:5) {
  killed: false,
  code: 1,
  signal: null,
  cmd: '/data/www_dev/corona/bin/slurm/bin//squeue  -o "%i %P %j %t" '
}
ERROR with _squeue() method in nslurm : 
Error: Command failed: /data/www_dev/corona/bin/slurm/bin//squeue  -o "%i %P %j %t" 
slurm_load_jobs error: Unable to contact slurm controller (connect failure)

    at ChildProcess.exithandler (child_process.js:308:12)
    at ChildProcess.emit (events.js:315:20)
    at maybeClose (internal/child_process.js:1048:16)
    at Process.ChildProcess._handle.onexit (internal/child_process.js:288:5) {
  killed: false,
  code: 1,
  signal: null,
  cmd: '/data/www_dev/corona/bin/slurm/bin//squeue  -o "%i %P %j %t" '
}
ERROR with _squeue() method in nslurm : 
Error: Command failed: /data/www_dev/corona/bin/slurm/bin//squeue  -o "%i %P %j %t" 
slurm_load_jobs error: Unable to contact slurm controller (connect failure)

    at ChildProcess.exithandler (child_process.js:308:12)
    at ChildProcess.emit (events.js:315:20)
    at maybeClose (internal/child_process.js:1048:16)
    at Process.ChildProcess._handle.onexit (internal/child_process.js:288:5) {
  killed: false,
  code: 1,
  signal: null,
  cmd: '/data/www_dev/corona/bin/slurm/bin//squeue  -o "%i %P %j %t" '
}
ERROR with _squeue() method in nslurm : 
Error: Command failed: /data/www_dev/corona/bin/slurm/bin//squeue  -o "%i %P %j %t" 
slurm_load_jobs error: Unable to contact slurm controller (connect failure)

    at ChildProcess.exithandler (child_process.js:308:12)
    at ChildProcess.emit (events.js:315:20)
    at maybeClose (internal/child_process.js:1048:16)
    at Socket.<anonymous> (internal/child_process.js:439:11)
    at Socket.emit (events.js:315:20)
    at Pipe.<anonymous> (net.js:673:12) {
  killed: false,
  code: 1,
  signal: null,
  cmd: '/data/www_dev/corona/bin/slurm/bin//squeue  -o "%i %P %j %t" '
}
ERROR with _squeue() method in nslurm : 
Error: Command failed: /data/www_dev/corona/bin/slurm/bin//squeue  -o "%i %P %j %t" 
slurm_load_jobs error: Unable to contact slurm controller (connect failure)

    at ChildProcess.exithandler (child_process.js:308:12)
    at ChildProcess.emit (events.js:315:20)
    at maybeClose (internal/child_process.js:1048:16)
    at Socket.<anonymous> (internal/child_process.js:439:11)
    at Socket.emit (events.js:315:20)
    at Pipe.<anonymous> (net.js:673:12) {
  killed: false,
  code: 1,
  signal: null,
  cmd: '/data/www_dev/corona/bin/slurm/bin//squeue  -o "%i %P %j %t" '
}
ERROR with _squeue() method in nslurm : 
Error: Command failed: /data/www_dev/corona/bin/slurm/bin//squeue  -o "%i %P %j %t" 
slurm_load_jobs error: Unable to contact slurm controller (connect failure)

    at ChildProcess.exithandler (child_process.js:308:12)
    at ChildProcess.emit (events.js:315:20)
    at maybeClose (internal/child_process.js:1048:16)
    at Process.ChildProcess._handle.onexit (internal/child_process.js:288:5) {
  killed: false,
  code: 1,
  signal: null,
  cmd: '/data/www_dev/corona/bin/slurm/bin//squeue  -o "%i %P %j %t" '
}
ERROR with _squeue() method in nslurm : 
Error: Command failed: /data/www_dev/corona/bin/slurm/bin//squeue  -o "%i %P %j %t" 
slurm_load_jobs error: Unable to contact slurm controller (connect failure)

    at ChildProcess.exithandler (child_process.js:308:12)
    at ChildProcess.emit (events.js:315:20)
    at maybeClose (internal/child_process.js:1048:16)
    at Socket.<anonymous> (internal/child_process.js:439:11)
    at Socket.emit (events.js:315:20)
    at Pipe.<anonymous> (net.js:673:12) {
  killed: false,
  code: 1,
  signal: null,
  cmd: '/data/www_dev/corona/bin/slurm/bin//squeue  -o "%i %P %j %t" '
}
ERROR with _squeue() method in nslurm : 
Error: Command failed: /data/www_dev/corona/bin/slurm/bin//squeue  -o "%i %P %j %t" 
slurm_load_jobs error: Unable to contact slurm controller (connect failure)

    at ChildProcess.exithandler (child_process.js:308:12)
    at ChildProcess.emit (events.js:315:20)
    at maybeClose (internal/child_process.js:1048:16)
    at Process.ChildProcess._handle.onexit (internal/child_process.js:288:5) {
  killed: false,
  code: 1,
  signal: null,
  cmd: '/data/www_dev/corona/bin/slurm/bin//squeue  -o "%i %P %j %t" '
}
ERROR with _squeue() method in nslurm : 
Error: Command failed: /data/www_dev/corona/bin/slurm/bin//squeue  -o "%i %P %j %t" 
slurm_load_jobs error: Unable to contact slurm controller (connect failure)

    at ChildProcess.exithandler (child_process.js:308:12)
    at ChildProcess.emit (events.js:315:20)
    at maybeClose (internal/child_process.js:1048:16)
    at Socket.<anonymous> (internal/child_process.js:439:11)
    at Socket.emit (events.js:315:20)
    at Pipe.<anonymous> (net.js:673:12) {
  killed: false,
  code: 1,
  signal: null,
  cmd: '/data/www_dev/corona/bin/slurm/bin//squeue  -o "%i %P %j %t" '
}
ERROR with _squeue() method in nslurm : 
Error: Command failed: /data/www_dev/corona/bin/slurm/bin//squeue  -o "%i %P %j %t" 
slurm_load_jobs error: Unable to contact slurm controller (connect failure)

    at ChildProcess.exithandler (child_process.js:308:12)
    at ChildProcess.emit (events.js:315:20)
    at maybeClose (internal/child_process.js:1048:16)
    at Socket.<anonymous> (internal/child_process.js:439:11)
    at Socket.emit (events.js:315:20)
    at Pipe.<anonymous> (net.js:673:12) {
  killed: false,
  code: 1,
  signal: null,
  cmd: '/data/www_dev/corona/bin/slurm/bin//squeue  -o "%i %P %j %t" '
}
ERROR with _squeue() method in nslurm : 
Error: Command failed: /data/www_dev/corona/bin/slurm/bin//squeue  -o "%i %P %j %t" 
slurm_load_jobs error: Unable to contact slurm controller (connect failure)

    at ChildProcess.exithandler (child_process.js:308:12)
    at ChildProcess.emit (events.js:315:20)
    at maybeClose (internal/child_process.js:1048:16)
    at Process.ChildProcess._handle.onexit (internal/child_process.js:288:5) {
  killed: false,
  code: 1,
  signal: null,
  cmd: '/data/www_dev/corona/bin/slurm/bin//squeue  -o "%i %P %j %t" '
}
ERROR with _squeue() method in nslurm : 
Error: Command failed: /data/www_dev/corona/bin/slurm/bin//squeue  -o "%i %P %j %t" 
slurm_load_jobs error: Unable to contact slurm controller (connect failure)

    at ChildProcess.exithandler (child_process.js:308:12)
    at ChildProcess.emit (events.js:315:20)
    at maybeClose (internal/child_process.js:1048:16)
    at Process.ChildProcess._handle.onexit (internal/child_process.js:288:5) {
  killed: false,
  code: 1,
  signal: null,
  cmd: '/data/www_dev/corona/bin/slurm/bin//squeue  -o "%i %P %j %t" '
}
ERROR with _squeue() method in nslurm : 
Error: Command failed: /data/www_dev/corona/bin/slurm/bin//squeue  -o "%i %P %j %t" 
slurm_load_jobs error: Unable to contact slurm controller (connect failure)

    at ChildProcess.exithandler (child_process.js:308:12)
    at ChildProcess.emit (events.js:315:20)
    at maybeClose (internal/child_process.js:1048:16)
    at Socket.<anonymous> (internal/child_process.js:439:11)
    at Socket.emit (events.js:315:20)
    at Pipe.<anonymous> (net.js:673:12) {
  killed: false,
  code: 1,
  signal: null,
  cmd: '/data/www_dev/corona/bin/slurm/bin//squeue  -o "%i %P %j %t" '
}
ERROR with _squeue() method in nslurm : 
Error: Command failed: /data/www_dev/corona/bin/slurm/bin//squeue  -o "%i %P %j %t" 
slurm_load_jobs error: Unable to contact slurm controller (connect failure)

    at ChildProcess.exithandler (child_process.js:308:12)
    at ChildProcess.emit (events.js:315:20)
    at maybeClose (internal/child_process.js:1048:16)
    at Process.ChildProcess._handle.onexit (internal/child_process.js:288:5) {
  killed: false,
  code: 1,
  signal: null,
  cmd: '/data/www_dev/corona/bin/slurm/bin//squeue  -o "%i %P %j %t" '
}
ERROR with _squeue() method in nslurm : 
Error: Command failed: /data/www_dev/corona/bin/slurm/bin//squeue  -o "%i %P %j %t" 
slurm_load_jobs error: Unable to contact slurm controller (connect failure)

    at ChildProcess.exithandler (child_process.js:308:12)
    at ChildProcess.emit (events.js:315:20)
    at maybeClose (internal/child_process.js:1048:16)
    at Socket.<anonymous> (internal/child_process.js:439:11)
    at Socket.emit (events.js:315:20)
    at Pipe.<anonymous> (net.js:673:12) {
  killed: false,
  code: 1,
  signal: null,
  cmd: '/data/www_dev/corona/bin/slurm/bin//squeue  -o "%i %P %j %t" '
}
ERROR with _squeue() method in nslurm : 
Error: Command failed: /data/www_dev/corona/bin/slurm/bin//squeue  -o "%i %P %j %t" 
slurm_load_jobs error: Unable to contact slurm controller (connect failure)

    at ChildProcess.exithandler (child_process.js:308:12)
    at ChildProcess.emit (events.js:315:20)
    at maybeClose (internal/child_process.js:1048:16)
    at Socket.<anonymous> (internal/child_process.js:439:11)
    at Socket.emit (events.js:315:20)
    at Pipe.<anonymous> (net.js:673:12) {
  killed: false,
  code: 1,
  signal: null,
  cmd: '/data/www_dev/corona/bin/slurm/bin//squeue  -o "%i %P %j %t" '
}
ERROR with _squeue() method in nslurm : 
Error: Command failed: /data/www_dev/corona/bin/slurm/bin//squeue  -o "%i %P %j %t" 
slurm_load_jobs error: Unable to contact slurm controller (connect failure)

    at ChildProcess.exithandler (child_process.js:308:12)
    at ChildProcess.emit (events.js:315:20)
    at maybeClose (internal/child_process.js:1048:16)
    at Process.ChildProcess._handle.onexit (internal/child_process.js:288:5) {
  killed: false,
  code: 1,
  signal: null,
  cmd: '/data/www_dev/corona/bin/slurm/bin//squeue  -o "%i %P %j %t" '
}
ERROR with _squeue() method in nslurm : 
Error: Command failed: /data/www_dev/corona/bin/slurm/bin//squeue  -o "%i %P %j %t" 
slurm_load_jobs error: Unable to contact slurm controller (connect failure)

    at ChildProcess.exithandler (child_process.js:308:12)
    at ChildProcess.emit (events.js:315:20)
    at maybeClose (internal/child_process.js:1048:16)
    at Process.ChildProcess._handle.onexit (internal/child_process.js:288:5) {
  killed: false,
  code: 1,
  signal: null,
  cmd: '/data/www_dev/corona/bin/slurm/bin//squeue  -o "%i %P %j %t" '
}
ERROR with _squeue() method in nslurm : 
Error: Command failed: /data/www_dev/corona/bin/slurm/bin//squeue  -o "%i %P %j %t" 
slurm_load_jobs error: Unable to contact slurm controller (connect failure)

    at ChildProcess.exithandler (child_process.js:308:12)
    at ChildProcess.emit (events.js:315:20)
    at maybeClose (internal/child_process.js:1048:16)
    at Process.ChildProcess._handle.onexit (internal/child_process.js:288:5) {
  killed: false,
  code: 1,
  signal: null,
  cmd: '/data/www_dev/corona/bin/slurm/bin//squeue  -o "%i %P %j %t" '
}
ERROR with _squeue() method in nslurm : 
Error: Command failed: /data/www_dev/corona/bin/slurm/bin//squeue  -o "%i %P %j %t" 
slurm_load_jobs error: Unable to contact slurm controller (connect failure)

    at ChildProcess.exithandler (child_process.js:308:12)
    at ChildProcess.emit (events.js:315:20)
    at maybeClose (internal/child_process.js:1048:16)
    at Process.ChildProcess._handle.onexit (internal/child_process.js:288:5) {
  killed: false,
  code: 1,
  signal: null,
  cmd: '/data/www_dev/corona/bin/slurm/bin//squeue  -o "%i %P %j %t" '
}
ERROR with _squeue() method in nslurm : 
Error: Command failed: /data/www_dev/corona/bin/slurm/bin//squeue  -o "%i %P %j %t" 
slurm_load_jobs error: Unable to contact slurm controller (connect failure)

    at ChildProcess.exithandler (child_process.js:308:12)
    at ChildProcess.emit (events.js:315:20)
    at maybeClose (internal/child_process.js:1048:16)
    at Socket.<anonymous> (internal/child_process.js:439:11)
    at Socket.emit (events.js:315:20)
    at Pipe.<anonymous> (net.js:673:12) {
  killed: false,
  code: 1,
  signal: null,
  cmd: '/data/www_dev/corona/bin/slurm/bin//squeue  -o "%i %P %j %t" '
}
ERROR with _squeue() method in nslurm : 
Error: Command failed: /data/www_dev/corona/bin/slurm/bin//squeue  -o "%i %P %j %t" 
slurm_load_jobs error: Unable to contact slurm controller (connect failure)

    at ChildProcess.exithandler (child_process.js:308:12)
    at ChildProcess.emit (events.js:315:20)
    at maybeClose (internal/child_process.js:1048:16)
    at Process.ChildProcess._handle.onexit (internal/child_process.js:288:5) {
  killed: false,
  code: 1,
  signal: null,
  cmd: '/data/www_dev/corona/bin/slurm/bin//squeue  -o "%i %P %j %t" '
}
ERROR with _squeue() method in nslurm : 
Error: Command failed: /data/www_dev/corona/bin/slurm/bin//squeue  -o "%i %P %j %t" 
slurm_load_jobs error: Unable to contact slurm controller (connect failure)

    at ChildProcess.exithandler (child_process.js:308:12)
    at ChildProcess.emit (events.js:315:20)
    at maybeClose (internal/child_process.js:1048:16)
    at Process.ChildProcess._handle.onexit (internal/child_process.js:288:5) {
  killed: false,
  code: 1,
  signal: null,
  cmd: '/data/www_dev/corona/bin/slurm/bin//squeue  -o "%i %P %j %t" '
}
ERROR with _squeue() method in nslurm : 
Error: Command failed: /data/www_dev/corona/bin/slurm/bin//squeue  -o "%i %P %j %t" 
slurm_load_jobs error: Unable to contact slurm controller (connect failure)

    at ChildProcess.exithandler (child_process.js:308:12)
    at ChildProcess.emit (events.js:315:20)
    at maybeClose (internal/child_process.js:1048:16)
    at Process.ChildProcess._handle.onexit (internal/child_process.js:288:5) {
  killed: false,
  code: 1,
  signal: null,
  cmd: '/data/www_dev/corona/bin/slurm/bin//squeue  -o "%i %P %j %t" '
}
ERROR with _squeue() method in nslurm : 
Error: Command failed: /data/www_dev/corona/bin/slurm/bin//squeue  -o "%i %P %j %t" 
slurm_load_jobs error: Unable to contact slurm controller (connect failure)

    at ChildProcess.exithandler (child_process.js:308:12)
    at ChildProcess.emit (events.js:315:20)
    at maybeClose (internal/child_process.js:1048:16)
    at Process.ChildProcess._handle.onexit (internal/child_process.js:288:5) {
  killed: false,
  code: 1,
  signal: null,
  cmd: '/data/www_dev/corona/bin/slurm/bin//squeue  -o "%i %P %j %t" '
}
ERROR with _squeue() method in nslurm : 
Error: Command failed: /data/www_dev/corona/bin/slurm/bin//squeue  -o "%i %P %j %t" 
slurm_load_jobs error: Unable to contact slurm controller (connect failure)

    at ChildProcess.exithandler (child_process.js:308:12)
    at ChildProcess.emit (events.js:315:20)
    at maybeClose (internal/child_process.js:1048:16)
    at Socket.<anonymous> (internal/child_process.js:439:11)
    at Socket.emit (events.js:315:20)
    at Pipe.<anonymous> (net.js:673:12) {
  killed: false,
  code: 1,
  signal: null,
  cmd: '/data/www_dev/corona/bin/slurm/bin//squeue  -o "%i %P %j %t" '
}
ERROR with _squeue() method in nslurm : 
Error: Command failed: /data/www_dev/corona/bin/slurm/bin//squeue  -o "%i %P %j %t" 
slurm_load_jobs error: Unable to contact slurm controller (connect failure)

    at ChildProcess.exithandler (child_process.js:308:12)
    at ChildProcess.emit (events.js:315:20)
    at maybeClose (internal/child_process.js:1048:16)
    at Process.ChildProcess._handle.onexit (internal/child_process.js:288:5) {
  killed: false,
  code: 1,
  signal: null,
  cmd: '/data/www_dev/corona/bin/slurm/bin//squeue  -o "%i %P %j %t" '
}
ERROR with _squeue() method in nslurm : 
Error: Command failed: /data/www_dev/corona/bin/slurm/bin//squeue  -o "%i %P %j %t" 
slurm_load_jobs error: Unable to contact slurm controller (connect failure)

    at ChildProcess.exithandler (child_process.js:308:12)
    at ChildProcess.emit (events.js:315:20)
    at maybeClose (internal/child_process.js:1048:16)
    at Process.ChildProcess._handle.onexit (internal/child_process.js:288:5) {
  killed: false,
  code: 1,
  signal: null,
  cmd: '/data/www_dev/corona/bin/slurm/bin//squeue  -o "%i %P %j %t" '
}
ERROR with _squeue() method in nslurm : 
Error: Command failed: /data/www_dev/corona/bin/slurm/bin//squeue  -o "%i %P %j %t" 
slurm_load_jobs error: Unable to contact slurm controller (connect failure)

    at ChildProcess.exithandler (child_process.js:308:12)
    at ChildProcess.emit (events.js:315:20)
    at maybeClose (internal/child_process.js:1048:16)
    at Process.ChildProcess._handle.onexit (internal/child_process.js:288:5) {
  killed: false,
  code: 1,
  signal: null,
  cmd: '/data/www_dev/corona/bin/slurm/bin//squeue  -o "%i %P %j %t" '
}
ERROR with _squeue() method in nslurm : 
Error: Command failed: /data/www_dev/corona/bin/slurm/bin//squeue  -o "%i %P %j %t" 
slurm_load_jobs error: Unable to contact slurm controller (connect failure)

    at ChildProcess.exithandler (child_process.js:308:12)
    at ChildProcess.emit (events.js:315:20)
    at maybeClose (internal/child_process.js:1048:16)
    at Process.ChildProcess._handle.onexit (internal/child_process.js:288:5) {
  killed: false,
  code: 1,
  signal: null,
  cmd: '/data/www_dev/corona/bin/slurm/bin//squeue  -o "%i %P %j %t" '
}
ERROR with _squeue() method in nslurm : 
Error: Command failed: /data/www_dev/corona/bin/slurm/bin//squeue  -o "%i %P %j %t" 
slurm_load_jobs error: Unable to contact slurm controller (connect failure)

    at ChildProcess.exithandler (child_process.js:308:12)
    at ChildProcess.emit (events.js:315:20)
    at maybeClose (internal/child_process.js:1048:16)
    at Process.ChildProcess._handle.onexit (internal/child_process.js:288:5) {
  killed: false,
  code: 1,
  signal: null,
  cmd: '/data/www_dev/corona/bin/slurm/bin//squeue  -o "%i %P %j %t" '
}
ERROR with _squeue() method in nslurm : 
Error: Command failed: /data/www_dev/corona/bin/slurm/bin//squeue  -o "%i %P %j %t" 
slurm_load_jobs error: Unable to contact slurm controller (connect failure)

    at ChildProcess.exithandler (child_process.js:308:12)
    at ChildProcess.emit (events.js:315:20)
    at maybeClose (internal/child_process.js:1048:16)
    at Socket.<anonymous> (internal/child_process.js:439:11)
    at Socket.emit (events.js:315:20)
    at Pipe.<anonymous> (net.js:673:12) {
  killed: false,
  code: 1,
  signal: null,
  cmd: '/data/www_dev/corona/bin/slurm/bin//squeue  -o "%i %P %j %t" '
}
ERROR with _squeue() method in nslurm : 
Error: Command failed: /data/www_dev/corona/bin/slurm/bin//squeue  -o "%i %P %j %t" 
slurm_load_jobs error: Unable to contact slurm controller (connect failure)

    at ChildProcess.exithandler (child_process.js:308:12)
    at ChildProcess.emit (events.js:315:20)
    at maybeClose (internal/child_process.js:1048:16)
    at Process.ChildProcess._handle.onexit (internal/child_process.js:288:5) {
  killed: false,
  code: 1,
  signal: null,
  cmd: '/data/www_dev/corona/bin/slurm/bin//squeue  -o "%i %P %j %t" '
}
ERROR with _squeue() method in nslurm : 
Error: Command failed: /data/www_dev/corona/bin/slurm/bin//squeue  -o "%i %P %j %t" 
slurm_load_jobs error: Unable to contact slurm controller (connect failure)

    at ChildProcess.exithandler (child_process.js:308:12)
    at ChildProcess.emit (events.js:315:20)
    at maybeClose (internal/child_process.js:1048:16)
    at Process.ChildProcess._handle.onexit (internal/child_process.js:288:5) {
  killed: false,
  code: 1,
  signal: null,
  cmd: '/data/www_dev/corona/bin/slurm/bin//squeue  -o "%i %P %j %t" '
}
ERROR with _squeue() method in nslurm : 
Error: Command failed: /data/www_dev/corona/bin/slurm/bin//squeue  -o "%i %P %j %t" 
slurm_load_jobs error: Unable to contact slurm controller (connect failure)

    at ChildProcess.exithandler (child_process.js:308:12)
    at ChildProcess.emit (events.js:315:20)
    at maybeClose (internal/child_process.js:1048:16)
    at Socket.<anonymous> (internal/child_process.js:439:11)
    at Socket.emit (events.js:315:20)
    at Pipe.<anonymous> (net.js:673:12) {
  killed: false,
  code: 1,
  signal: null,
  cmd: '/data/www_dev/corona/bin/slurm/bin//squeue  -o "%i %P %j %t" '
}
ERROR with _squeue() method in nslurm : 
Error: Command failed: /data/www_dev/corona/bin/slurm/bin//squeue  -o "%i %P %j %t" 
slurm_load_jobs error: Unable to contact slurm controller (connect failure)

    at ChildProcess.exithandler (child_process.js:308:12)
    at ChildProcess.emit (events.js:315:20)
    at maybeClose (internal/child_process.js:1048:16)
    at Socket.<anonymous> (internal/child_process.js:439:11)
    at Socket.emit (events.js:315:20)
    at Pipe.<anonymous> (net.js:673:12) {
  killed: false,
  code: 1,
  signal: null,
  cmd: '/data/www_dev/corona/bin/slurm/bin//squeue  -o "%i %P %j %t" '
}
ERROR with _squeue() method in nslurm : 
Error: Command failed: /data/www_dev/corona/bin/slurm/bin//squeue  -o "%i %P %j %t" 
slurm_load_jobs error: Unable to contact slurm controller (connect failure)

    at ChildProcess.exithandler (child_process.js:308:12)
    at ChildProcess.emit (events.js:315:20)
    at maybeClose (internal/child_process.js:1048:16)
    at Process.ChildProcess._handle.onexit (internal/child_process.js:288:5) {
  killed: false,
  code: 1,
  signal: null,
  cmd: '/data/www_dev/corona/bin/slurm/bin//squeue  -o "%i %P %j %t" '
}
ERROR with _squeue() method in nslurm : 
Error: Command failed: /data/www_dev/corona/bin/slurm/bin//squeue  -o "%i %P %j %t" 
slurm_load_jobs error: Unable to contact slurm controller (connect failure)

    at ChildProcess.exithandler (child_process.js:308:12)
    at ChildProcess.emit (events.js:315:20)
    at maybeClose (internal/child_process.js:1048:16)
    at Process.ChildProcess._handle.onexit (internal/child_process.js:288:5) {
  killed: false,
  code: 1,
  signal: null,
  cmd: '/data/www_dev/corona/bin/slurm/bin//squeue  -o "%i %P %j %t" '
}
ERROR with _squeue() method in nslurm : 
Error: Command failed: /data/www_dev/corona/bin/slurm/bin//squeue  -o "%i %P %j %t" 
slurm_load_jobs error: Unable to contact slurm controller (connect failure)

    at ChildProcess.exithandler (child_process.js:308:12)
    at ChildProcess.emit (events.js:315:20)
    at maybeClose (internal/child_process.js:1048:16)
    at Socket.<anonymous> (internal/child_process.js:439:11)
    at Socket.emit (events.js:315:20)
    at Pipe.<anonymous> (net.js:673:12) {
  killed: false,
  code: 1,
  signal: null,
  cmd: '/data/www_dev/corona/bin/slurm/bin//squeue  -o "%i %P %j %t" '
}
ERROR with _squeue() method in nslurm : 
Error: Command failed: /data/www_dev/corona/bin/slurm/bin//squeue  -o "%i %P %j %t" 
slurm_load_jobs error: Unable to contact slurm controller (connect failure)

    at ChildProcess.exithandler (child_process.js:308:12)
    at ChildProcess.emit (events.js:315:20)
    at maybeClose (internal/child_process.js:1048:16)
    at Socket.<anonymous> (internal/child_process.js:439:11)
    at Socket.emit (events.js:315:20)
    at Pipe.<anonymous> (net.js:673:12) {
  killed: false,
  code: 1,
  signal: null,
  cmd: '/data/www_dev/corona/bin/slurm/bin//squeue  -o "%i %P %j %t" '
}
ERROR with _squeue() method in nslurm : 
Error: Command failed: /data/www_dev/corona/bin/slurm/bin//squeue  -o "%i %P %j %t" 
slurm_load_jobs error: Unable to contact slurm controller (connect failure)

    at ChildProcess.exithandler (child_process.js:308:12)
    at ChildProcess.emit (events.js:315:20)
    at maybeClose (internal/child_process.js:1048:16)
    at Socket.<anonymous> (internal/child_process.js:439:11)
    at Socket.emit (events.js:315:20)
    at Pipe.<anonymous> (net.js:673:12) {
  killed: false,
  code: 1,
  signal: null,
  cmd: '/data/www_dev/corona/bin/slurm/bin//squeue  -o "%i %P %j %t" '
}
ERROR with _squeue() method in nslurm : 
Error: Command failed: /data/www_dev/corona/bin/slurm/bin//squeue  -o "%i %P %j %t" 
slurm_load_jobs error: Unable to contact slurm controller (connect failure)

    at ChildProcess.exithandler (child_process.js:308:12)
    at ChildProcess.emit (events.js:315:20)
    at maybeClose (internal/child_process.js:1048:16)
    at Process.ChildProcess._handle.onexit (internal/child_process.js:288:5) {
  killed: false,
  code: 1,
  signal: null,
  cmd: '/data/www_dev/corona/bin/slurm/bin//squeue  -o "%i %P %j %t" '
}
ERROR with _squeue() method in nslurm : 
Error: Command failed: /data/www_dev/corona/bin/slurm/bin//squeue  -o "%i %P %j %t" 
slurm_load_jobs error: Unable to contact slurm controller (connect failure)

    at ChildProcess.exithandler (child_process.js:308:12)
    at ChildProcess.emit (events.js:315:20)
    at maybeClose (internal/child_process.js:1048:16)
    at Process.ChildProcess._handle.onexit (internal/child_process.js:288:5) {
  killed: false,
  code: 1,
  signal: null,
  cmd: '/data/www_dev/corona/bin/slurm/bin//squeue  -o "%i %P %j %t" '
}
ERROR with _squeue() method in nslurm : 
Error: Command failed: /data/www_dev/corona/bin/slurm/bin//squeue  -o "%i %P %j %t" 
slurm_load_jobs error: Unable to contact slurm controller (connect failure)

    at ChildProcess.exithandler (child_process.js:308:12)
    at ChildProcess.emit (events.js:315:20)
    at maybeClose (internal/child_process.js:1048:16)
    at Socket.<anonymous> (internal/child_process.js:439:11)
    at Socket.emit (events.js:315:20)
    at Pipe.<anonymous> (net.js:673:12) {
  killed: false,
  code: 1,
  signal: null,
  cmd: '/data/www_dev/corona/bin/slurm/bin//squeue  -o "%i %P %j %t" '
}
ERROR with _squeue() method in nslurm : 
Error: Command failed: /data/www_dev/corona/bin/slurm/bin//squeue  -o "%i %P %j %t" 
slurm_load_jobs error: Unable to contact slurm controller (connect failure)

    at ChildProcess.exithandler (child_process.js:308:12)
    at ChildProcess.emit (events.js:315:20)
    at maybeClose (internal/child_process.js:1048:16)
    at Process.ChildProcess._handle.onexit (internal/child_process.js:288:5) {
  killed: false,
  code: 1,
  signal: null,
  cmd: '/data/www_dev/corona/bin/slurm/bin//squeue  -o "%i %P %j %t" '
}
ERROR with _squeue() method in nslurm : 
Error: Command failed: /data/www_dev/corona/bin/slurm/bin//squeue  -o "%i %P %j %t" 
slurm_load_jobs error: Unable to contact slurm controller (connect failure)

    at ChildProcess.exithandler (child_process.js:308:12)
    at ChildProcess.emit (events.js:315:20)
    at maybeClose (internal/child_process.js:1048:16)
    at Socket.<anonymous> (internal/child_process.js:439:11)
    at Socket.emit (events.js:315:20)
    at Pipe.<anonymous> (net.js:673:12) {
  killed: false,
  code: 1,
  signal: null,
  cmd: '/data/www_dev/corona/bin/slurm/bin//squeue  -o "%i %P %j %t" '
}
ERROR with _squeue() method in nslurm : 
Error: Command failed: /data/www_dev/corona/bin/slurm/bin//squeue  -o "%i %P %j %t" 
slurm_load_jobs error: Unable to contact slurm controller (connect failure)

    at ChildProcess.exithandler (child_process.js:308:12)
    at ChildProcess.emit (events.js:315:20)
    at maybeClose (internal/child_process.js:1048:16)
    at Socket.<anonymous> (internal/child_process.js:439:11)
    at Socket.emit (events.js:315:20)
    at Pipe.<anonymous> (net.js:673:12) {
  killed: false,
  code: 1,
  signal: null,
  cmd: '/data/www_dev/corona/bin/slurm/bin//squeue  -o "%i %P %j %t" '
}
ERROR with _squeue() method in nslurm : 
Error: Command failed: /data/www_dev/corona/bin/slurm/bin//squeue  -o "%i %P %j %t" 
slurm_load_jobs error: Unable to contact slurm controller (connect failure)

    at ChildProcess.exithandler (child_process.js:308:12)
    at ChildProcess.emit (events.js:315:20)
    at maybeClose (internal/child_process.js:1048:16)
    at Socket.<anonymous> (internal/child_process.js:439:11)
    at Socket.emit (events.js:315:20)
    at Pipe.<anonymous> (net.js:673:12) {
  killed: false,
  code: 1,
  signal: null,
  cmd: '/data/www_dev/corona/bin/slurm/bin//squeue  -o "%i %P %j %t" '
}
ERROR with _squeue() method in nslurm : 
Error: Command failed: /data/www_dev/corona/bin/slurm/bin//squeue  -o "%i %P %j %t" 
slurm_load_jobs error: Unable to contact slurm controller (connect failure)

    at ChildProcess.exithandler (child_process.js:308:12)
    at ChildProcess.emit (events.js:315:20)
    at maybeClose (internal/child_process.js:1048:16)
    at Process.ChildProcess._handle.onexit (internal/child_process.js:288:5) {
  killed: false,
  code: 1,
  signal: null,
  cmd: '/data/www_dev/corona/bin/slurm/bin//squeue  -o "%i %P %j %t" '
}
ERROR with _squeue() method in nslurm : 
Error: Command failed: /data/www_dev/corona/bin/slurm/bin//squeue  -o "%i %P %j %t" 
slurm_load_jobs error: Unable to contact slurm controller (connect failure)

    at ChildProcess.exithandler (child_process.js:308:12)
    at ChildProcess.emit (events.js:315:20)
    at maybeClose (internal/child_process.js:1048:16)
    at Process.ChildProcess._handle.onexit (internal/child_process.js:288:5) {
  killed: false,
  code: 1,
  signal: null,
  cmd: '/data/www_dev/corona/bin/slurm/bin//squeue  -o "%i %P %j %t" '
}
ERROR with _squeue() method in nslurm : 
Error: Command failed: /data/www_dev/corona/bin/slurm/bin//squeue  -o "%i %P %j %t" 
slurm_load_jobs error: Unable to contact slurm controller (connect failure)

    at ChildProcess.exithandler (child_process.js:308:12)
    at ChildProcess.emit (events.js:315:20)
    at maybeClose (internal/child_process.js:1048:16)
    at Process.ChildProcess._handle.onexit (internal/child_process.js:288:5) {
  killed: false,
  code: 1,
  signal: null,
  cmd: '/data/www_dev/corona/bin/slurm/bin//squeue  -o "%i %P %j %t" '
}
ERROR with _squeue() method in nslurm : 
Error: Command failed: /data/www_dev/corona/bin/slurm/bin//squeue  -o "%i %P %j %t" 
slurm_load_jobs error: Unable to contact slurm controller (connect failure)

    at ChildProcess.exithandler (child_process.js:308:12)
    at ChildProcess.emit (events.js:315:20)
    at maybeClose (internal/child_process.js:1048:16)
    at Socket.<anonymous> (internal/child_process.js:439:11)
    at Socket.emit (events.js:315:20)
    at Pipe.<anonymous> (net.js:673:12) {
  killed: false,
  code: 1,
  signal: null,
  cmd: '/data/www_dev/corona/bin/slurm/bin//squeue  -o "%i %P %j %t" '
}
ERROR with _squeue() method in nslurm : 
Error: Command failed: /data/www_dev/corona/bin/slurm/bin//squeue  -o "%i %P %j %t" 
slurm_load_jobs error: Unable to contact slurm controller (connect failure)

    at ChildProcess.exithandler (child_process.js:308:12)
    at ChildProcess.emit (events.js:315:20)
    at maybeClose (internal/child_process.js:1048:16)
    at Process.ChildProcess._handle.onexit (internal/child_process.js:288:5) {
  killed: false,
  code: 1,
  signal: null,
  cmd: '/data/www_dev/corona/bin/slurm/bin//squeue  -o "%i %P %j %t" '
}
ERROR with _squeue() method in nslurm : 
Error: Command failed: /data/www_dev/corona/bin/slurm/bin//squeue  -o "%i %P %j %t" 
slurm_load_jobs error: Unable to contact slurm controller (connect failure)

    at ChildProcess.exithandler (child_process.js:308:12)
    at ChildProcess.emit (events.js:315:20)
    at maybeClose (internal/child_process.js:1048:16)
    at Socket.<anonymous> (internal/child_process.js:439:11)
    at Socket.emit (events.js:315:20)
    at Pipe.<anonymous> (net.js:673:12) {
  killed: false,
  code: 1,
  signal: null,
  cmd: '/data/www_dev/corona/bin/slurm/bin//squeue  -o "%i %P %j %t" '
}
ERROR with _squeue() method in nslurm : 
Error: Command failed: /data/www_dev/corona/bin/slurm/bin//squeue  -o "%i %P %j %t" 
slurm_load_jobs error: Unable to contact slurm controller (connect failure)

    at ChildProcess.exithandler (child_process.js:308:12)
    at ChildProcess.emit (events.js:315:20)
    at maybeClose (internal/child_process.js:1048:16)
    at Process.ChildProcess._handle.onexit (internal/child_process.js:288:5) {
  killed: false,
  code: 1,
  signal: null,
  cmd: '/data/www_dev/corona/bin/slurm/bin//squeue  -o "%i %P %j %t" '
}
ERROR with _squeue() method in nslurm : 
Error: Command failed: /data/www_dev/corona/bin/slurm/bin//squeue  -o "%i %P %j %t" 
slurm_load_jobs error: Unable to contact slurm controller (connect failure)

    at ChildProcess.exithandler (child_process.js:308:12)
    at ChildProcess.emit (events.js:315:20)
    at maybeClose (internal/child_process.js:1048:16)
    at Process.ChildProcess._handle.onexit (internal/child_process.js:288:5) {
  killed: false,
  code: 1,
  signal: null,
  cmd: '/data/www_dev/corona/bin/slurm/bin//squeue  -o "%i %P %j %t" '
}
ERROR with _squeue() method in nslurm : 
Error: Command failed: /data/www_dev/corona/bin/slurm/bin//squeue  -o "%i %P %j %t" 
slurm_load_jobs error: Unable to contact slurm controller (connect failure)

    at ChildProcess.exithandler (child_process.js:308:12)
    at ChildProcess.emit (events.js:315:20)
    at maybeClose (internal/child_process.js:1048:16)
    at Process.ChildProcess._handle.onexit (internal/child_process.js:288:5) {
  killed: false,
  code: 1,
  signal: null,
  cmd: '/data/www_dev/corona/bin/slurm/bin//squeue  -o "%i %P %j %t" '
}
ERROR with _squeue() method in nslurm : 
Error: Command failed: /data/www_dev/corona/bin/slurm/bin//squeue  -o "%i %P %j %t" 
slurm_load_jobs error: Unable to contact slurm controller (connect failure)

    at ChildProcess.exithandler (child_process.js:308:12)
    at ChildProcess.emit (events.js:315:20)
    at maybeClose (internal/child_process.js:1048:16)
    at Socket.<anonymous> (internal/child_process.js:439:11)
    at Socket.emit (events.js:315:20)
    at Pipe.<anonymous> (net.js:673:12) {
  killed: false,
  code: 1,
  signal: null,
  cmd: '/data/www_dev/corona/bin/slurm/bin//squeue  -o "%i %P %j %t" '
}
ERROR with _squeue() method in nslurm : 
Error: Command failed: /data/www_dev/corona/bin/slurm/bin//squeue  -o "%i %P %j %t" 
slurm_load_jobs error: Unable to contact slurm controller (connect failure)

    at ChildProcess.exithandler (child_process.js:308:12)
    at ChildProcess.emit (events.js:315:20)
    at maybeClose (internal/child_process.js:1048:16)
    at Process.ChildProcess._handle.onexit (internal/child_process.js:288:5) {
  killed: false,
  code: 1,
  signal: null,
  cmd: '/data/www_dev/corona/bin/slurm/bin//squeue  -o "%i %P %j %t" '
}
ERROR with _squeue() method in nslurm : 
Error: Command failed: /data/www_dev/corona/bin/slurm/bin//squeue  -o "%i %P %j %t" 
slurm_load_jobs error: Unable to contact slurm controller (connect failure)

    at ChildProcess.exithandler (child_process.js:308:12)
    at ChildProcess.emit (events.js:315:20)
    at maybeClose (internal/child_process.js:1048:16)
    at Socket.<anonymous> (internal/child_process.js:439:11)
    at Socket.emit (events.js:315:20)
    at Pipe.<anonymous> (net.js:673:12) {
  killed: false,
  code: 1,
  signal: null,
  cmd: '/data/www_dev/corona/bin/slurm/bin//squeue  -o "%i %P %j %t" '
}
ERROR with _squeue() method in nslurm : 
Error: Command failed: /data/www_dev/corona/bin/slurm/bin//squeue  -o "%i %P %j %t" 
slurm_load_jobs error: Unable to contact slurm controller (connect failure)

    at ChildProcess.exithandler (child_process.js:308:12)
    at ChildProcess.emit (events.js:315:20)
    at maybeClose (internal/child_process.js:1048:16)
    at Process.ChildProcess._handle.onexit (internal/child_process.js:288:5) {
  killed: false,
  code: 1,
  signal: null,
  cmd: '/data/www_dev/corona/bin/slurm/bin//squeue  -o "%i %P %j %t" '
}
ERROR with _squeue() method in nslurm : 
Error: Command failed: /data/www_dev/corona/bin/slurm/bin//squeue  -o "%i %P %j %t" 
slurm_load_jobs error: Unable to contact slurm controller (connect failure)

    at ChildProcess.exithandler (child_process.js:308:12)
    at ChildProcess.emit (events.js:315:20)
    at maybeClose (internal/child_process.js:1048:16)
    at Process.ChildProcess._handle.onexit (internal/child_process.js:288:5) {
  killed: false,
  code: 1,
  signal: null,
  cmd: '/data/www_dev/corona/bin/slurm/bin//squeue  -o "%i %P %j %t" '
}
ERROR with _squeue() method in nslurm : 
Error: Command failed: /data/www_dev/corona/bin/slurm/bin//squeue  -o "%i %P %j %t" 
slurm_load_jobs error: Unable to contact slurm controller (connect failure)

    at ChildProcess.exithandler (child_process.js:308:12)
    at ChildProcess.emit (events.js:315:20)
    at maybeClose (internal/child_process.js:1048:16)
    at Process.ChildProcess._handle.onexit (internal/child_process.js:288:5) {
  killed: false,
  code: 1,
  signal: null,
  cmd: '/data/www_dev/corona/bin/slurm/bin//squeue  -o "%i %P %j %t" '
}
ERROR with _squeue() method in nslurm : 
Error: Command failed: /data/www_dev/corona/bin/slurm/bin//squeue  -o "%i %P %j %t" 
slurm_load_jobs error: Unable to contact slurm controller (connect failure)

    at ChildProcess.exithandler (child_process.js:308:12)
    at ChildProcess.emit (events.js:315:20)
    at maybeClose (internal/child_process.js:1048:16)
    at Process.ChildProcess._handle.onexit (internal/child_process.js:288:5) {
  killed: false,
  code: 1,
  signal: null,
  cmd: '/data/www_dev/corona/bin/slurm/bin//squeue  -o "%i %P %j %t" '
}
ERROR with _squeue() method in nslurm : 
Error: Command failed: /data/www_dev/corona/bin/slurm/bin//squeue  -o "%i %P %j %t" 
slurm_load_jobs error: Unable to contact slurm controller (connect failure)

    at ChildProcess.exithandler (child_process.js:308:12)
    at ChildProcess.emit (events.js:315:20)
    at maybeClose (internal/child_process.js:1048:16)
    at Process.ChildProcess._handle.onexit (internal/child_process.js:288:5) {
  killed: false,
  code: 1,
  signal: null,
  cmd: '/data/www_dev/corona/bin/slurm/bin//squeue  -o "%i %P %j %t" '
}
ERROR with _squeue() method in nslurm : 
Error: Command failed: /data/www_dev/corona/bin/slurm/bin//squeue  -o "%i %P %j %t" 
slurm_load_jobs error: Unable to contact slurm controller (connect failure)

    at ChildProcess.exithandler (child_process.js:308:12)
    at ChildProcess.emit (events.js:315:20)
    at maybeClose (internal/child_process.js:1048:16)
    at Process.ChildProcess._handle.onexit (internal/child_process.js:288:5) {
  killed: false,
  code: 1,
  signal: null,
  cmd: '/data/www_dev/corona/bin/slurm/bin//squeue  -o "%i %P %j %t" '
}
ERROR with _squeue() method in nslurm : 
Error: Command failed: /data/www_dev/corona/bin/slurm/bin//squeue  -o "%i %P %j %t" 
slurm_load_jobs error: Unable to contact slurm controller (connect failure)

    at ChildProcess.exithandler (child_process.js:308:12)
    at ChildProcess.emit (events.js:315:20)
    at maybeClose (internal/child_process.js:1048:16)
    at Socket.<anonymous> (internal/child_process.js:439:11)
    at Socket.emit (events.js:315:20)
    at Pipe.<anonymous> (net.js:673:12) {
  killed: false,
  code: 1,
  signal: null,
  cmd: '/data/www_dev/corona/bin/slurm/bin//squeue  -o "%i %P %j %t" '
}
ERROR with _squeue() method in nslurm : 
Error: Command failed: /data/www_dev/corona/bin/slurm/bin//squeue  -o "%i %P %j %t" 
slurm_load_jobs error: Unable to contact slurm controller (connect failure)

    at ChildProcess.exithandler (child_process.js:308:12)
    at ChildProcess.emit (events.js:315:20)
    at maybeClose (internal/child_process.js:1048:16)
    at Process.ChildProcess._handle.onexit (internal/child_process.js:288:5) {
  killed: false,
  code: 1,
  signal: null,
  cmd: '/data/www_dev/corona/bin/slurm/bin//squeue  -o "%i %P %j %t" '
}
ERROR with _squeue() method in nslurm : 
Error: Command failed: /data/www_dev/corona/bin/slurm/bin//squeue  -o "%i %P %j %t" 
slurm_load_jobs error: Unable to contact slurm controller (connect failure)

    at ChildProcess.exithandler (child_process.js:308:12)
    at ChildProcess.emit (events.js:315:20)
    at maybeClose (internal/child_process.js:1048:16)
    at Process.ChildProcess._handle.onexit (internal/child_process.js:288:5) {
  killed: false,
  code: 1,
  signal: null,
  cmd: '/data/www_dev/corona/bin/slurm/bin//squeue  -o "%i %P %j %t" '
}
ERROR with _squeue() method in nslurm : 
Error: Command failed: /data/www_dev/corona/bin/slurm/bin//squeue  -o "%i %P %j %t" 
slurm_load_jobs error: Unable to contact slurm controller (connect failure)

    at ChildProcess.exithandler (child_process.js:308:12)
    at ChildProcess.emit (events.js:315:20)
    at maybeClose (internal/child_process.js:1048:16)
    at Process.ChildProcess._handle.onexit (internal/child_process.js:288:5) {
  killed: false,
  code: 1,
  signal: null,
  cmd: '/data/www_dev/corona/bin/slurm/bin//squeue  -o "%i %P %j %t" '
}
ERROR with _squeue() method in nslurm : 
Error: Command failed: /data/www_dev/corona/bin/slurm/bin//squeue  -o "%i %P %j %t" 
slurm_load_jobs error: Unable to contact slurm controller (connect failure)

    at ChildProcess.exithandler (child_process.js:308:12)
    at ChildProcess.emit (events.js:315:20)
    at maybeClose (internal/child_process.js:1048:16)
    at Socket.<anonymous> (internal/child_process.js:439:11)
    at Socket.emit (events.js:315:20)
    at Pipe.<anonymous> (net.js:673:12) {
  killed: false,
  code: 1,
  signal: null,
  cmd: '/data/www_dev/corona/bin/slurm/bin//squeue  -o "%i %P %j %t" '
}
ERROR with _squeue() method in nslurm : 
Error: Command failed: /data/www_dev/corona/bin/slurm/bin//squeue  -o "%i %P %j %t" 
slurm_load_jobs error: Unable to contact slurm controller (connect failure)

    at ChildProcess.exithandler (child_process.js:308:12)
    at ChildProcess.emit (events.js:315:20)
    at maybeClose (internal/child_process.js:1048:16)
    at Process.ChildProcess._handle.onexit (internal/child_process.js:288:5) {
  killed: false,
  code: 1,
  signal: null,
  cmd: '/data/www_dev/corona/bin/slurm/bin//squeue  -o "%i %P %j %t" '
}
ERROR with _squeue() method in nslurm : 
Error: Command failed: /data/www_dev/corona/bin/slurm/bin//squeue  -o "%i %P %j %t" 
slurm_load_jobs error: Unable to contact slurm controller (connect failure)

    at ChildProcess.exithandler (child_process.js:308:12)
    at ChildProcess.emit (events.js:315:20)
    at maybeClose (internal/child_process.js:1048:16)
    at Socket.<anonymous> (internal/child_process.js:439:11)
    at Socket.emit (events.js:315:20)
    at Pipe.<anonymous> (net.js:673:12) {
  killed: false,
  code: 1,
  signal: null,
  cmd: '/data/www_dev/corona/bin/slurm/bin//squeue  -o "%i %P %j %t" '
}
ERROR with _squeue() method in nslurm : 
Error: Command failed: /data/www_dev/corona/bin/slurm/bin//squeue  -o "%i %P %j %t" 
slurm_load_jobs error: Unable to contact slurm controller (connect failure)

    at ChildProcess.exithandler (child_process.js:308:12)
    at ChildProcess.emit (events.js:315:20)
    at maybeClose (internal/child_process.js:1048:16)
    at Socket.<anonymous> (internal/child_process.js:439:11)
    at Socket.emit (events.js:315:20)
    at Pipe.<anonymous> (net.js:673:12) {
  killed: false,
  code: 1,
  signal: null,
  cmd: '/data/www_dev/corona/bin/slurm/bin//squeue  -o "%i %P %j %t" '
}
ERROR with _squeue() method in nslurm : 
Error: Command failed: /data/www_dev/corona/bin/slurm/bin//squeue  -o "%i %P %j %t" 
slurm_load_jobs error: Unable to contact slurm controller (connect failure)

    at ChildProcess.exithandler (child_process.js:308:12)
    at ChildProcess.emit (events.js:315:20)
    at maybeClose (internal/child_process.js:1048:16)
    at Process.ChildProcess._handle.onexit (internal/child_process.js:288:5) {
  killed: false,
  code: 1,
  signal: null,
  cmd: '/data/www_dev/corona/bin/slurm/bin//squeue  -o "%i %P %j %t" '
}
ERROR with _squeue() method in nslurm : 
Error: Command failed: /data/www_dev/corona/bin/slurm/bin//squeue  -o "%i %P %j %t" 
slurm_load_jobs error: Unable to contact slurm controller (connect failure)

    at ChildProcess.exithandler (child_process.js:308:12)
    at ChildProcess.emit (events.js:315:20)
    at maybeClose (internal/child_process.js:1048:16)
    at Process.ChildProcess._handle.onexit (internal/child_process.js:288:5) {
  killed: false,
  code: 1,
  signal: null,
  cmd: '/data/www_dev/corona/bin/slurm/bin//squeue  -o "%i %P %j %t" '
}
ERROR with _squeue() method in nslurm : 
Error: Command failed: /data/www_dev/corona/bin/slurm/bin//squeue  -o "%i %P %j %t" 
slurm_load_jobs error: Unable to contact slurm controller (connect failure)

    at ChildProcess.exithandler (child_process.js:308:12)
    at ChildProcess.emit (events.js:315:20)
    at maybeClose (internal/child_process.js:1048:16)
    at Process.ChildProcess._handle.onexit (internal/child_process.js:288:5) {
  killed: false,
  code: 1,
  signal: null,
  cmd: '/data/www_dev/corona/bin/slurm/bin//squeue  -o "%i %P %j %t" '
}
ERROR with _squeue() method in nslurm : 
Error: Command failed: /data/www_dev/corona/bin/slurm/bin//squeue  -o "%i %P %j %t" 
slurm_load_jobs error: Unable to contact slurm controller (connect failure)

    at ChildProcess.exithandler (child_process.js:308:12)
    at ChildProcess.emit (events.js:315:20)
    at maybeClose (internal/child_process.js:1048:16)
    at Process.ChildProcess._handle.onexit (internal/child_process.js:288:5) {
  killed: false,
  code: 1,
  signal: null,
  cmd: '/data/www_dev/corona/bin/slurm/bin//squeue  -o "%i %P %j %t" '
}
ERROR with _squeue() method in nslurm : 
Error: Command failed: /data/www_dev/corona/bin/slurm/bin//squeue  -o "%i %P %j %t" 
slurm_load_jobs error: Unable to contact slurm controller (connect failure)

    at ChildProcess.exithandler (child_process.js:308:12)
    at ChildProcess.emit (events.js:315:20)
    at maybeClose (internal/child_process.js:1048:16)
    at Socket.<anonymous> (internal/child_process.js:439:11)
    at Socket.emit (events.js:315:20)
    at Pipe.<anonymous> (net.js:673:12) {
  killed: false,
  code: 1,
  signal: null,
  cmd: '/data/www_dev/corona/bin/slurm/bin//squeue  -o "%i %P %j %t" '
}
ERROR with _squeue() method in nslurm : 
Error: Command failed: /data/www_dev/corona/bin/slurm/bin//squeue  -o "%i %P %j %t" 
slurm_load_jobs error: Unable to contact slurm controller (connect failure)

    at ChildProcess.exithandler (child_process.js:308:12)
    at ChildProcess.emit (events.js:315:20)
    at maybeClose (internal/child_process.js:1048:16)
    at Process.ChildProcess._handle.onexit (internal/child_process.js:288:5) {
  killed: false,
  code: 1,
  signal: null,
  cmd: '/data/www_dev/corona/bin/slurm/bin//squeue  -o "%i %P %j %t" '
}
ERROR with _squeue() method in nslurm : 
Error: Command failed: /data/www_dev/corona/bin/slurm/bin//squeue  -o "%i %P %j %t" 
slurm_load_jobs error: Unable to contact slurm controller (connect failure)

    at ChildProcess.exithandler (child_process.js:308:12)
    at ChildProcess.emit (events.js:315:20)
    at maybeClose (internal/child_process.js:1048:16)
    at Process.ChildProcess._handle.onexit (internal/child_process.js:288:5) {
  killed: false,
  code: 1,
  signal: null,
  cmd: '/data/www_dev/corona/bin/slurm/bin//squeue  -o "%i %P %j %t" '
}
ERROR with _squeue() method in nslurm : 
Error: Command failed: /data/www_dev/corona/bin/slurm/bin//squeue  -o "%i %P %j %t" 
slurm_load_jobs error: Unable to contact slurm controller (connect failure)

    at ChildProcess.exithandler (child_process.js:308:12)
    at ChildProcess.emit (events.js:315:20)
    at maybeClose (internal/child_process.js:1048:16)
    at Socket.<anonymous> (internal/child_process.js:439:11)
    at Socket.emit (events.js:315:20)
    at Pipe.<anonymous> (net.js:673:12) {
  killed: false,
  code: 1,
  signal: null,
  cmd: '/data/www_dev/corona/bin/slurm/bin//squeue  -o "%i %P %j %t" '
}
ERROR with _squeue() method in nslurm : 
Error: Command failed: /data/www_dev/corona/bin/slurm/bin//squeue  -o "%i %P %j %t" 
slurm_load_jobs error: Unable to contact slurm controller (connect failure)

    at ChildProcess.exithandler (child_process.js:308:12)
    at ChildProcess.emit (events.js:315:20)
    at maybeClose (internal/child_process.js:1048:16)
    at Process.ChildProcess._handle.onexit (internal/child_process.js:288:5) {
  killed: false,
  code: 1,
  signal: null,
  cmd: '/data/www_dev/corona/bin/slurm/bin//squeue  -o "%i %P %j %t" '
}
ERROR with _squeue() method in nslurm : 
Error: Command failed: /data/www_dev/corona/bin/slurm/bin//squeue  -o "%i %P %j %t" 
slurm_load_jobs error: Unable to contact slurm controller (connect failure)

    at ChildProcess.exithandler (child_process.js:308:12)
    at ChildProcess.emit (events.js:315:20)
    at maybeClose (internal/child_process.js:1048:16)
    at Socket.<anonymous> (internal/child_process.js:439:11)
    at Socket.emit (events.js:315:20)
    at Pipe.<anonymous> (net.js:673:12) {
  killed: false,
  code: 1,
  signal: null,
  cmd: '/data/www_dev/corona/bin/slurm/bin//squeue  -o "%i %P %j %t" '
}
ERROR with _squeue() method in nslurm : 
Error: Command failed: /data/www_dev/corona/bin/slurm/bin//squeue  -o "%i %P %j %t" 
slurm_load_jobs error: Unable to contact slurm controller (connect failure)

    at ChildProcess.exithandler (child_process.js:308:12)
    at ChildProcess.emit (events.js:315:20)
    at maybeClose (internal/child_process.js:1048:16)
    at Socket.<anonymous> (internal/child_process.js:439:11)
    at Socket.emit (events.js:315:20)
    at Pipe.<anonymous> (net.js:673:12) {
  killed: false,
  code: 1,
  signal: null,
  cmd: '/data/www_dev/corona/bin/slurm/bin//squeue  -o "%i %P %j %t" '
}
ERROR with _squeue() method in nslurm : 
Error: Command failed: /data/www_dev/corona/bin/slurm/bin//squeue  -o "%i %P %j %t" 
slurm_load_jobs error: Unable to contact slurm controller (connect failure)

    at ChildProcess.exithandler (child_process.js:308:12)
    at ChildProcess.emit (events.js:315:20)
    at maybeClose (internal/child_process.js:1048:16)
    at Socket.<anonymous> (internal/child_process.js:439:11)
    at Socket.emit (events.js:315:20)
    at Pipe.<anonymous> (net.js:673:12) {
  killed: false,
  code: 1,
  signal: null,
  cmd: '/data/www_dev/corona/bin/slurm/bin//squeue  -o "%i %P %j %t" '
}
ERROR with _squeue() method in nslurm : 
Error: Command failed: /data/www_dev/corona/bin/slurm/bin//squeue  -o "%i %P %j %t" 
slurm_load_jobs error: Unable to contact slurm controller (connect failure)

    at ChildProcess.exithandler (child_process.js:308:12)
    at ChildProcess.emit (events.js:315:20)
    at maybeClose (internal/child_process.js:1048:16)
    at Process.ChildProcess._handle.onexit (internal/child_process.js:288:5) {
  killed: false,
  code: 1,
  signal: null,
  cmd: '/data/www_dev/corona/bin/slurm/bin//squeue  -o "%i %P %j %t" '
}
ERROR with _squeue() method in nslurm : 
Error: Command failed: /data/www_dev/corona/bin/slurm/bin//squeue  -o "%i %P %j %t" 
slurm_load_jobs error: Unable to contact slurm controller (connect failure)

    at ChildProcess.exithandler (child_process.js:308:12)
    at ChildProcess.emit (events.js:315:20)
    at maybeClose (internal/child_process.js:1048:16)
    at Process.ChildProcess._handle.onexit (internal/child_process.js:288:5) {
  killed: false,
  code: 1,
  signal: null,
  cmd: '/data/www_dev/corona/bin/slurm/bin//squeue  -o "%i %P %j %t" '
}
ERROR with _squeue() method in nslurm : 
Error: Command failed: /data/www_dev/corona/bin/slurm/bin//squeue  -o "%i %P %j %t" 
slurm_load_jobs error: Unable to contact slurm controller (connect failure)

    at ChildProcess.exithandler (child_process.js:308:12)
    at ChildProcess.emit (events.js:315:20)
    at maybeClose (internal/child_process.js:1048:16)
    at Socket.<anonymous> (internal/child_process.js:439:11)
    at Socket.emit (events.js:315:20)
    at Pipe.<anonymous> (net.js:673:12) {
  killed: false,
  code: 1,
  signal: null,
  cmd: '/data/www_dev/corona/bin/slurm/bin//squeue  -o "%i %P %j %t" '
}
ERROR with _squeue() method in nslurm : 
Error: Command failed: /data/www_dev/corona/bin/slurm/bin//squeue  -o "%i %P %j %t" 
slurm_load_jobs error: Unable to contact slurm controller (connect failure)

    at ChildProcess.exithandler (child_process.js:308:12)
    at ChildProcess.emit (events.js:315:20)
    at maybeClose (internal/child_process.js:1048:16)
    at Socket.<anonymous> (internal/child_process.js:439:11)
    at Socket.emit (events.js:315:20)
    at Pipe.<anonymous> (net.js:673:12) {
  killed: false,
  code: 1,
  signal: null,
  cmd: '/data/www_dev/corona/bin/slurm/bin//squeue  -o "%i %P %j %t" '
}
ERROR with _squeue() method in nslurm : 
Error: Command failed: /data/www_dev/corona/bin/slurm/bin//squeue  -o "%i %P %j %t" 
slurm_load_jobs error: Unable to contact slurm controller (connect failure)

    at ChildProcess.exithandler (child_process.js:308:12)
    at ChildProcess.emit (events.js:315:20)
    at maybeClose (internal/child_process.js:1048:16)
    at Process.ChildProcess._handle.onexit (internal/child_process.js:288:5) {
  killed: false,
  code: 1,
  signal: null,
  cmd: '/data/www_dev/corona/bin/slurm/bin//squeue  -o "%i %P %j %t" '
}
ERROR with _squeue() method in nslurm : 
Error: Command failed: /data/www_dev/corona/bin/slurm/bin//squeue  -o "%i %P %j %t" 
slurm_load_jobs error: Unable to contact slurm controller (connect failure)

    at ChildProcess.exithandler (child_process.js:308:12)
    at ChildProcess.emit (events.js:315:20)
    at maybeClose (internal/child_process.js:1048:16)
    at Process.ChildProcess._handle.onexit (internal/child_process.js:288:5) {
  killed: false,
  code: 1,
  signal: null,
  cmd: '/data/www_dev/corona/bin/slurm/bin//squeue  -o "%i %P %j %t" '
}
ERROR with _squeue() method in nslurm : 
Error: Command failed: /data/www_dev/corona/bin/slurm/bin//squeue  -o "%i %P %j %t" 
slurm_load_jobs error: Unable to contact slurm controller (connect failure)

    at ChildProcess.exithandler (child_process.js:308:12)
    at ChildProcess.emit (events.js:315:20)
    at maybeClose (internal/child_process.js:1048:16)
    at Process.ChildProcess._handle.onexit (internal/child_process.js:288:5) {
  killed: false,
  code: 1,
  signal: null,
  cmd: '/data/www_dev/corona/bin/slurm/bin//squeue  -o "%i %P %j %t" '
}
ERROR with _squeue() method in nslurm : 
Error: Command failed: /data/www_dev/corona/bin/slurm/bin//squeue  -o "%i %P %j %t" 
slurm_load_jobs error: Unable to contact slurm controller (connect failure)

    at ChildProcess.exithandler (child_process.js:308:12)
    at ChildProcess.emit (events.js:315:20)
    at maybeClose (internal/child_process.js:1048:16)
    at Process.ChildProcess._handle.onexit (internal/child_process.js:288:5) {
  killed: false,
  code: 1,
  signal: null,
  cmd: '/data/www_dev/corona/bin/slurm/bin//squeue  -o "%i %P %j %t" '
}
ERROR with _squeue() method in nslurm : 
Error: Command failed: /data/www_dev/corona/bin/slurm/bin//squeue  -o "%i %P %j %t" 
slurm_load_jobs error: Unable to contact slurm controller (connect failure)

    at ChildProcess.exithandler (child_process.js:308:12)
    at ChildProcess.emit (events.js:315:20)
    at maybeClose (internal/child_process.js:1048:16)
    at Socket.<anonymous> (internal/child_process.js:439:11)
    at Socket.emit (events.js:315:20)
    at Pipe.<anonymous> (net.js:673:12) {
  killed: false,
  code: 1,
  signal: null,
  cmd: '/data/www_dev/corona/bin/slurm/bin//squeue  -o "%i %P %j %t" '
}
ERROR with _squeue() method in nslurm : 
Error: Command failed: /data/www_dev/corona/bin/slurm/bin//squeue  -o "%i %P %j %t" 
slurm_load_jobs error: Unable to contact slurm controller (connect failure)

    at ChildProcess.exithandler (child_process.js:308:12)
    at ChildProcess.emit (events.js:315:20)
    at maybeClose (internal/child_process.js:1048:16)
    at Process.ChildProcess._handle.onexit (internal/child_process.js:288:5) {
  killed: false,
  code: 1,
  signal: null,
  cmd: '/data/www_dev/corona/bin/slurm/bin//squeue  -o "%i %P %j %t" '
}
ERROR with _squeue() method in nslurm : 
Error: Command failed: /data/www_dev/corona/bin/slurm/bin//squeue  -o "%i %P %j %t" 
slurm_load_jobs error: Unable to contact slurm controller (connect failure)

    at ChildProcess.exithandler (child_process.js:308:12)
    at ChildProcess.emit (events.js:315:20)
    at maybeClose (internal/child_process.js:1048:16)
    at Process.ChildProcess._handle.onexit (internal/child_process.js:288:5) {
  killed: false,
  code: 1,
  signal: null,
  cmd: '/data/www_dev/corona/bin/slurm/bin//squeue  -o "%i %P %j %t" '
}
ERROR with _squeue() method in nslurm : 
Error: Command failed: /data/www_dev/corona/bin/slurm/bin//squeue  -o "%i %P %j %t" 
slurm_load_jobs error: Unable to contact slurm controller (connect failure)

    at ChildProcess.exithandler (child_process.js:308:12)
    at ChildProcess.emit (events.js:315:20)
    at maybeClose (internal/child_process.js:1048:16)
    at Process.ChildProcess._handle.onexit (internal/child_process.js:288:5) {
  killed: false,
  code: 1,
  signal: null,
  cmd: '/data/www_dev/corona/bin/slurm/bin//squeue  -o "%i %P %j %t" '
}
ERROR with _squeue() method in nslurm : 
Error: Command failed: /data/www_dev/corona/bin/slurm/bin//squeue  -o "%i %P %j %t" 
slurm_load_jobs error: Unable to contact slurm controller (connect failure)

    at ChildProcess.exithandler (child_process.js:308:12)
    at ChildProcess.emit (events.js:315:20)
    at maybeClose (internal/child_process.js:1048:16)
    at Process.ChildProcess._handle.onexit (internal/child_process.js:288:5) {
  killed: false,
  code: 1,
  signal: null,
  cmd: '/data/www_dev/corona/bin/slurm/bin//squeue  -o "%i %P %j %t" '
}
ERROR with _squeue() method in nslurm : 
Error: Command failed: /data/www_dev/corona/bin/slurm/bin//squeue  -o "%i %P %j %t" 
slurm_load_jobs error: Unable to contact slurm controller (connect failure)

    at ChildProcess.exithandler (child_process.js:308:12)
    at ChildProcess.emit (events.js:315:20)
    at maybeClose (internal/child_process.js:1048:16)
    at Socket.<anonymous> (internal/child_process.js:439:11)
    at Socket.emit (events.js:315:20)
    at Pipe.<anonymous> (net.js:673:12) {
  killed: false,
  code: 1,
  signal: null,
  cmd: '/data/www_dev/corona/bin/slurm/bin//squeue  -o "%i %P %j %t" '
}
ERROR with _squeue() method in nslurm : 
Error: Command failed: /data/www_dev/corona/bin/slurm/bin//squeue  -o "%i %P %j %t" 
slurm_load_jobs error: Unable to contact slurm controller (connect failure)

    at ChildProcess.exithandler (child_process.js:308:12)
    at ChildProcess.emit (events.js:315:20)
    at maybeClose (internal/child_process.js:1048:16)
    at Process.ChildProcess._handle.onexit (internal/child_process.js:288:5) {
  killed: false,
  code: 1,
  signal: null,
  cmd: '/data/www_dev/corona/bin/slurm/bin//squeue  -o "%i %P %j %t" '
}
ERROR with _squeue() method in nslurm : 
Error: Command failed: /data/www_dev/corona/bin/slurm/bin//squeue  -o "%i %P %j %t" 
slurm_load_jobs error: Unable to contact slurm controller (connect failure)

    at ChildProcess.exithandler (child_process.js:308:12)
    at ChildProcess.emit (events.js:315:20)
    at maybeClose (internal/child_process.js:1048:16)
    at Socket.<anonymous> (internal/child_process.js:439:11)
    at Socket.emit (events.js:315:20)
    at Pipe.<anonymous> (net.js:673:12) {
  killed: false,
  code: 1,
  signal: null,
  cmd: '/data/www_dev/corona/bin/slurm/bin//squeue  -o "%i %P %j %t" '
}
ERROR with _squeue() method in nslurm : 
Error: Command failed: /data/www_dev/corona/bin/slurm/bin//squeue  -o "%i %P %j %t" 
slurm_load_jobs error: Unable to contact slurm controller (connect failure)

    at ChildProcess.exithandler (child_process.js:308:12)
    at ChildProcess.emit (events.js:315:20)
    at maybeClose (internal/child_process.js:1048:16)
    at Process.ChildProcess._handle.onexit (internal/child_process.js:288:5) {
  killed: false,
  code: 1,
  signal: null,
  cmd: '/data/www_dev/corona/bin/slurm/bin//squeue  -o "%i %P %j %t" '
}
ERROR with _squeue() method in nslurm : 
Error: Command failed: /data/www_dev/corona/bin/slurm/bin//squeue  -o "%i %P %j %t" 
slurm_load_jobs error: Unable to contact slurm controller (connect failure)

    at ChildProcess.exithandler (child_process.js:308:12)
    at ChildProcess.emit (events.js:315:20)
    at maybeClose (internal/child_process.js:1048:16)
    at Process.ChildProcess._handle.onexit (internal/child_process.js:288:5) {
  killed: false,
  code: 1,
  signal: null,
  cmd: '/data/www_dev/corona/bin/slurm/bin//squeue  -o "%i %P %j %t" '
}
ERROR with _squeue() method in nslurm : 
Error: Command failed: /data/www_dev/corona/bin/slurm/bin//squeue  -o "%i %P %j %t" 
slurm_load_jobs error: Unable to contact slurm controller (connect failure)

    at ChildProcess.exithandler (child_process.js:308:12)
    at ChildProcess.emit (events.js:315:20)
    at maybeClose (internal/child_process.js:1048:16)
    at Socket.<anonymous> (internal/child_process.js:439:11)
    at Socket.emit (events.js:315:20)
    at Pipe.<anonymous> (net.js:673:12) {
  killed: false,
  code: 1,
  signal: null,
  cmd: '/data/www_dev/corona/bin/slurm/bin//squeue  -o "%i %P %j %t" '
}
ERROR with _squeue() method in nslurm : 
Error: Command failed: /data/www_dev/corona/bin/slurm/bin//squeue  -o "%i %P %j %t" 
slurm_load_jobs error: Unable to contact slurm controller (connect failure)

    at ChildProcess.exithandler (child_process.js:308:12)
    at ChildProcess.emit (events.js:315:20)
    at maybeClose (internal/child_process.js:1048:16)
    at Process.ChildProcess._handle.onexit (internal/child_process.js:288:5) {
  killed: false,
  code: 1,
  signal: null,
  cmd: '/data/www_dev/corona/bin/slurm/bin//squeue  -o "%i %P %j %t" '
}
ERROR with _squeue() method in nslurm : 
Error: Command failed: /data/www_dev/corona/bin/slurm/bin//squeue  -o "%i %P %j %t" 
slurm_load_jobs error: Unable to contact slurm controller (connect failure)

    at ChildProcess.exithandler (child_process.js:308:12)
    at ChildProcess.emit (events.js:315:20)
    at maybeClose (internal/child_process.js:1048:16)
    at Socket.<anonymous> (internal/child_process.js:439:11)
    at Socket.emit (events.js:315:20)
    at Pipe.<anonymous> (net.js:673:12) {
  killed: false,
  code: 1,
  signal: null,
  cmd: '/data/www_dev/corona/bin/slurm/bin//squeue  -o "%i %P %j %t" '
}
ERROR with _squeue() method in nslurm : 
Error: Command failed: /data/www_dev/corona/bin/slurm/bin//squeue  -o "%i %P %j %t" 
slurm_load_jobs error: Unable to contact slurm controller (connect failure)

    at ChildProcess.exithandler (child_process.js:308:12)
    at ChildProcess.emit (events.js:315:20)
    at maybeClose (internal/child_process.js:1048:16)
    at Socket.<anonymous> (internal/child_process.js:439:11)
    at Socket.emit (events.js:315:20)
    at Pipe.<anonymous> (net.js:673:12) {
  killed: false,
  code: 1,
  signal: null,
  cmd: '/data/www_dev/corona/bin/slurm/bin//squeue  -o "%i %P %j %t" '
}
ERROR with _squeue() method in nslurm : 
Error: Command failed: /data/www_dev/corona/bin/slurm/bin//squeue  -o "%i %P %j %t" 
slurm_load_jobs error: Unable to contact slurm controller (connect failure)

    at ChildProcess.exithandler (child_process.js:308:12)
    at ChildProcess.emit (events.js:315:20)
    at maybeClose (internal/child_process.js:1048:16)
    at Process.ChildProcess._handle.onexit (internal/child_process.js:288:5) {
  killed: false,
  code: 1,
  signal: null,
  cmd: '/data/www_dev/corona/bin/slurm/bin//squeue  -o "%i %P %j %t" '
}
ERROR with _squeue() method in nslurm : 
Error: Command failed: /data/www_dev/corona/bin/slurm/bin//squeue  -o "%i %P %j %t" 
slurm_load_jobs error: Unable to contact slurm controller (connect failure)

    at ChildProcess.exithandler (child_process.js:308:12)
    at ChildProcess.emit (events.js:315:20)
    at maybeClose (internal/child_process.js:1048:16)
    at Process.ChildProcess._handle.onexit (internal/child_process.js:288:5) {
  killed: false,
  code: 1,
  signal: null,
  cmd: '/data/www_dev/corona/bin/slurm/bin//squeue  -o "%i %P %j %t" '
}
ERROR with _squeue() method in nslurm : 
Error: Command failed: /data/www_dev/corona/bin/slurm/bin//squeue  -o "%i %P %j %t" 
slurm_load_jobs error: Unable to contact slurm controller (connect failure)

    at ChildProcess.exithandler (child_process.js:308:12)
    at ChildProcess.emit (events.js:315:20)
    at maybeClose (internal/child_process.js:1048:16)
    at Socket.<anonymous> (internal/child_process.js:439:11)
    at Socket.emit (events.js:315:20)
    at Pipe.<anonymous> (net.js:673:12) {
  killed: false,
  code: 1,
  signal: null,
  cmd: '/data/www_dev/corona/bin/slurm/bin//squeue  -o "%i %P %j %t" '
}
ERROR with _squeue() method in nslurm : 
Error: Command failed: /data/www_dev/corona/bin/slurm/bin//squeue  -o "%i %P %j %t" 
slurm_load_jobs error: Unable to contact slurm controller (connect failure)

    at ChildProcess.exithandler (child_process.js:308:12)
    at ChildProcess.emit (events.js:315:20)
    at maybeClose (internal/child_process.js:1048:16)
    at Process.ChildProcess._handle.onexit (internal/child_process.js:288:5) {
  killed: false,
  code: 1,
  signal: null,
  cmd: '/data/www_dev/corona/bin/slurm/bin//squeue  -o "%i %P %j %t" '
}
ERROR with _squeue() method in nslurm : 
Error: Command failed: /data/www_dev/corona/bin/slurm/bin//squeue  -o "%i %P %j %t" 
slurm_load_jobs error: Unable to contact slurm controller (connect failure)

    at ChildProcess.exithandler (child_process.js:308:12)
    at ChildProcess.emit (events.js:315:20)
    at maybeClose (internal/child_process.js:1048:16)
    at Process.ChildProcess._handle.onexit (internal/child_process.js:288:5) {
  killed: false,
  code: 1,
  signal: null,
  cmd: '/data/www_dev/corona/bin/slurm/bin//squeue  -o "%i %P %j %t" '
}
ERROR with _squeue() method in nslurm : 
Error: Command failed: /data/www_dev/corona/bin/slurm/bin//squeue  -o "%i %P %j %t" 
slurm_load_jobs error: Unable to contact slurm controller (connect failure)

    at ChildProcess.exithandler (child_process.js:308:12)
    at ChildProcess.emit (events.js:315:20)
    at maybeClose (internal/child_process.js:1048:16)
    at Socket.<anonymous> (internal/child_process.js:439:11)
    at Socket.emit (events.js:315:20)
    at Pipe.<anonymous> (net.js:673:12) {
  killed: false,
  code: 1,
  signal: null,
  cmd: '/data/www_dev/corona/bin/slurm/bin//squeue  -o "%i %P %j %t" '
}
ERROR with _squeue() method in nslurm : 
Error: Command failed: /data/www_dev/corona/bin/slurm/bin//squeue  -o "%i %P %j %t" 
slurm_load_jobs error: Unable to contact slurm controller (connect failure)

    at ChildProcess.exithandler (child_process.js:308:12)
    at ChildProcess.emit (events.js:315:20)
    at maybeClose (internal/child_process.js:1048:16)
    at Socket.<anonymous> (internal/child_process.js:439:11)
    at Socket.emit (events.js:315:20)
    at Pipe.<anonymous> (net.js:673:12) {
  killed: false,
  code: 1,
  signal: null,
  cmd: '/data/www_dev/corona/bin/slurm/bin//squeue  -o "%i %P %j %t" '
}
ERROR with _squeue() method in nslurm : 
Error: Command failed: /data/www_dev/corona/bin/slurm/bin//squeue  -o "%i %P %j %t" 
slurm_load_jobs error: Unable to contact slurm controller (connect failure)

    at ChildProcess.exithandler (child_process.js:308:12)
    at ChildProcess.emit (events.js:315:20)
    at maybeClose (internal/child_process.js:1048:16)
    at Socket.<anonymous> (internal/child_process.js:439:11)
    at Socket.emit (events.js:315:20)
    at Pipe.<anonymous> (net.js:673:12) {
  killed: false,
  code: 1,
  signal: null,
  cmd: '/data/www_dev/corona/bin/slurm/bin//squeue  -o "%i %P %j %t" '
}
ERROR with _squeue() method in nslurm : 
Error: Command failed: /data/www_dev/corona/bin/slurm/bin//squeue  -o "%i %P %j %t" 
slurm_load_jobs error: Unable to contact slurm controller (connect failure)

    at ChildProcess.exithandler (child_process.js:308:12)
    at ChildProcess.emit (events.js:315:20)
    at maybeClose (internal/child_process.js:1048:16)
    at Socket.<anonymous> (internal/child_process.js:439:11)
    at Socket.emit (events.js:315:20)
    at Pipe.<anonymous> (net.js:673:12) {
  killed: false,
  code: 1,
  signal: null,
  cmd: '/data/www_dev/corona/bin/slurm/bin//squeue  -o "%i %P %j %t" '
}
ERROR with _squeue() method in nslurm : 
Error: Command failed: /data/www_dev/corona/bin/slurm/bin//squeue  -o "%i %P %j %t" 
slurm_load_jobs error: Unable to contact slurm controller (connect failure)

    at ChildProcess.exithandler (child_process.js:308:12)
    at ChildProcess.emit (events.js:315:20)
    at maybeClose (internal/child_process.js:1048:16)
    at Socket.<anonymous> (internal/child_process.js:439:11)
    at Socket.emit (events.js:315:20)
    at Pipe.<anonymous> (net.js:673:12) {
  killed: false,
  code: 1,
  signal: null,
  cmd: '/data/www_dev/corona/bin/slurm/bin//squeue  -o "%i %P %j %t" '
}
ERROR with _squeue() method in nslurm : 
Error: Command failed: /data/www_dev/corona/bin/slurm/bin//squeue  -o "%i %P %j %t" 
slurm_load_jobs error: Unable to contact slurm controller (connect failure)

    at ChildProcess.exithandler (child_process.js:308:12)
    at ChildProcess.emit (events.js:315:20)
    at maybeClose (internal/child_process.js:1048:16)
    at Process.ChildProcess._handle.onexit (internal/child_process.js:288:5) {
  killed: false,
  code: 1,
  signal: null,
  cmd: '/data/www_dev/corona/bin/slurm/bin//squeue  -o "%i %P %j %t" '
}
ERROR with _squeue() method in nslurm : 
Error: Command failed: /data/www_dev/corona/bin/slurm/bin//squeue  -o "%i %P %j %t" 
slurm_load_jobs error: Unable to contact slurm controller (connect failure)

    at ChildProcess.exithandler (child_process.js:308:12)
    at ChildProcess.emit (events.js:315:20)
    at maybeClose (internal/child_process.js:1048:16)
    at Process.ChildProcess._handle.onexit (internal/child_process.js:288:5) {
  killed: false,
  code: 1,
  signal: null,
  cmd: '/data/www_dev/corona/bin/slurm/bin//squeue  -o "%i %P %j %t" '
}
ERROR with _squeue() method in nslurm : 
Error: Command failed: /data/www_dev/corona/bin/slurm/bin//squeue  -o "%i %P %j %t" 
slurm_load_jobs error: Unable to contact slurm controller (connect failure)

    at ChildProcess.exithandler (child_process.js:308:12)
    at ChildProcess.emit (events.js:315:20)
    at maybeClose (internal/child_process.js:1048:16)
    at Process.ChildProcess._handle.onexit (internal/child_process.js:288:5) {
  killed: false,
  code: 1,
  signal: null,
  cmd: '/data/www_dev/corona/bin/slurm/bin//squeue  -o "%i %P %j %t" '
}
ERROR with _squeue() method in nslurm : 
Error: Command failed: /data/www_dev/corona/bin/slurm/bin//squeue  -o "%i %P %j %t" 
slurm_load_jobs error: Unable to contact slurm controller (connect failure)

    at ChildProcess.exithandler (child_process.js:308:12)
    at ChildProcess.emit (events.js:315:20)
    at maybeClose (internal/child_process.js:1048:16)
    at Process.ChildProcess._handle.onexit (internal/child_process.js:288:5) {
  killed: false,
  code: 1,
  signal: null,
  cmd: '/data/www_dev/corona/bin/slurm/bin//squeue  -o "%i %P %j %t" '
}
ERROR with _squeue() method in nslurm : 
Error: Command failed: /data/www_dev/corona/bin/slurm/bin//squeue  -o "%i %P %j %t" 
slurm_load_jobs error: Unable to contact slurm controller (connect failure)

    at ChildProcess.exithandler (child_process.js:308:12)
    at ChildProcess.emit (events.js:315:20)
    at maybeClose (internal/child_process.js:1048:16)
    at Process.ChildProcess._handle.onexit (internal/child_process.js:288:5) {
  killed: false,
  code: 1,
  signal: null,
  cmd: '/data/www_dev/corona/bin/slurm/bin//squeue  -o "%i %P %j %t" '
}
ERROR with _squeue() method in nslurm : 
Error: Command failed: /data/www_dev/corona/bin/slurm/bin//squeue  -o "%i %P %j %t" 
slurm_load_jobs error: Unable to contact slurm controller (connect failure)

    at ChildProcess.exithandler (child_process.js:308:12)
    at ChildProcess.emit (events.js:315:20)
    at maybeClose (internal/child_process.js:1048:16)
    at Process.ChildProcess._handle.onexit (internal/child_process.js:288:5) {
  killed: false,
  code: 1,
  signal: null,
  cmd: '/data/www_dev/corona/bin/slurm/bin//squeue  -o "%i %P %j %t" '
}
ERROR with _squeue() method in nslurm : 
Error: Command failed: /data/www_dev/corona/bin/slurm/bin//squeue  -o "%i %P %j %t" 
slurm_load_jobs error: Unable to contact slurm controller (connect failure)

    at ChildProcess.exithandler (child_process.js:308:12)
    at ChildProcess.emit (events.js:315:20)
    at maybeClose (internal/child_process.js:1048:16)
    at Socket.<anonymous> (internal/child_process.js:439:11)
    at Socket.emit (events.js:315:20)
    at Pipe.<anonymous> (net.js:673:12) {
  killed: false,
  code: 1,
  signal: null,
  cmd: '/data/www_dev/corona/bin/slurm/bin//squeue  -o "%i %P %j %t" '
}
ERROR with _squeue() method in nslurm : 
Error: Command failed: /data/www_dev/corona/bin/slurm/bin//squeue  -o "%i %P %j %t" 
slurm_load_jobs error: Unable to contact slurm controller (connect failure)

    at ChildProcess.exithandler (child_process.js:308:12)
    at ChildProcess.emit (events.js:315:20)
    at maybeClose (internal/child_process.js:1048:16)
    at Socket.<anonymous> (internal/child_process.js:439:11)
    at Socket.emit (events.js:315:20)
    at Pipe.<anonymous> (net.js:673:12) {
  killed: false,
  code: 1,
  signal: null,
  cmd: '/data/www_dev/corona/bin/slurm/bin//squeue  -o "%i %P %j %t" '
}
ERROR with _squeue() method in nslurm : 
Error: Command failed: /data/www_dev/corona/bin/slurm/bin//squeue  -o "%i %P %j %t" 
slurm_load_jobs error: Unable to contact slurm controller (connect failure)

    at ChildProcess.exithandler (child_process.js:308:12)
    at ChildProcess.emit (events.js:315:20)
    at maybeClose (internal/child_process.js:1048:16)
    at Socket.<anonymous> (internal/child_process.js:439:11)
    at Socket.emit (events.js:315:20)
    at Pipe.<anonymous> (net.js:673:12) {
  killed: false,
  code: 1,
  signal: null,
  cmd: '/data/www_dev/corona/bin/slurm/bin//squeue  -o "%i %P %j %t" '
}
ERROR with _squeue() method in nslurm : 
Error: Command failed: /data/www_dev/corona/bin/slurm/bin//squeue  -o "%i %P %j %t" 
slurm_load_jobs error: Unable to contact slurm controller (connect failure)

    at ChildProcess.exithandler (child_process.js:308:12)
    at ChildProcess.emit (events.js:315:20)
    at maybeClose (internal/child_process.js:1048:16)
    at Process.ChildProcess._handle.onexit (internal/child_process.js:288:5) {
  killed: false,
  code: 1,
  signal: null,
  cmd: '/data/www_dev/corona/bin/slurm/bin//squeue  -o "%i %P %j %t" '
}
ERROR with _squeue() method in nslurm : 
Error: Command failed: /data/www_dev/corona/bin/slurm/bin//squeue  -o "%i %P %j %t" 
slurm_load_jobs error: Unable to contact slurm controller (connect failure)

    at ChildProcess.exithandler (child_process.js:308:12)
    at ChildProcess.emit (events.js:315:20)
    at maybeClose (internal/child_process.js:1048:16)
    at Socket.<anonymous> (internal/child_process.js:439:11)
    at Socket.emit (events.js:315:20)
    at Pipe.<anonymous> (net.js:673:12) {
  killed: false,
  code: 1,
  signal: null,
  cmd: '/data/www_dev/corona/bin/slurm/bin//squeue  -o "%i %P %j %t" '
}
ERROR with _squeue() method in nslurm : 
Error: Command failed: /data/www_dev/corona/bin/slurm/bin//squeue  -o "%i %P %j %t" 
slurm_load_jobs error: Unable to contact slurm controller (connect failure)

    at ChildProcess.exithandler (child_process.js:308:12)
    at ChildProcess.emit (events.js:315:20)
    at maybeClose (internal/child_process.js:1048:16)
    at Socket.<anonymous> (internal/child_process.js:439:11)
    at Socket.emit (events.js:315:20)
    at Pipe.<anonymous> (net.js:673:12) {
  killed: false,
  code: 1,
  signal: null,
  cmd: '/data/www_dev/corona/bin/slurm/bin//squeue  -o "%i %P %j %t" '
}
ERROR with _squeue() method in nslurm : 
Error: Command failed: /data/www_dev/corona/bin/slurm/bin//squeue  -o "%i %P %j %t" 
slurm_load_jobs error: Unable to contact slurm controller (connect failure)

    at ChildProcess.exithandler (child_process.js:308:12)
    at ChildProcess.emit (events.js:315:20)
    at maybeClose (internal/child_process.js:1048:16)
    at Process.ChildProcess._handle.onexit (internal/child_process.js:288:5) {
  killed: false,
  code: 1,
  signal: null,
  cmd: '/data/www_dev/corona/bin/slurm/bin//squeue  -o "%i %P %j %t" '
}
ERROR with _squeue() method in nslurm : 
Error: Command failed: /data/www_dev/corona/bin/slurm/bin//squeue  -o "%i %P %j %t" 
slurm_load_jobs error: Unable to contact slurm controller (connect failure)

    at ChildProcess.exithandler (child_process.js:308:12)
    at ChildProcess.emit (events.js:315:20)
    at maybeClose (internal/child_process.js:1048:16)
    at Process.ChildProcess._handle.onexit (internal/child_process.js:288:5) {
  killed: false,
  code: 1,
  signal: null,
  cmd: '/data/www_dev/corona/bin/slurm/bin//squeue  -o "%i %P %j %t" '
}
ERROR with _squeue() method in nslurm : 
Error: Command failed: /data/www_dev/corona/bin/slurm/bin//squeue  -o "%i %P %j %t" 
slurm_load_jobs error: Unable to contact slurm controller (connect failure)

    at ChildProcess.exithandler (child_process.js:308:12)
    at ChildProcess.emit (events.js:315:20)
    at maybeClose (internal/child_process.js:1048:16)
    at Socket.<anonymous> (internal/child_process.js:439:11)
    at Socket.emit (events.js:315:20)
    at Pipe.<anonymous> (net.js:673:12) {
  killed: false,
  code: 1,
  signal: null,
  cmd: '/data/www_dev/corona/bin/slurm/bin//squeue  -o "%i %P %j %t" '
}
ERROR with _squeue() method in nslurm : 
Error: Command failed: /data/www_dev/corona/bin/slurm/bin//squeue  -o "%i %P %j %t" 
slurm_load_jobs error: Unable to contact slurm controller (connect failure)

    at ChildProcess.exithandler (child_process.js:308:12)
    at ChildProcess.emit (events.js:315:20)
    at maybeClose (internal/child_process.js:1048:16)
    at Socket.<anonymous> (internal/child_process.js:439:11)
    at Socket.emit (events.js:315:20)
    at Pipe.<anonymous> (net.js:673:12) {
  killed: false,
  code: 1,
  signal: null,
  cmd: '/data/www_dev/corona/bin/slurm/bin//squeue  -o "%i %P %j %t" '
}
ERROR with _squeue() method in nslurm : 
Error: Command failed: /data/www_dev/corona/bin/slurm/bin//squeue  -o "%i %P %j %t" 
slurm_load_jobs error: Unable to contact slurm controller (connect failure)

    at ChildProcess.exithandler (child_process.js:308:12)
    at ChildProcess.emit (events.js:315:20)
    at maybeClose (internal/child_process.js:1048:16)
    at Process.ChildProcess._handle.onexit (internal/child_process.js:288:5) {
  killed: false,
  code: 1,
  signal: null,
  cmd: '/data/www_dev/corona/bin/slurm/bin//squeue  -o "%i %P %j %t" '
}
ERROR with _squeue() method in nslurm : 
Error: Command failed: /data/www_dev/corona/bin/slurm/bin//squeue  -o "%i %P %j %t" 
slurm_load_jobs error: Unable to contact slurm controller (connect failure)

    at ChildProcess.exithandler (child_process.js:308:12)
    at ChildProcess.emit (events.js:315:20)
    at maybeClose (internal/child_process.js:1048:16)
    at Socket.<anonymous> (internal/child_process.js:439:11)
    at Socket.emit (events.js:315:20)
    at Pipe.<anonymous> (net.js:673:12) {
  killed: false,
  code: 1,
  signal: null,
  cmd: '/data/www_dev/corona/bin/slurm/bin//squeue  -o "%i %P %j %t" '
}
ERROR with _squeue() method in nslurm : 
Error: Command failed: /data/www_dev/corona/bin/slurm/bin//squeue  -o "%i %P %j %t" 
slurm_load_jobs error: Unable to contact slurm controller (connect failure)

    at ChildProcess.exithandler (child_process.js:308:12)
    at ChildProcess.emit (events.js:315:20)
    at maybeClose (internal/child_process.js:1048:16)
    at Socket.<anonymous> (internal/child_process.js:439:11)
    at Socket.emit (events.js:315:20)
    at Pipe.<anonymous> (net.js:673:12) {
  killed: false,
  code: 1,
  signal: null,
  cmd: '/data/www_dev/corona/bin/slurm/bin//squeue  -o "%i %P %j %t" '
}
ERROR with _squeue() method in nslurm : 
Error: Command failed: /data/www_dev/corona/bin/slurm/bin//squeue  -o "%i %P %j %t" 
slurm_load_jobs error: Unable to contact slurm controller (connect failure)

    at ChildProcess.exithandler (child_process.js:308:12)
    at ChildProcess.emit (events.js:315:20)
    at maybeClose (internal/child_process.js:1048:16)
    at Process.ChildProcess._handle.onexit (internal/child_process.js:288:5) {
  killed: false,
  code: 1,
  signal: null,
  cmd: '/data/www_dev/corona/bin/slurm/bin//squeue  -o "%i %P %j %t" '
}
ERROR with _squeue() method in nslurm : 
Error: Command failed: /data/www_dev/corona/bin/slurm/bin//squeue  -o "%i %P %j %t" 
slurm_load_jobs error: Unable to contact slurm controller (connect failure)

    at ChildProcess.exithandler (child_process.js:308:12)
    at ChildProcess.emit (events.js:315:20)
    at maybeClose (internal/child_process.js:1048:16)
    at Process.ChildProcess._handle.onexit (internal/child_process.js:288:5) {
  killed: false,
  code: 1,
  signal: null,
  cmd: '/data/www_dev/corona/bin/slurm/bin//squeue  -o "%i %P %j %t" '
}
ERROR with _squeue() method in nslurm : 
Error: Command failed: /data/www_dev/corona/bin/slurm/bin//squeue  -o "%i %P %j %t" 
slurm_load_jobs error: Unable to contact slurm controller (connect failure)

    at ChildProcess.exithandler (child_process.js:308:12)
    at ChildProcess.emit (events.js:315:20)
    at maybeClose (internal/child_process.js:1048:16)
    at Process.ChildProcess._handle.onexit (internal/child_process.js:288:5) {
  killed: false,
  code: 1,
  signal: null,
  cmd: '/data/www_dev/corona/bin/slurm/bin//squeue  -o "%i %P %j %t" '
}
ERROR with _squeue() method in nslurm : 
Error: Command failed: /data/www_dev/corona/bin/slurm/bin//squeue  -o "%i %P %j %t" 
slurm_load_jobs error: Unable to contact slurm controller (connect failure)

    at ChildProcess.exithandler (child_process.js:308:12)
    at ChildProcess.emit (events.js:315:20)
    at maybeClose (internal/child_process.js:1048:16)
    at Socket.<anonymous> (internal/child_process.js:439:11)
    at Socket.emit (events.js:315:20)
    at Pipe.<anonymous> (net.js:673:12) {
  killed: false,
  code: 1,
  signal: null,
  cmd: '/data/www_dev/corona/bin/slurm/bin//squeue  -o "%i %P %j %t" '
}
ERROR with _squeue() method in nslurm : 
Error: Command failed: /data/www_dev/corona/bin/slurm/bin//squeue  -o "%i %P %j %t" 
slurm_load_jobs error: Unable to contact slurm controller (connect failure)

    at ChildProcess.exithandler (child_process.js:308:12)
    at ChildProcess.emit (events.js:315:20)
    at maybeClose (internal/child_process.js:1048:16)
    at Socket.<anonymous> (internal/child_process.js:439:11)
    at Socket.emit (events.js:315:20)
    at Pipe.<anonymous> (net.js:673:12) {
  killed: false,
  code: 1,
  signal: null,
  cmd: '/data/www_dev/corona/bin/slurm/bin//squeue  -o "%i %P %j %t" '
}
ERROR with _squeue() method in nslurm : 
Error: Command failed: /data/www_dev/corona/bin/slurm/bin//squeue  -o "%i %P %j %t" 
slurm_load_jobs error: Unable to contact slurm controller (connect failure)

    at ChildProcess.exithandler (child_process.js:308:12)
    at ChildProcess.emit (events.js:315:20)
    at maybeClose (internal/child_process.js:1048:16)
    at Socket.<anonymous> (internal/child_process.js:439:11)
    at Socket.emit (events.js:315:20)
    at Pipe.<anonymous> (net.js:673:12) {
  killed: false,
  code: 1,
  signal: null,
  cmd: '/data/www_dev/corona/bin/slurm/bin//squeue  -o "%i %P %j %t" '
}
ERROR with _squeue() method in nslurm : 
Error: Command failed: /data/www_dev/corona/bin/slurm/bin//squeue  -o "%i %P %j %t" 
slurm_load_jobs error: Unable to contact slurm controller (connect failure)

    at ChildProcess.exithandler (child_process.js:308:12)
    at ChildProcess.emit (events.js:315:20)
    at maybeClose (internal/child_process.js:1048:16)
    at Socket.<anonymous> (internal/child_process.js:439:11)
    at Socket.emit (events.js:315:20)
    at Pipe.<anonymous> (net.js:673:12) {
  killed: false,
  code: 1,
  signal: null,
  cmd: '/data/www_dev/corona/bin/slurm/bin//squeue  -o "%i %P %j %t" '
}
ERROR with _squeue() method in nslurm : 
Error: Command failed: /data/www_dev/corona/bin/slurm/bin//squeue  -o "%i %P %j %t" 
slurm_load_jobs error: Unable to contact slurm controller (connect failure)

    at ChildProcess.exithandler (child_process.js:308:12)
    at ChildProcess.emit (events.js:315:20)
    at maybeClose (internal/child_process.js:1048:16)
    at Socket.<anonymous> (internal/child_process.js:439:11)
    at Socket.emit (events.js:315:20)
    at Pipe.<anonymous> (net.js:673:12) {
  killed: false,
  code: 1,
  signal: null,
  cmd: '/data/www_dev/corona/bin/slurm/bin//squeue  -o "%i %P %j %t" '
}
ERROR with _squeue() method in nslurm : 
Error: Command failed: /data/www_dev/corona/bin/slurm/bin//squeue  -o "%i %P %j %t" 
slurm_load_jobs error: Unable to contact slurm controller (connect failure)

    at ChildProcess.exithandler (child_process.js:308:12)
    at ChildProcess.emit (events.js:315:20)
    at maybeClose (internal/child_process.js:1048:16)
    at Socket.<anonymous> (internal/child_process.js:439:11)
    at Socket.emit (events.js:315:20)
    at Pipe.<anonymous> (net.js:673:12) {
  killed: false,
  code: 1,
  signal: null,
  cmd: '/data/www_dev/corona/bin/slurm/bin//squeue  -o "%i %P %j %t" '
}
ERROR with _squeue() method in nslurm : 
Error: Command failed: /data/www_dev/corona/bin/slurm/bin//squeue  -o "%i %P %j %t" 
slurm_load_jobs error: Unable to contact slurm controller (connect failure)

    at ChildProcess.exithandler (child_process.js:308:12)
    at ChildProcess.emit (events.js:315:20)
    at maybeClose (internal/child_process.js:1048:16)
    at Socket.<anonymous> (internal/child_process.js:439:11)
    at Socket.emit (events.js:315:20)
    at Pipe.<anonymous> (net.js:673:12) {
  killed: false,
  code: 1,
  signal: null,
  cmd: '/data/www_dev/corona/bin/slurm/bin//squeue  -o "%i %P %j %t" '
}
ERROR with _squeue() method in nslurm : 
Error: Command failed: /data/www_dev/corona/bin/slurm/bin//squeue  -o "%i %P %j %t" 
slurm_load_jobs error: Unable to contact slurm controller (connect failure)

    at ChildProcess.exithandler (child_process.js:308:12)
    at ChildProcess.emit (events.js:315:20)
    at maybeClose (internal/child_process.js:1048:16)
    at Process.ChildProcess._handle.onexit (internal/child_process.js:288:5) {
  killed: false,
  code: 1,
  signal: null,
  cmd: '/data/www_dev/corona/bin/slurm/bin//squeue  -o "%i %P %j %t" '
}
ERROR with _squeue() method in nslurm : 
Error: Command failed: /data/www_dev/corona/bin/slurm/bin//squeue  -o "%i %P %j %t" 
slurm_load_jobs error: Unable to contact slurm controller (connect failure)

    at ChildProcess.exithandler (child_process.js:308:12)
    at ChildProcess.emit (events.js:315:20)
    at maybeClose (internal/child_process.js:1048:16)
    at Socket.<anonymous> (internal/child_process.js:439:11)
    at Socket.emit (events.js:315:20)
    at Pipe.<anonymous> (net.js:673:12) {
  killed: false,
  code: 1,
  signal: null,
  cmd: '/data/www_dev/corona/bin/slurm/bin//squeue  -o "%i %P %j %t" '
}
ERROR with _squeue() method in nslurm : 
Error: Command failed: /data/www_dev/corona/bin/slurm/bin//squeue  -o "%i %P %j %t" 
slurm_load_jobs error: Unable to contact slurm controller (connect failure)

    at ChildProcess.exithandler (child_process.js:308:12)
    at ChildProcess.emit (events.js:315:20)
    at maybeClose (internal/child_process.js:1048:16)
    at Process.ChildProcess._handle.onexit (internal/child_process.js:288:5) {
  killed: false,
  code: 1,
  signal: null,
  cmd: '/data/www_dev/corona/bin/slurm/bin//squeue  -o "%i %P %j %t" '
}
ERROR with _squeue() method in nslurm : 
Error: Command failed: /data/www_dev/corona/bin/slurm/bin//squeue  -o "%i %P %j %t" 
slurm_load_jobs error: Unable to contact slurm controller (connect failure)

    at ChildProcess.exithandler (child_process.js:308:12)
    at ChildProcess.emit (events.js:315:20)
    at maybeClose (internal/child_process.js:1048:16)
    at Process.ChildProcess._handle.onexit (internal/child_process.js:288:5) {
  killed: false,
  code: 1,
  signal: null,
  cmd: '/data/www_dev/corona/bin/slurm/bin//squeue  -o "%i %P %j %t" '
}
ERROR with _squeue() method in nslurm : 
Error: Command failed: /data/www_dev/corona/bin/slurm/bin//squeue  -o "%i %P %j %t" 
slurm_load_jobs error: Unable to contact slurm controller (connect failure)

    at ChildProcess.exithandler (child_process.js:308:12)
    at ChildProcess.emit (events.js:315:20)
    at maybeClose (internal/child_process.js:1048:16)
    at Process.ChildProcess._handle.onexit (internal/child_process.js:288:5) {
  killed: false,
  code: 1,
  signal: null,
  cmd: '/data/www_dev/corona/bin/slurm/bin//squeue  -o "%i %P %j %t" '
}
ERROR with _squeue() method in nslurm : 
Error: Command failed: /data/www_dev/corona/bin/slurm/bin//squeue  -o "%i %P %j %t" 
slurm_load_jobs error: Unable to contact slurm controller (connect failure)

    at ChildProcess.exithandler (child_process.js:308:12)
    at ChildProcess.emit (events.js:315:20)
    at maybeClose (internal/child_process.js:1048:16)
    at Process.ChildProcess._handle.onexit (internal/child_process.js:288:5) {
  killed: false,
  code: 1,
  signal: null,
  cmd: '/data/www_dev/corona/bin/slurm/bin//squeue  -o "%i %P %j %t" '
}
ERROR with _squeue() method in nslurm : 
Error: Command failed: /data/www_dev/corona/bin/slurm/bin//squeue  -o "%i %P %j %t" 
slurm_load_jobs error: Unable to contact slurm controller (connect failure)

    at ChildProcess.exithandler (child_process.js:308:12)
    at ChildProcess.emit (events.js:315:20)
    at maybeClose (internal/child_process.js:1048:16)
    at Process.ChildProcess._handle.onexit (internal/child_process.js:288:5) {
  killed: false,
  code: 1,
  signal: null,
  cmd: '/data/www_dev/corona/bin/slurm/bin//squeue  -o "%i %P %j %t" '
}
ERROR with _squeue() method in nslurm : 
Error: Command failed: /data/www_dev/corona/bin/slurm/bin//squeue  -o "%i %P %j %t" 
slurm_load_jobs error: Unable to contact slurm controller (connect failure)

    at ChildProcess.exithandler (child_process.js:308:12)
    at ChildProcess.emit (events.js:315:20)
    at maybeClose (internal/child_process.js:1048:16)
    at Process.ChildProcess._handle.onexit (internal/child_process.js:288:5) {
  killed: false,
  code: 1,
  signal: null,
  cmd: '/data/www_dev/corona/bin/slurm/bin//squeue  -o "%i %P %j %t" '
}
ERROR with _squeue() method in nslurm : 
Error: Command failed: /data/www_dev/corona/bin/slurm/bin//squeue  -o "%i %P %j %t" 
slurm_load_jobs error: Unable to contact slurm controller (connect failure)

    at ChildProcess.exithandler (child_process.js:308:12)
    at ChildProcess.emit (events.js:315:20)
    at maybeClose (internal/child_process.js:1048:16)
    at Process.ChildProcess._handle.onexit (internal/child_process.js:288:5) {
  killed: false,
  code: 1,
  signal: null,
  cmd: '/data/www_dev/corona/bin/slurm/bin//squeue  -o "%i %P %j %t" '
}
ERROR with _squeue() method in nslurm : 
Error: Command failed: /data/www_dev/corona/bin/slurm/bin//squeue  -o "%i %P %j %t" 
slurm_load_jobs error: Unable to contact slurm controller (connect failure)

    at ChildProcess.exithandler (child_process.js:308:12)
    at ChildProcess.emit (events.js:315:20)
    at maybeClose (internal/child_process.js:1048:16)
    at Process.ChildProcess._handle.onexit (internal/child_process.js:288:5) {
  killed: false,
  code: 1,
  signal: null,
  cmd: '/data/www_dev/corona/bin/slurm/bin//squeue  -o "%i %P %j %t" '
}
ERROR with _squeue() method in nslurm : 
Error: Command failed: /data/www_dev/corona/bin/slurm/bin//squeue  -o "%i %P %j %t" 
slurm_load_jobs error: Unable to contact slurm controller (connect failure)

    at ChildProcess.exithandler (child_process.js:308:12)
    at ChildProcess.emit (events.js:315:20)
    at maybeClose (internal/child_process.js:1048:16)
    at Process.ChildProcess._handle.onexit (internal/child_process.js:288:5) {
  killed: false,
  code: 1,
  signal: null,
  cmd: '/data/www_dev/corona/bin/slurm/bin//squeue  -o "%i %P %j %t" '
}
ERROR with _squeue() method in nslurm : 
Error: Command failed: /data/www_dev/corona/bin/slurm/bin//squeue  -o "%i %P %j %t" 
slurm_load_jobs error: Unable to contact slurm controller (connect failure)

    at ChildProcess.exithandler (child_process.js:308:12)
    at ChildProcess.emit (events.js:315:20)
    at maybeClose (internal/child_process.js:1048:16)
    at Socket.<anonymous> (internal/child_process.js:439:11)
    at Socket.emit (events.js:315:20)
    at Pipe.<anonymous> (net.js:673:12) {
  killed: false,
  code: 1,
  signal: null,
  cmd: '/data/www_dev/corona/bin/slurm/bin//squeue  -o "%i %P %j %t" '
}
ERROR with _squeue() method in nslurm : 
Error: Command failed: /data/www_dev/corona/bin/slurm/bin//squeue  -o "%i %P %j %t" 
slurm_load_jobs error: Unable to contact slurm controller (connect failure)

    at ChildProcess.exithandler (child_process.js:308:12)
    at ChildProcess.emit (events.js:315:20)
    at maybeClose (internal/child_process.js:1048:16)
    at Socket.<anonymous> (internal/child_process.js:439:11)
    at Socket.emit (events.js:315:20)
    at Pipe.<anonymous> (net.js:673:12) {
  killed: false,
  code: 1,
  signal: null,
  cmd: '/data/www_dev/corona/bin/slurm/bin//squeue  -o "%i %P %j %t" '
}
ERROR with _squeue() method in nslurm : 
Error: Command failed: /data/www_dev/corona/bin/slurm/bin//squeue  -o "%i %P %j %t" 
slurm_load_jobs error: Unable to contact slurm controller (connect failure)

    at ChildProcess.exithandler (child_process.js:308:12)
    at ChildProcess.emit (events.js:315:20)
    at maybeClose (internal/child_process.js:1048:16)
    at Process.ChildProcess._handle.onexit (internal/child_process.js:288:5) {
  killed: false,
  code: 1,
  signal: null,
  cmd: '/data/www_dev/corona/bin/slurm/bin//squeue  -o "%i %P %j %t" '
}
ERROR with _squeue() method in nslurm : 
Error: Command failed: /data/www_dev/corona/bin/slurm/bin//squeue  -o "%i %P %j %t" 
slurm_load_jobs error: Unable to contact slurm controller (connect failure)

    at ChildProcess.exithandler (child_process.js:308:12)
    at ChildProcess.emit (events.js:315:20)
    at maybeClose (internal/child_process.js:1048:16)
    at Process.ChildProcess._handle.onexit (internal/child_process.js:288:5) {
  killed: false,
  code: 1,
  signal: null,
  cmd: '/data/www_dev/corona/bin/slurm/bin//squeue  -o "%i %P %j %t" '
}
ERROR with _squeue() method in nslurm : 
Error: Command failed: /data/www_dev/corona/bin/slurm/bin//squeue  -o "%i %P %j %t" 
slurm_load_jobs error: Unable to contact slurm controller (connect failure)

    at ChildProcess.exithandler (child_process.js:308:12)
    at ChildProcess.emit (events.js:315:20)
    at maybeClose (internal/child_process.js:1048:16)
    at Process.ChildProcess._handle.onexit (internal/child_process.js:288:5) {
  killed: false,
  code: 1,
  signal: null,
  cmd: '/data/www_dev/corona/bin/slurm/bin//squeue  -o "%i %P %j %t" '
}
ERROR with _squeue() method in nslurm : 
Error: Command failed: /data/www_dev/corona/bin/slurm/bin//squeue  -o "%i %P %j %t" 
slurm_load_jobs error: Unable to contact slurm controller (connect failure)

    at ChildProcess.exithandler (child_process.js:308:12)
    at ChildProcess.emit (events.js:315:20)
    at maybeClose (internal/child_process.js:1048:16)
    at Socket.<anonymous> (internal/child_process.js:439:11)
    at Socket.emit (events.js:315:20)
    at Pipe.<anonymous> (net.js:673:12) {
  killed: false,
  code: 1,
  signal: null,
  cmd: '/data/www_dev/corona/bin/slurm/bin//squeue  -o "%i %P %j %t" '
}
ERROR with _squeue() method in nslurm : 
Error: Command failed: /data/www_dev/corona/bin/slurm/bin//squeue  -o "%i %P %j %t" 
slurm_load_jobs error: Unable to contact slurm controller (connect failure)

    at ChildProcess.exithandler (child_process.js:308:12)
    at ChildProcess.emit (events.js:315:20)
    at maybeClose (internal/child_process.js:1048:16)
    at Process.ChildProcess._handle.onexit (internal/child_process.js:288:5) {
  killed: false,
  code: 1,
  signal: null,
  cmd: '/data/www_dev/corona/bin/slurm/bin//squeue  -o "%i %P %j %t" '
}
ERROR with _squeue() method in nslurm : 
Error: Command failed: /data/www_dev/corona/bin/slurm/bin//squeue  -o "%i %P %j %t" 
slurm_load_jobs error: Unable to contact slurm controller (connect failure)

    at ChildProcess.exithandler (child_process.js:308:12)
    at ChildProcess.emit (events.js:315:20)
    at maybeClose (internal/child_process.js:1048:16)
    at Process.ChildProcess._handle.onexit (internal/child_process.js:288:5) {
  killed: false,
  code: 1,
  signal: null,
  cmd: '/data/www_dev/corona/bin/slurm/bin//squeue  -o "%i %P %j %t" '
}
ERROR with _squeue() method in nslurm : 
Error: Command failed: /data/www_dev/corona/bin/slurm/bin//squeue  -o "%i %P %j %t" 
slurm_load_jobs error: Unable to contact slurm controller (connect failure)

    at ChildProcess.exithandler (child_process.js:308:12)
    at ChildProcess.emit (events.js:315:20)
    at maybeClose (internal/child_process.js:1048:16)
    at Process.ChildProcess._handle.onexit (internal/child_process.js:288:5) {
  killed: false,
  code: 1,
  signal: null,
  cmd: '/data/www_dev/corona/bin/slurm/bin//squeue  -o "%i %P %j %t" '
}
ERROR with _squeue() method in nslurm : 
Error: Command failed: /data/www_dev/corona/bin/slurm/bin//squeue  -o "%i %P %j %t" 
slurm_load_jobs error: Unable to contact slurm controller (connect failure)

    at ChildProcess.exithandler (child_process.js:308:12)
    at ChildProcess.emit (events.js:315:20)
    at maybeClose (internal/child_process.js:1048:16)
    at Socket.<anonymous> (internal/child_process.js:439:11)
    at Socket.emit (events.js:315:20)
    at Pipe.<anonymous> (net.js:673:12) {
  killed: false,
  code: 1,
  signal: null,
  cmd: '/data/www_dev/corona/bin/slurm/bin//squeue  -o "%i %P %j %t" '
}
ERROR with _squeue() method in nslurm : 
Error: Command failed: /data/www_dev/corona/bin/slurm/bin//squeue  -o "%i %P %j %t" 
slurm_load_jobs error: Unable to contact slurm controller (connect failure)

    at ChildProcess.exithandler (child_process.js:308:12)
    at ChildProcess.emit (events.js:315:20)
    at maybeClose (internal/child_process.js:1048:16)
    at Socket.<anonymous> (internal/child_process.js:439:11)
    at Socket.emit (events.js:315:20)
    at Pipe.<anonymous> (net.js:673:12) {
  killed: false,
  code: 1,
  signal: null,
  cmd: '/data/www_dev/corona/bin/slurm/bin//squeue  -o "%i %P %j %t" '
}
ERROR with _squeue() method in nslurm : 
Error: Command failed: /data/www_dev/corona/bin/slurm/bin//squeue  -o "%i %P %j %t" 
slurm_load_jobs error: Unable to contact slurm controller (connect failure)

    at ChildProcess.exithandler (child_process.js:308:12)
    at ChildProcess.emit (events.js:315:20)
    at maybeClose (internal/child_process.js:1048:16)
    at Socket.<anonymous> (internal/child_process.js:439:11)
    at Socket.emit (events.js:315:20)
    at Pipe.<anonymous> (net.js:673:12) {
  killed: false,
  code: 1,
  signal: null,
  cmd: '/data/www_dev/corona/bin/slurm/bin//squeue  -o "%i %P %j %t" '
}
ERROR with _squeue() method in nslurm : 
Error: Command failed: /data/www_dev/corona/bin/slurm/bin//squeue  -o "%i %P %j %t" 
slurm_load_jobs error: Unable to contact slurm controller (connect failure)

    at ChildProcess.exithandler (child_process.js:308:12)
    at ChildProcess.emit (events.js:315:20)
    at maybeClose (internal/child_process.js:1048:16)
    at Process.ChildProcess._handle.onexit (internal/child_process.js:288:5) {
  killed: false,
  code: 1,
  signal: null,
  cmd: '/data/www_dev/corona/bin/slurm/bin//squeue  -o "%i %P %j %t" '
}
ERROR with _squeue() method in nslurm : 
Error: Command failed: /data/www_dev/corona/bin/slurm/bin//squeue  -o "%i %P %j %t" 
slurm_load_jobs error: Unable to contact slurm controller (connect failure)

    at ChildProcess.exithandler (child_process.js:308:12)
    at ChildProcess.emit (events.js:315:20)
    at maybeClose (internal/child_process.js:1048:16)
    at Process.ChildProcess._handle.onexit (internal/child_process.js:288:5) {
  killed: false,
  code: 1,
  signal: null,
  cmd: '/data/www_dev/corona/bin/slurm/bin//squeue  -o "%i %P %j %t" '
}
ERROR with _squeue() method in nslurm : 
Error: Command failed: /data/www_dev/corona/bin/slurm/bin//squeue  -o "%i %P %j %t" 
slurm_load_jobs error: Unable to contact slurm controller (connect failure)

    at ChildProcess.exithandler (child_process.js:308:12)
    at ChildProcess.emit (events.js:315:20)
    at maybeClose (internal/child_process.js:1048:16)
    at Socket.<anonymous> (internal/child_process.js:439:11)
    at Socket.emit (events.js:315:20)
    at Pipe.<anonymous> (net.js:673:12) {
  killed: false,
  code: 1,
  signal: null,
  cmd: '/data/www_dev/corona/bin/slurm/bin//squeue  -o "%i %P %j %t" '
}
ERROR with _squeue() method in nslurm : 
Error: Command failed: /data/www_dev/corona/bin/slurm/bin//squeue  -o "%i %P %j %t" 
slurm_load_jobs error: Unable to contact slurm controller (connect failure)

    at ChildProcess.exithandler (child_process.js:308:12)
    at ChildProcess.emit (events.js:315:20)
    at maybeClose (internal/child_process.js:1048:16)
    at Socket.<anonymous> (internal/child_process.js:439:11)
    at Socket.emit (events.js:315:20)
    at Pipe.<anonymous> (net.js:673:12) {
  killed: false,
  code: 1,
  signal: null,
  cmd: '/data/www_dev/corona/bin/slurm/bin//squeue  -o "%i %P %j %t" '
}
ERROR with _squeue() method in nslurm : 
Error: Command failed: /data/www_dev/corona/bin/slurm/bin//squeue  -o "%i %P %j %t" 
slurm_load_jobs error: Unable to contact slurm controller (connect failure)

    at ChildProcess.exithandler (child_process.js:308:12)
    at ChildProcess.emit (events.js:315:20)
    at maybeClose (internal/child_process.js:1048:16)
    at Process.ChildProcess._handle.onexit (internal/child_process.js:288:5) {
  killed: false,
  code: 1,
  signal: null,
  cmd: '/data/www_dev/corona/bin/slurm/bin//squeue  -o "%i %P %j %t" '
}
ERROR with _squeue() method in nslurm : 
Error: Command failed: /data/www_dev/corona/bin/slurm/bin//squeue  -o "%i %P %j %t" 
slurm_load_jobs error: Unable to contact slurm controller (connect failure)

    at ChildProcess.exithandler (child_process.js:308:12)
    at ChildProcess.emit (events.js:315:20)
    at maybeClose (internal/child_process.js:1048:16)
    at Process.ChildProcess._handle.onexit (internal/child_process.js:288:5) {
  killed: false,
  code: 1,
  signal: null,
  cmd: '/data/www_dev/corona/bin/slurm/bin//squeue  -o "%i %P %j %t" '
}
ERROR with _squeue() method in nslurm : 
Error: Command failed: /data/www_dev/corona/bin/slurm/bin//squeue  -o "%i %P %j %t" 
slurm_load_jobs error: Unable to contact slurm controller (connect failure)

    at ChildProcess.exithandler (child_process.js:308:12)
    at ChildProcess.emit (events.js:315:20)
    at maybeClose (internal/child_process.js:1048:16)
    at Socket.<anonymous> (internal/child_process.js:439:11)
    at Socket.emit (events.js:315:20)
    at Pipe.<anonymous> (net.js:673:12) {
  killed: false,
  code: 1,
  signal: null,
  cmd: '/data/www_dev/corona/bin/slurm/bin//squeue  -o "%i %P %j %t" '
}
ERROR with _squeue() method in nslurm : 
Error: Command failed: /data/www_dev/corona/bin/slurm/bin//squeue  -o "%i %P %j %t" 
slurm_load_jobs error: Unable to contact slurm controller (connect failure)

    at ChildProcess.exithandler (child_process.js:308:12)
    at ChildProcess.emit (events.js:315:20)
    at maybeClose (internal/child_process.js:1048:16)
    at Process.ChildProcess._handle.onexit (internal/child_process.js:288:5) {
  killed: false,
  code: 1,
  signal: null,
  cmd: '/data/www_dev/corona/bin/slurm/bin//squeue  -o "%i %P %j %t" '
}
ERROR with _squeue() method in nslurm : 
Error: Command failed: /data/www_dev/corona/bin/slurm/bin//squeue  -o "%i %P %j %t" 
slurm_load_jobs error: Unable to contact slurm controller (connect failure)

    at ChildProcess.exithandler (child_process.js:308:12)
    at ChildProcess.emit (events.js:315:20)
    at maybeClose (internal/child_process.js:1048:16)
    at Socket.<anonymous> (internal/child_process.js:439:11)
    at Socket.emit (events.js:315:20)
    at Pipe.<anonymous> (net.js:673:12) {
  killed: false,
  code: 1,
  signal: null,
  cmd: '/data/www_dev/corona/bin/slurm/bin//squeue  -o "%i %P %j %t" '
}
ERROR with _squeue() method in nslurm : 
Error: Command failed: /data/www_dev/corona/bin/slurm/bin//squeue  -o "%i %P %j %t" 
slurm_load_jobs error: Unable to contact slurm controller (connect failure)

    at ChildProcess.exithandler (child_process.js:308:12)
    at ChildProcess.emit (events.js:315:20)
    at maybeClose (internal/child_process.js:1048:16)
    at Socket.<anonymous> (internal/child_process.js:439:11)
    at Socket.emit (events.js:315:20)
    at Pipe.<anonymous> (net.js:673:12) {
  killed: false,
  code: 1,
  signal: null,
  cmd: '/data/www_dev/corona/bin/slurm/bin//squeue  -o "%i %P %j %t" '
}
ERROR with _squeue() method in nslurm : 
Error: Command failed: /data/www_dev/corona/bin/slurm/bin//squeue  -o "%i %P %j %t" 
slurm_load_jobs error: Unable to contact slurm controller (connect failure)

    at ChildProcess.exithandler (child_process.js:308:12)
    at ChildProcess.emit (events.js:315:20)
    at maybeClose (internal/child_process.js:1048:16)
    at Process.ChildProcess._handle.onexit (internal/child_process.js:288:5) {
  killed: false,
  code: 1,
  signal: null,
  cmd: '/data/www_dev/corona/bin/slurm/bin//squeue  -o "%i %P %j %t" '
}
ERROR with _squeue() method in nslurm : 
Error: Command failed: /data/www_dev/corona/bin/slurm/bin//squeue  -o "%i %P %j %t" 
slurm_load_jobs error: Unable to contact slurm controller (connect failure)

    at ChildProcess.exithandler (child_process.js:308:12)
    at ChildProcess.emit (events.js:315:20)
    at maybeClose (internal/child_process.js:1048:16)
    at Process.ChildProcess._handle.onexit (internal/child_process.js:288:5) {
  killed: false,
  code: 1,
  signal: null,
  cmd: '/data/www_dev/corona/bin/slurm/bin//squeue  -o "%i %P %j %t" '
}
ERROR with _squeue() method in nslurm : 
Error: Command failed: /data/www_dev/corona/bin/slurm/bin//squeue  -o "%i %P %j %t" 
slurm_load_jobs error: Unable to contact slurm controller (connect failure)

    at ChildProcess.exithandler (child_process.js:308:12)
    at ChildProcess.emit (events.js:315:20)
    at maybeClose (internal/child_process.js:1048:16)
    at Process.ChildProcess._handle.onexit (internal/child_process.js:288:5) {
  killed: false,
  code: 1,
  signal: null,
  cmd: '/data/www_dev/corona/bin/slurm/bin//squeue  -o "%i %P %j %t" '
}
ERROR with _squeue() method in nslurm : 
Error: Command failed: /data/www_dev/corona/bin/slurm/bin//squeue  -o "%i %P %j %t" 
slurm_load_jobs error: Unable to contact slurm controller (connect failure)

    at ChildProcess.exithandler (child_process.js:308:12)
    at ChildProcess.emit (events.js:315:20)
    at maybeClose (internal/child_process.js:1048:16)
    at Socket.<anonymous> (internal/child_process.js:439:11)
    at Socket.emit (events.js:315:20)
    at Pipe.<anonymous> (net.js:673:12) {
  killed: false,
  code: 1,
  signal: null,
  cmd: '/data/www_dev/corona/bin/slurm/bin//squeue  -o "%i %P %j %t" '
}
ERROR with _squeue() method in nslurm : 
Error: Command failed: /data/www_dev/corona/bin/slurm/bin//squeue  -o "%i %P %j %t" 
slurm_load_jobs error: Unable to contact slurm controller (connect failure)

    at ChildProcess.exithandler (child_process.js:308:12)
    at ChildProcess.emit (events.js:315:20)
    at maybeClose (internal/child_process.js:1048:16)
    at Process.ChildProcess._handle.onexit (internal/child_process.js:288:5) {
  killed: false,
  code: 1,
  signal: null,
  cmd: '/data/www_dev/corona/bin/slurm/bin//squeue  -o "%i %P %j %t" '
}
ERROR with _squeue() method in nslurm : 
Error: Command failed: /data/www_dev/corona/bin/slurm/bin//squeue  -o "%i %P %j %t" 
slurm_load_jobs error: Unable to contact slurm controller (connect failure)

    at ChildProcess.exithandler (child_process.js:308:12)
    at ChildProcess.emit (events.js:315:20)
    at maybeClose (internal/child_process.js:1048:16)
    at Socket.<anonymous> (internal/child_process.js:439:11)
    at Socket.emit (events.js:315:20)
    at Pipe.<anonymous> (net.js:673:12) {
  killed: false,
  code: 1,
  signal: null,
  cmd: '/data/www_dev/corona/bin/slurm/bin//squeue  -o "%i %P %j %t" '
}
ERROR with _squeue() method in nslurm : 
Error: Command failed: /data/www_dev/corona/bin/slurm/bin//squeue  -o "%i %P %j %t" 
slurm_load_jobs error: Unable to contact slurm controller (connect failure)

    at ChildProcess.exithandler (child_process.js:308:12)
    at ChildProcess.emit (events.js:315:20)
    at maybeClose (internal/child_process.js:1048:16)
    at Process.ChildProcess._handle.onexit (internal/child_process.js:288:5) {
  killed: false,
  code: 1,
  signal: null,
  cmd: '/data/www_dev/corona/bin/slurm/bin//squeue  -o "%i %P %j %t" '
}
ERROR with _squeue() method in nslurm : 
Error: Command failed: /data/www_dev/corona/bin/slurm/bin//squeue  -o "%i %P %j %t" 
slurm_load_jobs error: Unable to contact slurm controller (connect failure)

    at ChildProcess.exithandler (child_process.js:308:12)
    at ChildProcess.emit (events.js:315:20)
    at maybeClose (internal/child_process.js:1048:16)
    at Socket.<anonymous> (internal/child_process.js:439:11)
    at Socket.emit (events.js:315:20)
    at Pipe.<anonymous> (net.js:673:12) {
  killed: false,
  code: 1,
  signal: null,
  cmd: '/data/www_dev/corona/bin/slurm/bin//squeue  -o "%i %P %j %t" '
}
io on connection
io on connection
io on connection
http://localhost:3709/dbSnapshot
http://localhost:1134/results/3O44
http://localhost:1134/pdb/3O44
http://localhost:3709/getallid
http://localhost:3709/sortByCategory
ERROR in configJobCorona : no requestPPM specified
###############################
###### Current jobs pool ######
###############################
# coronaTask_a7b71337-8dca-4398-8446-1c8cff97f299 : CREATED

sbatch command written to /data/dev/corona/tmp/forceCache//coronaTask_a7b71337-8dca-4398-8446-1c8cff97f299/coronaTask_a7b71337-8dca-4398-8446-1c8cff97f299.sbatch
sbatch w/, /data/www_dev/corona/bin/slurm/bin//sbatch/data/dev/corona/tmp/forceCache//coronaTask_a7b71337-8dca-4398-8446-1c8cff97f299/coronaTask_a7b71337-8dca-4398-8446-1c8cff97f299.sbatch
this.sbatch : >/data/www_dev/corona/bin/slurm/bin//sbatch<
sbatchArgArray : >/data/dev/corona/tmp/forceCache//coronaTask_a7b71337-8dca-4398-8446-1c8cff97f299/coronaTask_a7b71337-8dca-4398-8446-1c8cff97f299.sbatch<
this.workdir : >/data/dev/corona/tmp/forceCache//coronaTask_a7b71337-8dca-4398-8446-1c8cff97f299<
###############################
###### Current jobs pool ######
###############################
# coronaTask_a7b71337-8dca-4398-8446-1c8cff97f299 : SUBMITTED

Status Updating [job coronaTask_a7b71337-8dca-4398-8446-1c8cff97f299 ] : from 'SUBMITTED' to 'START'
Status Updating [job coronaTask_a7b71337-8dca-4398-8446-1c8cff97f299 ] : from 'START' to 'FINISHED'
Pulling coronaTask_a7b71337-8dca-4398-8446-1c8cff97f299
{
  resultsPath: '/data/dev/corona/tmp/forceCache/coronaTask_a7b71337-8dca-4398-8446-1c8cff97f299/results/'
}
jobCompletion
jobCompleted
io on connection
http://localhost:3709/dbSnapshot
http://localhost:1134/results/2
http://localhost:1134/pdb/1O5W
http://localhost:3709/getallid
http://localhost:3709/sortByCategory
io on connection
http://localhost:3709/dbSnapshot
http://localhost:1134/results/2HY
http://localhost:1134/pdb/2HYD
http://localhost:3709/getallid
http://localhost:3709/sortByCategory
ERROR in configJobCorona : no requestPPM specified
###############################
###### Current jobs pool ######
###############################
# coronaTask_28afb741-572d-4b16-9aa7-caf9a6584903 : CREATED

sbatch command written to /data/dev/corona/tmp/forceCache//coronaTask_28afb741-572d-4b16-9aa7-caf9a6584903/coronaTask_28afb741-572d-4b16-9aa7-caf9a6584903.sbatch
sbatch w/, /data/www_dev/corona/bin/slurm/bin//sbatch/data/dev/corona/tmp/forceCache//coronaTask_28afb741-572d-4b16-9aa7-caf9a6584903/coronaTask_28afb741-572d-4b16-9aa7-caf9a6584903.sbatch
this.sbatch : >/data/www_dev/corona/bin/slurm/bin//sbatch<
sbatchArgArray : >/data/dev/corona/tmp/forceCache//coronaTask_28afb741-572d-4b16-9aa7-caf9a6584903/coronaTask_28afb741-572d-4b16-9aa7-caf9a6584903.sbatch<
this.workdir : >/data/dev/corona/tmp/forceCache//coronaTask_28afb741-572d-4b16-9aa7-caf9a6584903<
###############################
###### Current jobs pool ######
###############################
# coronaTask_28afb741-572d-4b16-9aa7-caf9a6584903 : SUBMITTED

Status Updating [job coronaTask_28afb741-572d-4b16-9aa7-caf9a6584903 ] : from 'SUBMITTED' to 'START'
Status Updating [job coronaTask_28afb741-572d-4b16-9aa7-caf9a6584903 ] : from 'START' to 'FINISHED'
Pulling coronaTask_28afb741-572d-4b16-9aa7-caf9a6584903
{
  resultsPath: '/data/dev/corona/tmp/forceCache/coronaTask_28afb741-572d-4b16-9aa7-caf9a6584903/results/'
}
jobCompletion
jobCompleted
io on connection
io on connection
io on connection
io on connection
io on connection
http://localhost:3709/dbSnapshot
http://localhost:1134/results/2HY
http://localhost:1134/pdb/2HYD
http://localhost:3709/getallid
http://localhost:3709/sortByCategory
ERROR in configJobCorona : no requestPPM specified
###############################
###### Current jobs pool ######
###############################
# coronaTask_dd1265f9-1112-45c0-91a5-ae127250bed4 : CREATED

sbatch command written to /data/dev/corona/tmp/forceCache//coronaTask_dd1265f9-1112-45c0-91a5-ae127250bed4/coronaTask_dd1265f9-1112-45c0-91a5-ae127250bed4.sbatch
sbatch w/, /data/www_dev/corona/bin/slurm/bin//sbatch/data/dev/corona/tmp/forceCache//coronaTask_dd1265f9-1112-45c0-91a5-ae127250bed4/coronaTask_dd1265f9-1112-45c0-91a5-ae127250bed4.sbatch
this.sbatch : >/data/www_dev/corona/bin/slurm/bin//sbatch<
sbatchArgArray : >/data/dev/corona/tmp/forceCache//coronaTask_dd1265f9-1112-45c0-91a5-ae127250bed4/coronaTask_dd1265f9-1112-45c0-91a5-ae127250bed4.sbatch<
this.workdir : >/data/dev/corona/tmp/forceCache//coronaTask_dd1265f9-1112-45c0-91a5-ae127250bed4<
###############################
###### Current jobs pool ######
###############################
# coronaTask_dd1265f9-1112-45c0-91a5-ae127250bed4 : SUBMITTED

Status Updating [job coronaTask_dd1265f9-1112-45c0-91a5-ae127250bed4 ] : from 'SUBMITTED' to 'START'
Status Updating [job coronaTask_dd1265f9-1112-45c0-91a5-ae127250bed4 ] : from 'START' to 'FINISHED'
Pulling coronaTask_dd1265f9-1112-45c0-91a5-ae127250bed4
{
  resultsPath: '/data/dev/corona/tmp/forceCache/coronaTask_dd1265f9-1112-45c0-91a5-ae127250bed4/results/'
}
jobCompletion
jobCompleted
io on connection
http://localhost:3709/dbSnapshot
http://localhost:1134/results/2HY
http://localhost:1134/pdb/2HYD
http://localhost:3709/getallid
http://localhost:3709/sortByCategory
ERROR in configJobCorona : no requestPPM specified
###############################
###### Current jobs pool ######
###############################
# coronaTask_ff5c63e9-0288-464b-89ce-df0521990307 : CREATED

sbatch command written to /data/dev/corona/tmp/forceCache//coronaTask_ff5c63e9-0288-464b-89ce-df0521990307/coronaTask_ff5c63e9-0288-464b-89ce-df0521990307.sbatch
sbatch w/, /data/www_dev/corona/bin/slurm/bin//sbatch/data/dev/corona/tmp/forceCache//coronaTask_ff5c63e9-0288-464b-89ce-df0521990307/coronaTask_ff5c63e9-0288-464b-89ce-df0521990307.sbatch
this.sbatch : >/data/www_dev/corona/bin/slurm/bin//sbatch<
sbatchArgArray : >/data/dev/corona/tmp/forceCache//coronaTask_ff5c63e9-0288-464b-89ce-df0521990307/coronaTask_ff5c63e9-0288-464b-89ce-df0521990307.sbatch<
this.workdir : >/data/dev/corona/tmp/forceCache//coronaTask_ff5c63e9-0288-464b-89ce-df0521990307<
###############################
###### Current jobs pool ######
###############################
# coronaTask_ff5c63e9-0288-464b-89ce-df0521990307 : SUBMITTED

Status Updating [job coronaTask_ff5c63e9-0288-464b-89ce-df0521990307 ] : from 'SUBMITTED' to 'START'
Status Updating [job coronaTask_ff5c63e9-0288-464b-89ce-df0521990307 ] : from 'START' to 'FINISHED'
Pulling coronaTask_ff5c63e9-0288-464b-89ce-df0521990307
{
  resultsPath: '/data/dev/corona/tmp/forceCache/coronaTask_ff5c63e9-0288-464b-89ce-df0521990307/results/'
}
jobCompletion
jobCompleted
io on connection
http://localhost:3709/dbSnapshot
http://localhost:1134/results/2HYD
http://localhost:1134/pdb/2HYD
http://localhost:3709/getallid
http://localhost:3709/sortByCategory
ERROR in configJobCorona : no requestPPM specified
###############################
###### Current jobs pool ######
###############################
# coronaTask_33ed6dc3-10d3-4a04-b035-e6a569e24b23 : CREATED

sbatch command written to /data/dev/corona/tmp/forceCache//coronaTask_33ed6dc3-10d3-4a04-b035-e6a569e24b23/coronaTask_33ed6dc3-10d3-4a04-b035-e6a569e24b23.sbatch
sbatch w/, /data/www_dev/corona/bin/slurm/bin//sbatch/data/dev/corona/tmp/forceCache//coronaTask_33ed6dc3-10d3-4a04-b035-e6a569e24b23/coronaTask_33ed6dc3-10d3-4a04-b035-e6a569e24b23.sbatch
this.sbatch : >/data/www_dev/corona/bin/slurm/bin//sbatch<
sbatchArgArray : >/data/dev/corona/tmp/forceCache//coronaTask_33ed6dc3-10d3-4a04-b035-e6a569e24b23/coronaTask_33ed6dc3-10d3-4a04-b035-e6a569e24b23.sbatch<
this.workdir : >/data/dev/corona/tmp/forceCache//coronaTask_33ed6dc3-10d3-4a04-b035-e6a569e24b23<
###############################
###### Current jobs pool ######
###############################
# coronaTask_33ed6dc3-10d3-4a04-b035-e6a569e24b23 : SUBMITTED

Status Updating [job coronaTask_33ed6dc3-10d3-4a04-b035-e6a569e24b23 ] : from 'SUBMITTED' to 'START'
Status Updating [job coronaTask_33ed6dc3-10d3-4a04-b035-e6a569e24b23 ] : from 'START' to 'FINISHED'
Pulling coronaTask_33ed6dc3-10d3-4a04-b035-e6a569e24b23
{
  resultsPath: '/data/dev/corona/tmp/forceCache/coronaTask_33ed6dc3-10d3-4a04-b035-e6a569e24b23/results/'
}
jobCompletion
jobCompleted
io on connection
http://localhost:3709/dbSnapshot
http://localhost:1134/results/2HYD
http://localhost:1134/pdb/2HYD
http://localhost:3709/getallid
http://localhost:3709/sortByCategory
ERROR in configJobCorona : no requestPPM specified
###############################
###### Current jobs pool ######
###############################
# coronaTask_014419dd-672d-4b2f-84ab-c2e5a9530632 : CREATED

sbatch command written to /data/dev/corona/tmp/forceCache//coronaTask_014419dd-672d-4b2f-84ab-c2e5a9530632/coronaTask_014419dd-672d-4b2f-84ab-c2e5a9530632.sbatch
sbatch w/, /data/www_dev/corona/bin/slurm/bin//sbatch/data/dev/corona/tmp/forceCache//coronaTask_014419dd-672d-4b2f-84ab-c2e5a9530632/coronaTask_014419dd-672d-4b2f-84ab-c2e5a9530632.sbatch
this.sbatch : >/data/www_dev/corona/bin/slurm/bin//sbatch<
sbatchArgArray : >/data/dev/corona/tmp/forceCache//coronaTask_014419dd-672d-4b2f-84ab-c2e5a9530632/coronaTask_014419dd-672d-4b2f-84ab-c2e5a9530632.sbatch<
this.workdir : >/data/dev/corona/tmp/forceCache//coronaTask_014419dd-672d-4b2f-84ab-c2e5a9530632<
###############################
###### Current jobs pool ######
###############################
# coronaTask_014419dd-672d-4b2f-84ab-c2e5a9530632 : SUBMITTED

Status Updating [job coronaTask_014419dd-672d-4b2f-84ab-c2e5a9530632 ] : from 'SUBMITTED' to 'START'
Status Updating [job coronaTask_014419dd-672d-4b2f-84ab-c2e5a9530632 ] : from 'START' to 'FINISHED'
Pulling coronaTask_014419dd-672d-4b2f-84ab-c2e5a9530632
{
  resultsPath: '/data/dev/corona/tmp/forceCache/coronaTask_014419dd-672d-4b2f-84ab-c2e5a9530632/results/'
}
jobCompletion
jobCompleted
io on connection
http://localhost:3709/dbSnapshot
http://localhost:1134/results/2HYD
http://localhost:1134/pdb/2HYD
http://localhost:3709/getallid
http://localhost:3709/sortByCategory
ERROR in configJobCorona : no requestPPM specified
###############################
###### Current jobs pool ######
###############################
# coronaTask_cd3bd50f-01c8-48ff-8658-09efa9afc6d4 : CREATED

sbatch command written to /data/dev/corona/tmp/forceCache//coronaTask_cd3bd50f-01c8-48ff-8658-09efa9afc6d4/coronaTask_cd3bd50f-01c8-48ff-8658-09efa9afc6d4.sbatch
sbatch w/, /data/www_dev/corona/bin/slurm/bin//sbatch/data/dev/corona/tmp/forceCache//coronaTask_cd3bd50f-01c8-48ff-8658-09efa9afc6d4/coronaTask_cd3bd50f-01c8-48ff-8658-09efa9afc6d4.sbatch
this.sbatch : >/data/www_dev/corona/bin/slurm/bin//sbatch<
sbatchArgArray : >/data/dev/corona/tmp/forceCache//coronaTask_cd3bd50f-01c8-48ff-8658-09efa9afc6d4/coronaTask_cd3bd50f-01c8-48ff-8658-09efa9afc6d4.sbatch<
this.workdir : >/data/dev/corona/tmp/forceCache//coronaTask_cd3bd50f-01c8-48ff-8658-09efa9afc6d4<
###############################
###### Current jobs pool ######
###############################
# coronaTask_cd3bd50f-01c8-48ff-8658-09efa9afc6d4 : SUBMITTED

Status Updating [job coronaTask_cd3bd50f-01c8-48ff-8658-09efa9afc6d4 ] : from 'SUBMITTED' to 'START'
Status Updating [job coronaTask_cd3bd50f-01c8-48ff-8658-09efa9afc6d4 ] : from 'START' to 'FINISHED'
Pulling coronaTask_cd3bd50f-01c8-48ff-8658-09efa9afc6d4
{
  resultsPath: '/data/dev/corona/tmp/forceCache/coronaTask_cd3bd50f-01c8-48ff-8658-09efa9afc6d4/results/'
}
jobCompletion
jobCompleted
io on connection
io on connection
io on connection
io on connection
io on connection
io on connection
io on connection
io on connection
io on connection
io on connection
io on connection
io on connection
io on connection
io on connection
io on connection
http://localhost:3709/dbSnapshot
http://localhost:1134/results/2HYD
http://localhost:1134/pdb/2HYD
http://localhost:3709/getallid
http://localhost:3709/sortByCategory
ERROR in configJobCorona : no requestPPM specified
###############################
###### Current jobs pool ######
###############################
# coronaTask_6b9d50d3-36f9-45db-b86c-d135da2b9f02 : CREATED

sbatch command written to /data/dev/corona/tmp/forceCache//coronaTask_6b9d50d3-36f9-45db-b86c-d135da2b9f02/coronaTask_6b9d50d3-36f9-45db-b86c-d135da2b9f02.sbatch
sbatch w/, /data/www_dev/corona/bin/slurm/bin//sbatch/data/dev/corona/tmp/forceCache//coronaTask_6b9d50d3-36f9-45db-b86c-d135da2b9f02/coronaTask_6b9d50d3-36f9-45db-b86c-d135da2b9f02.sbatch
this.sbatch : >/data/www_dev/corona/bin/slurm/bin//sbatch<
sbatchArgArray : >/data/dev/corona/tmp/forceCache//coronaTask_6b9d50d3-36f9-45db-b86c-d135da2b9f02/coronaTask_6b9d50d3-36f9-45db-b86c-d135da2b9f02.sbatch<
this.workdir : >/data/dev/corona/tmp/forceCache//coronaTask_6b9d50d3-36f9-45db-b86c-d135da2b9f02<
###############################
###### Current jobs pool ######
###############################
# coronaTask_6b9d50d3-36f9-45db-b86c-d135da2b9f02 : SUBMITTED

Status Updating [job coronaTask_6b9d50d3-36f9-45db-b86c-d135da2b9f02 ] : from 'SUBMITTED' to 'START'
Status Updating [job coronaTask_6b9d50d3-36f9-45db-b86c-d135da2b9f02 ] : from 'START' to 'FINISHED'
Pulling coronaTask_6b9d50d3-36f9-45db-b86c-d135da2b9f02
{
  resultsPath: '/data/dev/corona/tmp/forceCache/coronaTask_6b9d50d3-36f9-45db-b86c-d135da2b9f02/results/'
}
jobCompletion
jobCompleted
io on connection
http://localhost:3709/dbSnapshot
http://localhost:1134/results/2HYD
http://localhost:1134/pdb/2HYD
http://localhost:3709/getallid
http://localhost:3709/sortByCategory
io on connection
ERROR in configJobCorona : no requestPPM specified
###############################
###### Current jobs pool ######
###############################
# coronaTask_28e33f6e-24d4-437f-bff5-73d49f20aa50 : CREATED

sbatch command written to /data/dev/corona/tmp/forceCache//coronaTask_28e33f6e-24d4-437f-bff5-73d49f20aa50/coronaTask_28e33f6e-24d4-437f-bff5-73d49f20aa50.sbatch
sbatch w/, /data/www_dev/corona/bin/slurm/bin//sbatch/data/dev/corona/tmp/forceCache//coronaTask_28e33f6e-24d4-437f-bff5-73d49f20aa50/coronaTask_28e33f6e-24d4-437f-bff5-73d49f20aa50.sbatch
this.sbatch : >/data/www_dev/corona/bin/slurm/bin//sbatch<
sbatchArgArray : >/data/dev/corona/tmp/forceCache//coronaTask_28e33f6e-24d4-437f-bff5-73d49f20aa50/coronaTask_28e33f6e-24d4-437f-bff5-73d49f20aa50.sbatch<
this.workdir : >/data/dev/corona/tmp/forceCache//coronaTask_28e33f6e-24d4-437f-bff5-73d49f20aa50<
###############################
###### Current jobs pool ######
###############################
# coronaTask_28e33f6e-24d4-437f-bff5-73d49f20aa50 : SUBMITTED

Status Updating [job coronaTask_28e33f6e-24d4-437f-bff5-73d49f20aa50 ] : from 'SUBMITTED' to 'START'
Status Updating [job coronaTask_28e33f6e-24d4-437f-bff5-73d49f20aa50 ] : from 'START' to 'FINISHED'
Pulling coronaTask_28e33f6e-24d4-437f-bff5-73d49f20aa50
{
  resultsPath: '/data/dev/corona/tmp/forceCache/coronaTask_28e33f6e-24d4-437f-bff5-73d49f20aa50/results/'
}
jobCompletion
jobCompleted
io on connection
http://localhost:3709/dbSnapshot
http://localhost:1134/results/2HYD
http://localhost:1134/pdb/2HYD
http://localhost:3709/getallid
http://localhost:3709/sortByCategory
ERROR in configJobCorona : no requestPPM specified
###############################
###### Current jobs pool ######
###############################
# coronaTask_ee483d70-5c4a-41b8-a592-4e0aaee5a73b : CREATED

sbatch command written to /data/dev/corona/tmp/forceCache//coronaTask_ee483d70-5c4a-41b8-a592-4e0aaee5a73b/coronaTask_ee483d70-5c4a-41b8-a592-4e0aaee5a73b.sbatch
sbatch w/, /data/www_dev/corona/bin/slurm/bin//sbatch/data/dev/corona/tmp/forceCache//coronaTask_ee483d70-5c4a-41b8-a592-4e0aaee5a73b/coronaTask_ee483d70-5c4a-41b8-a592-4e0aaee5a73b.sbatch
this.sbatch : >/data/www_dev/corona/bin/slurm/bin//sbatch<
sbatchArgArray : >/data/dev/corona/tmp/forceCache//coronaTask_ee483d70-5c4a-41b8-a592-4e0aaee5a73b/coronaTask_ee483d70-5c4a-41b8-a592-4e0aaee5a73b.sbatch<
this.workdir : >/data/dev/corona/tmp/forceCache//coronaTask_ee483d70-5c4a-41b8-a592-4e0aaee5a73b<
###############################
###### Current jobs pool ######
###############################
# coronaTask_ee483d70-5c4a-41b8-a592-4e0aaee5a73b : SUBMITTED

Status Updating [job coronaTask_ee483d70-5c4a-41b8-a592-4e0aaee5a73b ] : from 'SUBMITTED' to 'START'
Status Updating [job coronaTask_ee483d70-5c4a-41b8-a592-4e0aaee5a73b ] : from 'START' to 'FINISHED'
Pulling coronaTask_ee483d70-5c4a-41b8-a592-4e0aaee5a73b
{
  resultsPath: '/data/dev/corona/tmp/forceCache/coronaTask_ee483d70-5c4a-41b8-a592-4e0aaee5a73b/results/'
}
jobCompletion
jobCompleted
io on connection
http://localhost:3709/dbSnapshot
http://localhost:1134/results/2HYD
http://localhost:1134/pdb/2HYD
http://localhost:3709/getallid
http://localhost:3709/sortByCategory
ERROR in configJobCorona : no requestPPM specified
###############################
###### Current jobs pool ######
###############################
# coronaTask_3abb0172-a718-4115-8b20-bf67aa301d9e : CREATED

sbatch command written to /data/dev/corona/tmp/forceCache//coronaTask_3abb0172-a718-4115-8b20-bf67aa301d9e/coronaTask_3abb0172-a718-4115-8b20-bf67aa301d9e.sbatch
sbatch w/, /data/www_dev/corona/bin/slurm/bin//sbatch/data/dev/corona/tmp/forceCache//coronaTask_3abb0172-a718-4115-8b20-bf67aa301d9e/coronaTask_3abb0172-a718-4115-8b20-bf67aa301d9e.sbatch
this.sbatch : >/data/www_dev/corona/bin/slurm/bin//sbatch<
sbatchArgArray : >/data/dev/corona/tmp/forceCache//coronaTask_3abb0172-a718-4115-8b20-bf67aa301d9e/coronaTask_3abb0172-a718-4115-8b20-bf67aa301d9e.sbatch<
this.workdir : >/data/dev/corona/tmp/forceCache//coronaTask_3abb0172-a718-4115-8b20-bf67aa301d9e<
###############################
###### Current jobs pool ######
###############################
# coronaTask_3abb0172-a718-4115-8b20-bf67aa301d9e : SUBMITTED

Status Updating [job coronaTask_3abb0172-a718-4115-8b20-bf67aa301d9e ] : from 'SUBMITTED' to 'START'
Status Updating [job coronaTask_3abb0172-a718-4115-8b20-bf67aa301d9e ] : from 'START' to 'FINISHED'
Pulling coronaTask_3abb0172-a718-4115-8b20-bf67aa301d9e
{
  resultsPath: '/data/dev/corona/tmp/forceCache/coronaTask_3abb0172-a718-4115-8b20-bf67aa301d9e/results/'
}
jobCompletion
jobCompleted
io on connection
http://localhost:3709/dbSnapshot
http://localhost:1134/results/2HYD
http://localhost:1134/pdb/2HYD
http://localhost:3709/getallid
http://localhost:3709/sortByCategory
ERROR in configJobCorona : no requestPPM specified
###############################
###### Current jobs pool ######
###############################
# coronaTask_0730c685-36e7-4afe-af57-e2ef763665d3 : CREATED

sbatch command written to /data/dev/corona/tmp/forceCache//coronaTask_0730c685-36e7-4afe-af57-e2ef763665d3/coronaTask_0730c685-36e7-4afe-af57-e2ef763665d3.sbatch
sbatch w/, /data/www_dev/corona/bin/slurm/bin//sbatch/data/dev/corona/tmp/forceCache//coronaTask_0730c685-36e7-4afe-af57-e2ef763665d3/coronaTask_0730c685-36e7-4afe-af57-e2ef763665d3.sbatch
this.sbatch : >/data/www_dev/corona/bin/slurm/bin//sbatch<
sbatchArgArray : >/data/dev/corona/tmp/forceCache//coronaTask_0730c685-36e7-4afe-af57-e2ef763665d3/coronaTask_0730c685-36e7-4afe-af57-e2ef763665d3.sbatch<
this.workdir : >/data/dev/corona/tmp/forceCache//coronaTask_0730c685-36e7-4afe-af57-e2ef763665d3<
###############################
###### Current jobs pool ######
###############################
# coronaTask_0730c685-36e7-4afe-af57-e2ef763665d3 : SUBMITTED

Status Updating [job coronaTask_0730c685-36e7-4afe-af57-e2ef763665d3 ] : from 'SUBMITTED' to 'START'
Status Updating [job coronaTask_0730c685-36e7-4afe-af57-e2ef763665d3 ] : from 'START' to 'FINISHED'
Pulling coronaTask_0730c685-36e7-4afe-af57-e2ef763665d3
{
  resultsPath: '/data/dev/corona/tmp/forceCache/coronaTask_0730c685-36e7-4afe-af57-e2ef763665d3/results/'
}
jobCompletion
jobCompleted
io on connection
io on connection
io on connection
io on connection
io on connection
io on connection
io on connection
io on connection
io on connection
http://localhost:3709/dbSnapshot
http://localhost:1134/results/2HYD
http://localhost:1134/pdb/2HYD
http://localhost:3709/getallid
http://localhost:3709/sortByCategory
ERROR in configJobCorona : no requestPPM specified
###############################
###### Current jobs pool ######
###############################
# coronaTask_83b1dbba-9e6e-4b05-80c5-b55f34dd41aa : CREATED

sbatch command written to /data/dev/corona/tmp/forceCache//coronaTask_83b1dbba-9e6e-4b05-80c5-b55f34dd41aa/coronaTask_83b1dbba-9e6e-4b05-80c5-b55f34dd41aa.sbatch
sbatch w/, /data/www_dev/corona/bin/slurm/bin//sbatch/data/dev/corona/tmp/forceCache//coronaTask_83b1dbba-9e6e-4b05-80c5-b55f34dd41aa/coronaTask_83b1dbba-9e6e-4b05-80c5-b55f34dd41aa.sbatch
this.sbatch : >/data/www_dev/corona/bin/slurm/bin//sbatch<
sbatchArgArray : >/data/dev/corona/tmp/forceCache//coronaTask_83b1dbba-9e6e-4b05-80c5-b55f34dd41aa/coronaTask_83b1dbba-9e6e-4b05-80c5-b55f34dd41aa.sbatch<
this.workdir : >/data/dev/corona/tmp/forceCache//coronaTask_83b1dbba-9e6e-4b05-80c5-b55f34dd41aa<
###############################
###### Current jobs pool ######
###############################
# coronaTask_83b1dbba-9e6e-4b05-80c5-b55f34dd41aa : SUBMITTED

Status Updating [job coronaTask_83b1dbba-9e6e-4b05-80c5-b55f34dd41aa ] : from 'SUBMITTED' to 'START'
Status Updating [job coronaTask_83b1dbba-9e6e-4b05-80c5-b55f34dd41aa ] : from 'START' to 'FINISHED'
Pulling coronaTask_83b1dbba-9e6e-4b05-80c5-b55f34dd41aa
{
  resultsPath: '/data/dev/corona/tmp/forceCache/coronaTask_83b1dbba-9e6e-4b05-80c5-b55f34dd41aa/results/'
}
jobCompletion
jobCompleted
io on connection
http://localhost:3709/dbSnapshot
http://localhost:1134/results/2HY
http://localhost:1134/pdb/2HYD
http://localhost:3709/getallid
http://localhost:3709/sortByCategory
ERROR in configJobCorona : no requestPPM specified
###############################
###### Current jobs pool ######
###############################
# coronaTask_c7ad4a73-d021-4159-ae2b-bed0f278c758 : CREATED

sbatch command written to /data/dev/corona/tmp/forceCache//coronaTask_c7ad4a73-d021-4159-ae2b-bed0f278c758/coronaTask_c7ad4a73-d021-4159-ae2b-bed0f278c758.sbatch
sbatch w/, /data/www_dev/corona/bin/slurm/bin//sbatch/data/dev/corona/tmp/forceCache//coronaTask_c7ad4a73-d021-4159-ae2b-bed0f278c758/coronaTask_c7ad4a73-d021-4159-ae2b-bed0f278c758.sbatch
this.sbatch : >/data/www_dev/corona/bin/slurm/bin//sbatch<
sbatchArgArray : >/data/dev/corona/tmp/forceCache//coronaTask_c7ad4a73-d021-4159-ae2b-bed0f278c758/coronaTask_c7ad4a73-d021-4159-ae2b-bed0f278c758.sbatch<
this.workdir : >/data/dev/corona/tmp/forceCache//coronaTask_c7ad4a73-d021-4159-ae2b-bed0f278c758<
###############################
###### Current jobs pool ######
###############################
# coronaTask_c7ad4a73-d021-4159-ae2b-bed0f278c758 : SUBMITTED

Status Updating [job coronaTask_c7ad4a73-d021-4159-ae2b-bed0f278c758 ] : from 'SUBMITTED' to 'START'
Status Updating [job coronaTask_c7ad4a73-d021-4159-ae2b-bed0f278c758 ] : from 'START' to 'FINISHED'
Pulling coronaTask_c7ad4a73-d021-4159-ae2b-bed0f278c758
{
  resultsPath: '/data/dev/corona/tmp/forceCache/coronaTask_c7ad4a73-d021-4159-ae2b-bed0f278c758/results/'
}
jobCompletion
jobCompleted
io on connection
http://localhost:3709/dbSnapshot
http://localhost:1134/results/2HYD
http://localhost:1134/pdb/2HYD
http://localhost:3709/getallid
http://localhost:3709/sortByCategory
ERROR in configJobCorona : no requestPPM specified
###############################
###### Current jobs pool ######
###############################
# coronaTask_d2f169a6-fbf3-4c51-bbfe-22d5057c353d : CREATED

sbatch command written to /data/dev/corona/tmp/forceCache//coronaTask_d2f169a6-fbf3-4c51-bbfe-22d5057c353d/coronaTask_d2f169a6-fbf3-4c51-bbfe-22d5057c353d.sbatch
sbatch w/, /data/www_dev/corona/bin/slurm/bin//sbatch/data/dev/corona/tmp/forceCache//coronaTask_d2f169a6-fbf3-4c51-bbfe-22d5057c353d/coronaTask_d2f169a6-fbf3-4c51-bbfe-22d5057c353d.sbatch
this.sbatch : >/data/www_dev/corona/bin/slurm/bin//sbatch<
sbatchArgArray : >/data/dev/corona/tmp/forceCache//coronaTask_d2f169a6-fbf3-4c51-bbfe-22d5057c353d/coronaTask_d2f169a6-fbf3-4c51-bbfe-22d5057c353d.sbatch<
this.workdir : >/data/dev/corona/tmp/forceCache//coronaTask_d2f169a6-fbf3-4c51-bbfe-22d5057c353d<
###############################
###### Current jobs pool ######
###############################
# coronaTask_d2f169a6-fbf3-4c51-bbfe-22d5057c353d : SUBMITTED

Status Updating [job coronaTask_d2f169a6-fbf3-4c51-bbfe-22d5057c353d ] : from 'SUBMITTED' to 'START'
Status Updating [job coronaTask_d2f169a6-fbf3-4c51-bbfe-22d5057c353d ] : from 'START' to 'FINISHED'
Pulling coronaTask_d2f169a6-fbf3-4c51-bbfe-22d5057c353d
{
  resultsPath: '/data/dev/corona/tmp/forceCache/coronaTask_d2f169a6-fbf3-4c51-bbfe-22d5057c353d/results/'
}
jobCompletion
jobCompleted
io on connection
http://localhost:3709/dbSnapshot
http://localhost:1134/results/2HY
http://localhost:1134/pdb/2HYD
http://localhost:3709/getallid
http://localhost:3709/sortByCategory
ERROR in configJobCorona : no requestPPM specified
###############################
###### Current jobs pool ######
###############################
# coronaTask_86419680-739f-4a87-86c5-0fe5b878d775 : CREATED

sbatch command written to /data/dev/corona/tmp/forceCache//coronaTask_86419680-739f-4a87-86c5-0fe5b878d775/coronaTask_86419680-739f-4a87-86c5-0fe5b878d775.sbatch
sbatch w/, /data/www_dev/corona/bin/slurm/bin//sbatch/data/dev/corona/tmp/forceCache//coronaTask_86419680-739f-4a87-86c5-0fe5b878d775/coronaTask_86419680-739f-4a87-86c5-0fe5b878d775.sbatch
this.sbatch : >/data/www_dev/corona/bin/slurm/bin//sbatch<
sbatchArgArray : >/data/dev/corona/tmp/forceCache//coronaTask_86419680-739f-4a87-86c5-0fe5b878d775/coronaTask_86419680-739f-4a87-86c5-0fe5b878d775.sbatch<
this.workdir : >/data/dev/corona/tmp/forceCache//coronaTask_86419680-739f-4a87-86c5-0fe5b878d775<
###############################
###### Current jobs pool ######
###############################
# coronaTask_86419680-739f-4a87-86c5-0fe5b878d775 : SUBMITTED

Status Updating [job coronaTask_86419680-739f-4a87-86c5-0fe5b878d775 ] : from 'SUBMITTED' to 'START'
Status Updating [job coronaTask_86419680-739f-4a87-86c5-0fe5b878d775 ] : from 'START' to 'FINISHED'
Pulling coronaTask_86419680-739f-4a87-86c5-0fe5b878d775
{
  resultsPath: '/data/dev/corona/tmp/forceCache/coronaTask_86419680-739f-4a87-86c5-0fe5b878d775/results/'
}
jobCompletion
jobCompleted
io on connection
http://localhost:3709/dbSnapshot
http://localhost:1134/results/2HYD
http://localhost:1134/pdb/2HYD
http://localhost:3709/getallid
http://localhost:3709/sortByCategory
ERROR in configJobCorona : no requestPPM specified
###############################
###### Current jobs pool ######
###############################
# coronaTask_8fc42cf3-fb46-4d18-87fd-56418e6d9d3e : CREATED

sbatch command written to /data/dev/corona/tmp/forceCache//coronaTask_8fc42cf3-fb46-4d18-87fd-56418e6d9d3e/coronaTask_8fc42cf3-fb46-4d18-87fd-56418e6d9d3e.sbatch
sbatch w/, /data/www_dev/corona/bin/slurm/bin//sbatch/data/dev/corona/tmp/forceCache//coronaTask_8fc42cf3-fb46-4d18-87fd-56418e6d9d3e/coronaTask_8fc42cf3-fb46-4d18-87fd-56418e6d9d3e.sbatch
this.sbatch : >/data/www_dev/corona/bin/slurm/bin//sbatch<
sbatchArgArray : >/data/dev/corona/tmp/forceCache//coronaTask_8fc42cf3-fb46-4d18-87fd-56418e6d9d3e/coronaTask_8fc42cf3-fb46-4d18-87fd-56418e6d9d3e.sbatch<
this.workdir : >/data/dev/corona/tmp/forceCache//coronaTask_8fc42cf3-fb46-4d18-87fd-56418e6d9d3e<
###############################
###### Current jobs pool ######
###############################
# coronaTask_8fc42cf3-fb46-4d18-87fd-56418e6d9d3e : SUBMITTED

Status Updating [job coronaTask_8fc42cf3-fb46-4d18-87fd-56418e6d9d3e ] : from 'SUBMITTED' to 'START'
Status Updating [job coronaTask_8fc42cf3-fb46-4d18-87fd-56418e6d9d3e ] : from 'START' to 'FINISHED'
Pulling coronaTask_8fc42cf3-fb46-4d18-87fd-56418e6d9d3e
{
  resultsPath: '/data/dev/corona/tmp/forceCache/coronaTask_8fc42cf3-fb46-4d18-87fd-56418e6d9d3e/results/'
}
jobCompletion
jobCompleted
io on connection
http://localhost:3709/dbSnapshot
http://localhost:1134/results/2HYD
http://localhost:1134/pdb/2HYD
http://localhost:3709/getallid
http://localhost:3709/sortByCategory
ERROR in configJobCorona : no requestPPM specified
###############################
###### Current jobs pool ######
###############################
# coronaTask_88d0d581-5984-4c77-ac43-1ada08f8c22a : CREATED

sbatch command written to /data/dev/corona/tmp/forceCache//coronaTask_88d0d581-5984-4c77-ac43-1ada08f8c22a/coronaTask_88d0d581-5984-4c77-ac43-1ada08f8c22a.sbatch
sbatch w/, /data/www_dev/corona/bin/slurm/bin//sbatch/data/dev/corona/tmp/forceCache//coronaTask_88d0d581-5984-4c77-ac43-1ada08f8c22a/coronaTask_88d0d581-5984-4c77-ac43-1ada08f8c22a.sbatch
this.sbatch : >/data/www_dev/corona/bin/slurm/bin//sbatch<
sbatchArgArray : >/data/dev/corona/tmp/forceCache//coronaTask_88d0d581-5984-4c77-ac43-1ada08f8c22a/coronaTask_88d0d581-5984-4c77-ac43-1ada08f8c22a.sbatch<
this.workdir : >/data/dev/corona/tmp/forceCache//coronaTask_88d0d581-5984-4c77-ac43-1ada08f8c22a<
###############################
###### Current jobs pool ######
###############################
# coronaTask_88d0d581-5984-4c77-ac43-1ada08f8c22a : SUBMITTED

Status Updating [job coronaTask_88d0d581-5984-4c77-ac43-1ada08f8c22a ] : from 'SUBMITTED' to 'START'
Status Updating [job coronaTask_88d0d581-5984-4c77-ac43-1ada08f8c22a ] : from 'START' to 'FINISHED'
Pulling coronaTask_88d0d581-5984-4c77-ac43-1ada08f8c22a
{
  resultsPath: '/data/dev/corona/tmp/forceCache/coronaTask_88d0d581-5984-4c77-ac43-1ada08f8c22a/results/'
}
jobCompletion
jobCompleted
io on connection
http://localhost:3709/dbSnapshot
http://localhost:1134/results/2HYD
io on connection
http://localhost:3709/dbSnapshot
http://localhost:1134/results/2HYD
http://localhost:1134/pdb/2HYD
http://localhost:3709/getallid
http://localhost:3709/sortByCategory
ERROR in configJobCorona : no requestPPM specified
###############################
###### Current jobs pool ######
###############################
# coronaTask_063b5d0b-45a8-4376-8954-253ef2ffacac : CREATED

sbatch command written to /data/dev/corona/tmp/forceCache//coronaTask_063b5d0b-45a8-4376-8954-253ef2ffacac/coronaTask_063b5d0b-45a8-4376-8954-253ef2ffacac.sbatch
sbatch w/, /data/www_dev/corona/bin/slurm/bin//sbatch/data/dev/corona/tmp/forceCache//coronaTask_063b5d0b-45a8-4376-8954-253ef2ffacac/coronaTask_063b5d0b-45a8-4376-8954-253ef2ffacac.sbatch
this.sbatch : >/data/www_dev/corona/bin/slurm/bin//sbatch<
sbatchArgArray : >/data/dev/corona/tmp/forceCache//coronaTask_063b5d0b-45a8-4376-8954-253ef2ffacac/coronaTask_063b5d0b-45a8-4376-8954-253ef2ffacac.sbatch<
this.workdir : >/data/dev/corona/tmp/forceCache//coronaTask_063b5d0b-45a8-4376-8954-253ef2ffacac<
###############################
###### Current jobs pool ######
###############################
# coronaTask_063b5d0b-45a8-4376-8954-253ef2ffacac : SUBMITTED

Status Updating [job coronaTask_063b5d0b-45a8-4376-8954-253ef2ffacac ] : from 'SUBMITTED' to 'START'
Status Updating [job coronaTask_063b5d0b-45a8-4376-8954-253ef2ffacac ] : from 'START' to 'FINISHED'
Pulling coronaTask_063b5d0b-45a8-4376-8954-253ef2ffacac
{
  resultsPath: '/data/dev/corona/tmp/forceCache/coronaTask_063b5d0b-45a8-4376-8954-253ef2ffacac/results/'
}
jobCompletion
jobCompleted
io on connection
http://localhost:3709/dbSnapshot
http://localhost:1134/results/2HY
http://localhost:1134/pdb/2HYD
http://localhost:3709/getallid
http://localhost:3709/sortByCategory
ERROR in configJobCorona : no requestPPM specified
###############################
###### Current jobs pool ######
###############################
# coronaTask_2eeaea8d-ed72-4872-bcd4-7ee2587ede0d : CREATED

sbatch command written to /data/dev/corona/tmp/forceCache//coronaTask_2eeaea8d-ed72-4872-bcd4-7ee2587ede0d/coronaTask_2eeaea8d-ed72-4872-bcd4-7ee2587ede0d.sbatch
sbatch w/, /data/www_dev/corona/bin/slurm/bin//sbatch/data/dev/corona/tmp/forceCache//coronaTask_2eeaea8d-ed72-4872-bcd4-7ee2587ede0d/coronaTask_2eeaea8d-ed72-4872-bcd4-7ee2587ede0d.sbatch
this.sbatch : >/data/www_dev/corona/bin/slurm/bin//sbatch<
sbatchArgArray : >/data/dev/corona/tmp/forceCache//coronaTask_2eeaea8d-ed72-4872-bcd4-7ee2587ede0d/coronaTask_2eeaea8d-ed72-4872-bcd4-7ee2587ede0d.sbatch<
this.workdir : >/data/dev/corona/tmp/forceCache//coronaTask_2eeaea8d-ed72-4872-bcd4-7ee2587ede0d<
###############################
###### Current jobs pool ######
###############################
# coronaTask_2eeaea8d-ed72-4872-bcd4-7ee2587ede0d : SUBMITTED

Status Updating [job coronaTask_2eeaea8d-ed72-4872-bcd4-7ee2587ede0d ] : from 'SUBMITTED' to 'START'
Status Updating [job coronaTask_2eeaea8d-ed72-4872-bcd4-7ee2587ede0d ] : from 'START' to 'FINISHED'
Pulling coronaTask_2eeaea8d-ed72-4872-bcd4-7ee2587ede0d
{
  resultsPath: '/data/dev/corona/tmp/forceCache/coronaTask_2eeaea8d-ed72-4872-bcd4-7ee2587ede0d/results/'
}
jobCompletion
jobCompleted
io on connection
http://localhost:3709/dbSnapshot
http://localhost:1134/results/2HYD
http://localhost:1134/pdb/2HYD
http://localhost:3709/getallid
http://localhost:3709/sortByCategory
ERROR in configJobCorona : no requestPPM specified
###############################
###### Current jobs pool ######
###############################
# coronaTask_2cb7a825-8e9d-448e-a76e-02fb17a0e754 : CREATED

sbatch command written to /data/dev/corona/tmp/forceCache//coronaTask_2cb7a825-8e9d-448e-a76e-02fb17a0e754/coronaTask_2cb7a825-8e9d-448e-a76e-02fb17a0e754.sbatch
sbatch w/, /data/www_dev/corona/bin/slurm/bin//sbatch/data/dev/corona/tmp/forceCache//coronaTask_2cb7a825-8e9d-448e-a76e-02fb17a0e754/coronaTask_2cb7a825-8e9d-448e-a76e-02fb17a0e754.sbatch
this.sbatch : >/data/www_dev/corona/bin/slurm/bin//sbatch<
sbatchArgArray : >/data/dev/corona/tmp/forceCache//coronaTask_2cb7a825-8e9d-448e-a76e-02fb17a0e754/coronaTask_2cb7a825-8e9d-448e-a76e-02fb17a0e754.sbatch<
this.workdir : >/data/dev/corona/tmp/forceCache//coronaTask_2cb7a825-8e9d-448e-a76e-02fb17a0e754<
###############################
###### Current jobs pool ######
###############################
# coronaTask_2cb7a825-8e9d-448e-a76e-02fb17a0e754 : SUBMITTED

Status Updating [job coronaTask_2cb7a825-8e9d-448e-a76e-02fb17a0e754 ] : from 'SUBMITTED' to 'START'
Status Updating [job coronaTask_2cb7a825-8e9d-448e-a76e-02fb17a0e754 ] : from 'START' to 'FINISHED'
Pulling coronaTask_2cb7a825-8e9d-448e-a76e-02fb17a0e754
{
  resultsPath: '/data/dev/corona/tmp/forceCache/coronaTask_2cb7a825-8e9d-448e-a76e-02fb17a0e754/results/'
}
jobCompletion
jobCompleted
io on connection
http://localhost:3709/dbSnapshot
http://localhost:1134/results/2HYD
http://localhost:1134/pdb/2HYD
http://localhost:3709/getallid
http://localhost:3709/sortByCategory
ERROR in configJobCorona : no requestPPM specified
###############################
###### Current jobs pool ######
###############################
# coronaTask_b5e96557-0062-4098-9f66-2dab55ca476a : CREATED

sbatch command written to /data/dev/corona/tmp/forceCache//coronaTask_b5e96557-0062-4098-9f66-2dab55ca476a/coronaTask_b5e96557-0062-4098-9f66-2dab55ca476a.sbatch
sbatch w/, /data/www_dev/corona/bin/slurm/bin//sbatch/data/dev/corona/tmp/forceCache//coronaTask_b5e96557-0062-4098-9f66-2dab55ca476a/coronaTask_b5e96557-0062-4098-9f66-2dab55ca476a.sbatch
this.sbatch : >/data/www_dev/corona/bin/slurm/bin//sbatch<
sbatchArgArray : >/data/dev/corona/tmp/forceCache//coronaTask_b5e96557-0062-4098-9f66-2dab55ca476a/coronaTask_b5e96557-0062-4098-9f66-2dab55ca476a.sbatch<
this.workdir : >/data/dev/corona/tmp/forceCache//coronaTask_b5e96557-0062-4098-9f66-2dab55ca476a<
###############################
###### Current jobs pool ######
###############################
# coronaTask_b5e96557-0062-4098-9f66-2dab55ca476a : SUBMITTED

Status Updating [job coronaTask_b5e96557-0062-4098-9f66-2dab55ca476a ] : from 'SUBMITTED' to 'START'
Status Updating [job coronaTask_b5e96557-0062-4098-9f66-2dab55ca476a ] : from 'START' to 'FINISHED'
Pulling coronaTask_b5e96557-0062-4098-9f66-2dab55ca476a
{
  resultsPath: '/data/dev/corona/tmp/forceCache/coronaTask_b5e96557-0062-4098-9f66-2dab55ca476a/results/'
}
jobCompletion
jobCompleted
io on connection
http://localhost:3709/dbSnapshot
http://localhost:1134/results/2HY
http://localhost:1134/pdb/2HYD
http://localhost:3709/getallid
http://localhost:3709/sortByCategory
ERROR in configJobCorona : no requestPPM specified
###############################
###### Current jobs pool ######
###############################
# coronaTask_9c51c382-3828-4477-a58e-0291993fb8be : CREATED

sbatch command written to /data/dev/corona/tmp/forceCache//coronaTask_9c51c382-3828-4477-a58e-0291993fb8be/coronaTask_9c51c382-3828-4477-a58e-0291993fb8be.sbatch
sbatch w/, /data/www_dev/corona/bin/slurm/bin//sbatch/data/dev/corona/tmp/forceCache//coronaTask_9c51c382-3828-4477-a58e-0291993fb8be/coronaTask_9c51c382-3828-4477-a58e-0291993fb8be.sbatch
this.sbatch : >/data/www_dev/corona/bin/slurm/bin//sbatch<
sbatchArgArray : >/data/dev/corona/tmp/forceCache//coronaTask_9c51c382-3828-4477-a58e-0291993fb8be/coronaTask_9c51c382-3828-4477-a58e-0291993fb8be.sbatch<
this.workdir : >/data/dev/corona/tmp/forceCache//coronaTask_9c51c382-3828-4477-a58e-0291993fb8be<
###############################
###### Current jobs pool ######
###############################
# coronaTask_9c51c382-3828-4477-a58e-0291993fb8be : SUBMITTED

Status Updating [job coronaTask_9c51c382-3828-4477-a58e-0291993fb8be ] : from 'SUBMITTED' to 'START'
Status Updating [job coronaTask_9c51c382-3828-4477-a58e-0291993fb8be ] : from 'START' to 'FINISHED'
Pulling coronaTask_9c51c382-3828-4477-a58e-0291993fb8be
{
  resultsPath: '/data/dev/corona/tmp/forceCache/coronaTask_9c51c382-3828-4477-a58e-0291993fb8be/results/'
}
jobCompletion
jobCompleted
io on connection
http://localhost:3709/dbSnapshot
http://localhost:1134/results/2HYD
http://localhost:1134/pdb/2HYD
http://localhost:3709/getallid
http://localhost:3709/sortByCategory
ERROR in configJobCorona : no requestPPM specified
###############################
###### Current jobs pool ######
###############################
# coronaTask_9eee8ed4-97e7-4b6f-bffb-b1b1f2de390e : CREATED

sbatch command written to /data/dev/corona/tmp/forceCache//coronaTask_9eee8ed4-97e7-4b6f-bffb-b1b1f2de390e/coronaTask_9eee8ed4-97e7-4b6f-bffb-b1b1f2de390e.sbatch
sbatch w/, /data/www_dev/corona/bin/slurm/bin//sbatch/data/dev/corona/tmp/forceCache//coronaTask_9eee8ed4-97e7-4b6f-bffb-b1b1f2de390e/coronaTask_9eee8ed4-97e7-4b6f-bffb-b1b1f2de390e.sbatch
this.sbatch : >/data/www_dev/corona/bin/slurm/bin//sbatch<
sbatchArgArray : >/data/dev/corona/tmp/forceCache//coronaTask_9eee8ed4-97e7-4b6f-bffb-b1b1f2de390e/coronaTask_9eee8ed4-97e7-4b6f-bffb-b1b1f2de390e.sbatch<
this.workdir : >/data/dev/corona/tmp/forceCache//coronaTask_9eee8ed4-97e7-4b6f-bffb-b1b1f2de390e<
###############################
###### Current jobs pool ######
###############################
# coronaTask_9eee8ed4-97e7-4b6f-bffb-b1b1f2de390e : SUBMITTED

Status Updating [job coronaTask_9eee8ed4-97e7-4b6f-bffb-b1b1f2de390e ] : from 'SUBMITTED' to 'START'
Status Updating [job coronaTask_9eee8ed4-97e7-4b6f-bffb-b1b1f2de390e ] : from 'START' to 'FINISHED'
Pulling coronaTask_9eee8ed4-97e7-4b6f-bffb-b1b1f2de390e
{
  resultsPath: '/data/dev/corona/tmp/forceCache/coronaTask_9eee8ed4-97e7-4b6f-bffb-b1b1f2de390e/results/'
}
jobCompletion
jobCompleted
io on connection
http://localhost:3709/dbSnapshot
http://localhost:1134/results/2HY
http://localhost:1134/pdb/2HYD
http://localhost:3709/getallid
http://localhost:3709/sortByCategory
ERROR in configJobCorona : no requestPPM specified
###############################
###### Current jobs pool ######
###############################
# coronaTask_eac8f7da-7376-4eb0-b39e-e1451ac4f43d : CREATED

sbatch command written to /data/dev/corona/tmp/forceCache//coronaTask_eac8f7da-7376-4eb0-b39e-e1451ac4f43d/coronaTask_eac8f7da-7376-4eb0-b39e-e1451ac4f43d.sbatch
sbatch w/, /data/www_dev/corona/bin/slurm/bin//sbatch/data/dev/corona/tmp/forceCache//coronaTask_eac8f7da-7376-4eb0-b39e-e1451ac4f43d/coronaTask_eac8f7da-7376-4eb0-b39e-e1451ac4f43d.sbatch
this.sbatch : >/data/www_dev/corona/bin/slurm/bin//sbatch<
sbatchArgArray : >/data/dev/corona/tmp/forceCache//coronaTask_eac8f7da-7376-4eb0-b39e-e1451ac4f43d/coronaTask_eac8f7da-7376-4eb0-b39e-e1451ac4f43d.sbatch<
this.workdir : >/data/dev/corona/tmp/forceCache//coronaTask_eac8f7da-7376-4eb0-b39e-e1451ac4f43d<
###############################
###### Current jobs pool ######
###############################
# coronaTask_eac8f7da-7376-4eb0-b39e-e1451ac4f43d : SUBMITTED

Status Updating [job coronaTask_eac8f7da-7376-4eb0-b39e-e1451ac4f43d ] : from 'SUBMITTED' to 'START'
Status Updating [job coronaTask_eac8f7da-7376-4eb0-b39e-e1451ac4f43d ] : from 'START' to 'FINISHED'
Pulling coronaTask_eac8f7da-7376-4eb0-b39e-e1451ac4f43d
{
  resultsPath: '/data/dev/corona/tmp/forceCache/coronaTask_eac8f7da-7376-4eb0-b39e-e1451ac4f43d/results/'
}
jobCompletion
jobCompleted
io on connection
http://localhost:3709/dbSnapshot
http://localhost:1134/results/2HY
http://localhost:1134/pdb/2HYD
http://localhost:3709/getallid
http://localhost:3709/sortByCategory
ERROR in configJobCorona : no requestPPM specified
###############################
###### Current jobs pool ######
###############################
# coronaTask_9b2ca2d3-2d6d-4410-b3f2-2997210f9768 : CREATED

sbatch command written to /data/dev/corona/tmp/forceCache//coronaTask_9b2ca2d3-2d6d-4410-b3f2-2997210f9768/coronaTask_9b2ca2d3-2d6d-4410-b3f2-2997210f9768.sbatch
sbatch w/, /data/www_dev/corona/bin/slurm/bin//sbatch/data/dev/corona/tmp/forceCache//coronaTask_9b2ca2d3-2d6d-4410-b3f2-2997210f9768/coronaTask_9b2ca2d3-2d6d-4410-b3f2-2997210f9768.sbatch
this.sbatch : >/data/www_dev/corona/bin/slurm/bin//sbatch<
sbatchArgArray : >/data/dev/corona/tmp/forceCache//coronaTask_9b2ca2d3-2d6d-4410-b3f2-2997210f9768/coronaTask_9b2ca2d3-2d6d-4410-b3f2-2997210f9768.sbatch<
this.workdir : >/data/dev/corona/tmp/forceCache//coronaTask_9b2ca2d3-2d6d-4410-b3f2-2997210f9768<
###############################
###### Current jobs pool ######
###############################
# coronaTask_9b2ca2d3-2d6d-4410-b3f2-2997210f9768 : SUBMITTED

Status Updating [job coronaTask_9b2ca2d3-2d6d-4410-b3f2-2997210f9768 ] : from 'SUBMITTED' to 'START'
Status Updating [job coronaTask_9b2ca2d3-2d6d-4410-b3f2-2997210f9768 ] : from 'START' to 'FINISHED'
Pulling coronaTask_9b2ca2d3-2d6d-4410-b3f2-2997210f9768
{
  resultsPath: '/data/dev/corona/tmp/forceCache/coronaTask_9b2ca2d3-2d6d-4410-b3f2-2997210f9768/results/'
}
jobCompletion
jobCompleted
io on connection
http://localhost:3709/dbSnapshot
http://localhost:1134/results/2HY
http://localhost:1134/pdb/2HYD
http://localhost:3709/getallid
http://localhost:3709/sortByCategory
ERROR in configJobCorona : no requestPPM specified
###############################
###### Current jobs pool ######
###############################
# coronaTask_7b51325e-71c7-4f67-8d51-ccc402dbde94 : CREATED

sbatch command written to /data/dev/corona/tmp/forceCache//coronaTask_7b51325e-71c7-4f67-8d51-ccc402dbde94/coronaTask_7b51325e-71c7-4f67-8d51-ccc402dbde94.sbatch
sbatch w/, /data/www_dev/corona/bin/slurm/bin//sbatch/data/dev/corona/tmp/forceCache//coronaTask_7b51325e-71c7-4f67-8d51-ccc402dbde94/coronaTask_7b51325e-71c7-4f67-8d51-ccc402dbde94.sbatch
this.sbatch : >/data/www_dev/corona/bin/slurm/bin//sbatch<
sbatchArgArray : >/data/dev/corona/tmp/forceCache//coronaTask_7b51325e-71c7-4f67-8d51-ccc402dbde94/coronaTask_7b51325e-71c7-4f67-8d51-ccc402dbde94.sbatch<
this.workdir : >/data/dev/corona/tmp/forceCache//coronaTask_7b51325e-71c7-4f67-8d51-ccc402dbde94<
###############################
###### Current jobs pool ######
###############################
# coronaTask_7b51325e-71c7-4f67-8d51-ccc402dbde94 : SUBMITTED

Status Updating [job coronaTask_7b51325e-71c7-4f67-8d51-ccc402dbde94 ] : from 'SUBMITTED' to 'START'
Status Updating [job coronaTask_7b51325e-71c7-4f67-8d51-ccc402dbde94 ] : from 'START' to 'FINISHED'
Pulling coronaTask_7b51325e-71c7-4f67-8d51-ccc402dbde94
{
  resultsPath: '/data/dev/corona/tmp/forceCache/coronaTask_7b51325e-71c7-4f67-8d51-ccc402dbde94/results/'
}
jobCompletion
jobCompleted
io on connection
http://localhost:3709/dbSnapshot
http://localhost:1134/results/2HY
http://localhost:1134/pdb/2HYD
http://localhost:3709/getallid
http://localhost:3709/sortByCategory
ERROR in configJobCorona : no requestPPM specified
###############################
###### Current jobs pool ######
###############################
# coronaTask_e59af4e8-4a05-45c3-b8a9-31749dea3642 : CREATED

sbatch command written to /data/dev/corona/tmp/forceCache//coronaTask_e59af4e8-4a05-45c3-b8a9-31749dea3642/coronaTask_e59af4e8-4a05-45c3-b8a9-31749dea3642.sbatch
sbatch w/, /data/www_dev/corona/bin/slurm/bin//sbatch/data/dev/corona/tmp/forceCache//coronaTask_e59af4e8-4a05-45c3-b8a9-31749dea3642/coronaTask_e59af4e8-4a05-45c3-b8a9-31749dea3642.sbatch
this.sbatch : >/data/www_dev/corona/bin/slurm/bin//sbatch<
sbatchArgArray : >/data/dev/corona/tmp/forceCache//coronaTask_e59af4e8-4a05-45c3-b8a9-31749dea3642/coronaTask_e59af4e8-4a05-45c3-b8a9-31749dea3642.sbatch<
this.workdir : >/data/dev/corona/tmp/forceCache//coronaTask_e59af4e8-4a05-45c3-b8a9-31749dea3642<
###############################
###### Current jobs pool ######
###############################
# coronaTask_e59af4e8-4a05-45c3-b8a9-31749dea3642 : SUBMITTED

Status Updating [job coronaTask_e59af4e8-4a05-45c3-b8a9-31749dea3642 ] : from 'SUBMITTED' to 'START'
Status Updating [job coronaTask_e59af4e8-4a05-45c3-b8a9-31749dea3642 ] : from 'START' to 'FINISHED'
Pulling coronaTask_e59af4e8-4a05-45c3-b8a9-31749dea3642
{
  resultsPath: '/data/dev/corona/tmp/forceCache/coronaTask_e59af4e8-4a05-45c3-b8a9-31749dea3642/results/'
}
jobCompletion
jobCompleted
io on connection
http://localhost:3709/dbSnapshot
http://localhost:1134/results/2HYD
http://localhost:1134/pdb/2HYD
http://localhost:3709/getallid
http://localhost:3709/sortByCategory
ERROR in configJobCorona : no requestPPM specified
###############################
###### Current jobs pool ######
###############################
# coronaTask_81ef9880-0559-444a-9341-d9d2982335a0 : CREATED

sbatch command written to /data/dev/corona/tmp/forceCache//coronaTask_81ef9880-0559-444a-9341-d9d2982335a0/coronaTask_81ef9880-0559-444a-9341-d9d2982335a0.sbatch
sbatch w/, /data/www_dev/corona/bin/slurm/bin//sbatch/data/dev/corona/tmp/forceCache//coronaTask_81ef9880-0559-444a-9341-d9d2982335a0/coronaTask_81ef9880-0559-444a-9341-d9d2982335a0.sbatch
this.sbatch : >/data/www_dev/corona/bin/slurm/bin//sbatch<
sbatchArgArray : >/data/dev/corona/tmp/forceCache//coronaTask_81ef9880-0559-444a-9341-d9d2982335a0/coronaTask_81ef9880-0559-444a-9341-d9d2982335a0.sbatch<
this.workdir : >/data/dev/corona/tmp/forceCache//coronaTask_81ef9880-0559-444a-9341-d9d2982335a0<
###############################
###### Current jobs pool ######
###############################
# coronaTask_81ef9880-0559-444a-9341-d9d2982335a0 : SUBMITTED

Status Updating [job coronaTask_81ef9880-0559-444a-9341-d9d2982335a0 ] : from 'SUBMITTED' to 'START'
Status Updating [job coronaTask_81ef9880-0559-444a-9341-d9d2982335a0 ] : from 'START' to 'FINISHED'
Pulling coronaTask_81ef9880-0559-444a-9341-d9d2982335a0
{
  resultsPath: '/data/dev/corona/tmp/forceCache/coronaTask_81ef9880-0559-444a-9341-d9d2982335a0/results/'
}
jobCompletion
jobCompleted
io on connection
http://localhost:3709/dbSnapshot
http://localhost:1134/results/2HYD
http://localhost:1134/pdb/2HYD
http://localhost:3709/getallid
http://localhost:3709/sortByCategory
ERROR in configJobCorona : no requestPPM specified
###############################
###### Current jobs pool ######
###############################
# coronaTask_ff671dc8-157a-44fa-9557-92372e7a10fd : CREATED

sbatch command written to /data/dev/corona/tmp/forceCache//coronaTask_ff671dc8-157a-44fa-9557-92372e7a10fd/coronaTask_ff671dc8-157a-44fa-9557-92372e7a10fd.sbatch
sbatch w/, /data/www_dev/corona/bin/slurm/bin//sbatch/data/dev/corona/tmp/forceCache//coronaTask_ff671dc8-157a-44fa-9557-92372e7a10fd/coronaTask_ff671dc8-157a-44fa-9557-92372e7a10fd.sbatch
this.sbatch : >/data/www_dev/corona/bin/slurm/bin//sbatch<
sbatchArgArray : >/data/dev/corona/tmp/forceCache//coronaTask_ff671dc8-157a-44fa-9557-92372e7a10fd/coronaTask_ff671dc8-157a-44fa-9557-92372e7a10fd.sbatch<
this.workdir : >/data/dev/corona/tmp/forceCache//coronaTask_ff671dc8-157a-44fa-9557-92372e7a10fd<
###############################
###### Current jobs pool ######
###############################
# coronaTask_ff671dc8-157a-44fa-9557-92372e7a10fd : SUBMITTED

Status Updating [job coronaTask_ff671dc8-157a-44fa-9557-92372e7a10fd ] : from 'SUBMITTED' to 'START'
Status Updating [job coronaTask_ff671dc8-157a-44fa-9557-92372e7a10fd ] : from 'START' to 'FINISHED'
Pulling coronaTask_ff671dc8-157a-44fa-9557-92372e7a10fd
{
  resultsPath: '/data/dev/corona/tmp/forceCache/coronaTask_ff671dc8-157a-44fa-9557-92372e7a10fd/results/'
}
jobCompletion
jobCompleted
io on connection
http://localhost:3709/dbSnapshot
http://localhost:1134/results/2HYD
http://localhost:1134/pdb/2HYD
http://localhost:3709/getallid
http://localhost:3709/sortByCategory
ERROR in configJobCorona : no requestPPM specified
###############################
###### Current jobs pool ######
###############################
# coronaTask_a8bb3ab6-e8bd-423e-916c-70fffd29fbbb : CREATED

sbatch command written to /data/dev/corona/tmp/forceCache//coronaTask_a8bb3ab6-e8bd-423e-916c-70fffd29fbbb/coronaTask_a8bb3ab6-e8bd-423e-916c-70fffd29fbbb.sbatch
sbatch w/, /data/www_dev/corona/bin/slurm/bin//sbatch/data/dev/corona/tmp/forceCache//coronaTask_a8bb3ab6-e8bd-423e-916c-70fffd29fbbb/coronaTask_a8bb3ab6-e8bd-423e-916c-70fffd29fbbb.sbatch
this.sbatch : >/data/www_dev/corona/bin/slurm/bin//sbatch<
sbatchArgArray : >/data/dev/corona/tmp/forceCache//coronaTask_a8bb3ab6-e8bd-423e-916c-70fffd29fbbb/coronaTask_a8bb3ab6-e8bd-423e-916c-70fffd29fbbb.sbatch<
this.workdir : >/data/dev/corona/tmp/forceCache//coronaTask_a8bb3ab6-e8bd-423e-916c-70fffd29fbbb<
###############################
###### Current jobs pool ######
###############################
# coronaTask_a8bb3ab6-e8bd-423e-916c-70fffd29fbbb : SUBMITTED

Status Updating [job coronaTask_a8bb3ab6-e8bd-423e-916c-70fffd29fbbb ] : from 'SUBMITTED' to 'START'
Status Updating [job coronaTask_a8bb3ab6-e8bd-423e-916c-70fffd29fbbb ] : from 'START' to 'FINISHED'
Pulling coronaTask_a8bb3ab6-e8bd-423e-916c-70fffd29fbbb
{
  resultsPath: '/data/dev/corona/tmp/forceCache/coronaTask_a8bb3ab6-e8bd-423e-916c-70fffd29fbbb/results/'
}
jobCompletion
jobCompleted
io on connection
io on connection
io on connection
io on connection
io on connection
io on connection
io on connection
io on connection
io on connection
io on connection
io on connection
io on connection
io on connection
io on connection
io on connection
io on connection
io on connection
io on connection
io on connection
http://localhost:3709/dbSnapshot
io on connection
http://localhost:3709/dbSnapshot
http://localhost:1134/results/2HYD
http://localhost:1134/pdb/2HYD
http://localhost:3709/sortByCategory
http://localhost:3709/getallid
ERROR in configJobCorona : no requestPPM specified
###############################
###### Current jobs pool ######
###############################
# coronaTask_b2c00a63-02f3-4a13-b288-4d259e4882b9 : CREATED

sbatch command written to /data/dev/corona/tmp/forceCache//coronaTask_b2c00a63-02f3-4a13-b288-4d259e4882b9/coronaTask_b2c00a63-02f3-4a13-b288-4d259e4882b9.sbatch
sbatch w/, /data/www_dev/corona/bin/slurm/bin//sbatch/data/dev/corona/tmp/forceCache//coronaTask_b2c00a63-02f3-4a13-b288-4d259e4882b9/coronaTask_b2c00a63-02f3-4a13-b288-4d259e4882b9.sbatch
this.sbatch : >/data/www_dev/corona/bin/slurm/bin//sbatch<
sbatchArgArray : >/data/dev/corona/tmp/forceCache//coronaTask_b2c00a63-02f3-4a13-b288-4d259e4882b9/coronaTask_b2c00a63-02f3-4a13-b288-4d259e4882b9.sbatch<
this.workdir : >/data/dev/corona/tmp/forceCache//coronaTask_b2c00a63-02f3-4a13-b288-4d259e4882b9<
###############################
###### Current jobs pool ######
###############################
# coronaTask_b2c00a63-02f3-4a13-b288-4d259e4882b9 : SUBMITTED

Status Updating [job coronaTask_b2c00a63-02f3-4a13-b288-4d259e4882b9 ] : from 'SUBMITTED' to 'START'
Status Updating [job coronaTask_b2c00a63-02f3-4a13-b288-4d259e4882b9 ] : from 'START' to 'FINISHED'
Pulling coronaTask_b2c00a63-02f3-4a13-b288-4d259e4882b9
{
  resultsPath: '/data/dev/corona/tmp/forceCache/coronaTask_b2c00a63-02f3-4a13-b288-4d259e4882b9/results/'
}
jobCompletion
jobCompleted
io on connection
http://localhost:3709/dbSnapshot
http://localhost:1134/results/2HYD
http://localhost:1134/pdb/2HYD
http://localhost:3709/sortByCategory
http://localhost:3709/getallid
ERROR in configJobCorona : no requestPPM specified
###############################
###### Current jobs pool ######
###############################
# coronaTask_78199c3b-8da2-45dd-b216-171dc49142c7 : CREATED

sbatch command written to /data/dev/corona/tmp/forceCache//coronaTask_78199c3b-8da2-45dd-b216-171dc49142c7/coronaTask_78199c3b-8da2-45dd-b216-171dc49142c7.sbatch
sbatch w/, /data/www_dev/corona/bin/slurm/bin//sbatch/data/dev/corona/tmp/forceCache//coronaTask_78199c3b-8da2-45dd-b216-171dc49142c7/coronaTask_78199c3b-8da2-45dd-b216-171dc49142c7.sbatch
this.sbatch : >/data/www_dev/corona/bin/slurm/bin//sbatch<
sbatchArgArray : >/data/dev/corona/tmp/forceCache//coronaTask_78199c3b-8da2-45dd-b216-171dc49142c7/coronaTask_78199c3b-8da2-45dd-b216-171dc49142c7.sbatch<
this.workdir : >/data/dev/corona/tmp/forceCache//coronaTask_78199c3b-8da2-45dd-b216-171dc49142c7<
###############################
###### Current jobs pool ######
###############################
# coronaTask_78199c3b-8da2-45dd-b216-171dc49142c7 : SUBMITTED

Status Updating [job coronaTask_78199c3b-8da2-45dd-b216-171dc49142c7 ] : from 'SUBMITTED' to 'START'
Status Updating [job coronaTask_78199c3b-8da2-45dd-b216-171dc49142c7 ] : from 'START' to 'FINISHED'
Pulling coronaTask_78199c3b-8da2-45dd-b216-171dc49142c7
{
  resultsPath: '/data/dev/corona/tmp/forceCache/coronaTask_78199c3b-8da2-45dd-b216-171dc49142c7/results/'
}
jobCompletion
jobCompleted
io on connection
http://localhost:3709/dbSnapshot
http://localhost:1134/results/1HYD
http://localhost:1134/results/2HYD
http://localhost:1134/pdb/2HYD
http://localhost:3709/getallid
http://localhost:3709/sortByCategory
ERROR in configJobCorona : no requestPPM specified
###############################
###### Current jobs pool ######
###############################
# coronaTask_9fe1e51e-1d38-4f91-9e67-4383bfccb153 : CREATED

sbatch command written to /data/dev/corona/tmp/forceCache//coronaTask_9fe1e51e-1d38-4f91-9e67-4383bfccb153/coronaTask_9fe1e51e-1d38-4f91-9e67-4383bfccb153.sbatch
sbatch w/, /data/www_dev/corona/bin/slurm/bin//sbatch/data/dev/corona/tmp/forceCache//coronaTask_9fe1e51e-1d38-4f91-9e67-4383bfccb153/coronaTask_9fe1e51e-1d38-4f91-9e67-4383bfccb153.sbatch
this.sbatch : >/data/www_dev/corona/bin/slurm/bin//sbatch<
sbatchArgArray : >/data/dev/corona/tmp/forceCache//coronaTask_9fe1e51e-1d38-4f91-9e67-4383bfccb153/coronaTask_9fe1e51e-1d38-4f91-9e67-4383bfccb153.sbatch<
this.workdir : >/data/dev/corona/tmp/forceCache//coronaTask_9fe1e51e-1d38-4f91-9e67-4383bfccb153<
###############################
###### Current jobs pool ######
###############################
# coronaTask_9fe1e51e-1d38-4f91-9e67-4383bfccb153 : SUBMITTED

Status Updating [job coronaTask_9fe1e51e-1d38-4f91-9e67-4383bfccb153 ] : from 'SUBMITTED' to 'START'
Status Updating [job coronaTask_9fe1e51e-1d38-4f91-9e67-4383bfccb153 ] : from 'START' to 'FINISHED'
Pulling coronaTask_9fe1e51e-1d38-4f91-9e67-4383bfccb153
{
  resultsPath: '/data/dev/corona/tmp/forceCache/coronaTask_9fe1e51e-1d38-4f91-9e67-4383bfccb153/results/'
}
jobCompletion
jobCompleted
io on connection
io on connection
http://localhost:3709/dbSnapshot
http://localhost:1134/results/2HYD
http://localhost:1134/pdb/2HYD
http://localhost:3709/getallid
http://localhost:3709/sortByCategory
ERROR in configJobCorona : no requestPPM specified
###############################
###### Current jobs pool ######
###############################
# coronaTask_a335d8f7-f898-4b83-b956-390c0fcfd255 : CREATED

sbatch command written to /data/dev/corona/tmp/forceCache//coronaTask_a335d8f7-f898-4b83-b956-390c0fcfd255/coronaTask_a335d8f7-f898-4b83-b956-390c0fcfd255.sbatch
sbatch w/, /data/www_dev/corona/bin/slurm/bin//sbatch/data/dev/corona/tmp/forceCache//coronaTask_a335d8f7-f898-4b83-b956-390c0fcfd255/coronaTask_a335d8f7-f898-4b83-b956-390c0fcfd255.sbatch
this.sbatch : >/data/www_dev/corona/bin/slurm/bin//sbatch<
sbatchArgArray : >/data/dev/corona/tmp/forceCache//coronaTask_a335d8f7-f898-4b83-b956-390c0fcfd255/coronaTask_a335d8f7-f898-4b83-b956-390c0fcfd255.sbatch<
this.workdir : >/data/dev/corona/tmp/forceCache//coronaTask_a335d8f7-f898-4b83-b956-390c0fcfd255<
###############################
###### Current jobs pool ######
###############################
# coronaTask_a335d8f7-f898-4b83-b956-390c0fcfd255 : SUBMITTED

Status Updating [job coronaTask_a335d8f7-f898-4b83-b956-390c0fcfd255 ] : from 'SUBMITTED' to 'START'
Status Updating [job coronaTask_a335d8f7-f898-4b83-b956-390c0fcfd255 ] : from 'START' to 'FINISHED'
Pulling coronaTask_a335d8f7-f898-4b83-b956-390c0fcfd255
{
  resultsPath: '/data/dev/corona/tmp/forceCache/coronaTask_a335d8f7-f898-4b83-b956-390c0fcfd255/results/'
}
jobCompletion
jobCompleted
io on connection
http://localhost:3709/dbSnapshot
http://localhost:1134/results/2HYD
http://localhost:1134/pdb/2HYD
http://localhost:3709/getallid
http://localhost:3709/sortByCategory
ERROR in configJobCorona : no requestPPM specified
###############################
###### Current jobs pool ######
###############################
# coronaTask_c5514629-e7bb-4d87-b023-9386c2e2c68b : CREATED

sbatch command written to /data/dev/corona/tmp/forceCache//coronaTask_c5514629-e7bb-4d87-b023-9386c2e2c68b/coronaTask_c5514629-e7bb-4d87-b023-9386c2e2c68b.sbatch
sbatch w/, /data/www_dev/corona/bin/slurm/bin//sbatch/data/dev/corona/tmp/forceCache//coronaTask_c5514629-e7bb-4d87-b023-9386c2e2c68b/coronaTask_c5514629-e7bb-4d87-b023-9386c2e2c68b.sbatch
this.sbatch : >/data/www_dev/corona/bin/slurm/bin//sbatch<
sbatchArgArray : >/data/dev/corona/tmp/forceCache//coronaTask_c5514629-e7bb-4d87-b023-9386c2e2c68b/coronaTask_c5514629-e7bb-4d87-b023-9386c2e2c68b.sbatch<
this.workdir : >/data/dev/corona/tmp/forceCache//coronaTask_c5514629-e7bb-4d87-b023-9386c2e2c68b<
###############################
###### Current jobs pool ######
###############################
# coronaTask_c5514629-e7bb-4d87-b023-9386c2e2c68b : SUBMITTED

Status Updating [job coronaTask_c5514629-e7bb-4d87-b023-9386c2e2c68b ] : from 'SUBMITTED' to 'START'
Status Updating [job coronaTask_c5514629-e7bb-4d87-b023-9386c2e2c68b ] : from 'START' to 'FINISHED'
Pulling coronaTask_c5514629-e7bb-4d87-b023-9386c2e2c68b
{
  resultsPath: '/data/dev/corona/tmp/forceCache/coronaTask_c5514629-e7bb-4d87-b023-9386c2e2c68b/results/'
}
jobCompletion
jobCompleted
io on connection
http://localhost:3709/dbSnapshot
http://localhost:1134/results/2HYD
http://localhost:1134/pdb/2HYD
http://localhost:3709/getallid
http://localhost:3709/sortByCategory
ERROR in configJobCorona : no requestPPM specified
###############################
###### Current jobs pool ######
###############################
# coronaTask_a4cd9365-e856-4fda-b976-2a0844afa10f : CREATED

sbatch command written to /data/dev/corona/tmp/forceCache//coronaTask_a4cd9365-e856-4fda-b976-2a0844afa10f/coronaTask_a4cd9365-e856-4fda-b976-2a0844afa10f.sbatch
sbatch w/, /data/www_dev/corona/bin/slurm/bin//sbatch/data/dev/corona/tmp/forceCache//coronaTask_a4cd9365-e856-4fda-b976-2a0844afa10f/coronaTask_a4cd9365-e856-4fda-b976-2a0844afa10f.sbatch
this.sbatch : >/data/www_dev/corona/bin/slurm/bin//sbatch<
sbatchArgArray : >/data/dev/corona/tmp/forceCache//coronaTask_a4cd9365-e856-4fda-b976-2a0844afa10f/coronaTask_a4cd9365-e856-4fda-b976-2a0844afa10f.sbatch<
this.workdir : >/data/dev/corona/tmp/forceCache//coronaTask_a4cd9365-e856-4fda-b976-2a0844afa10f<
###############################
###### Current jobs pool ######
###############################
# coronaTask_a4cd9365-e856-4fda-b976-2a0844afa10f : SUBMITTED

Status Updating [job coronaTask_a4cd9365-e856-4fda-b976-2a0844afa10f ] : from 'SUBMITTED' to 'START'
Status Updating [job coronaTask_a4cd9365-e856-4fda-b976-2a0844afa10f ] : from 'START' to 'FINISHED'
Pulling coronaTask_a4cd9365-e856-4fda-b976-2a0844afa10f
{
  resultsPath: '/data/dev/corona/tmp/forceCache/coronaTask_a4cd9365-e856-4fda-b976-2a0844afa10f/results/'
}
jobCompletion
jobCompleted
io on connection
http://localhost:3709/dbSnapshot
http://localhost:1134/results/ 2HYD
http://localhost:1134/results/2HYD
http://localhost:1134/pdb/2HYD
http://localhost:3709/getallid
http://localhost:3709/sortByCategory
ERROR in configJobCorona : no requestPPM specified
###############################
###### Current jobs pool ######
###############################
# coronaTask_4eb5644e-1b31-42af-b010-5142f5f67426 : CREATED

sbatch command written to /data/dev/corona/tmp/forceCache//coronaTask_4eb5644e-1b31-42af-b010-5142f5f67426/coronaTask_4eb5644e-1b31-42af-b010-5142f5f67426.sbatch
sbatch w/, /data/www_dev/corona/bin/slurm/bin//sbatch/data/dev/corona/tmp/forceCache//coronaTask_4eb5644e-1b31-42af-b010-5142f5f67426/coronaTask_4eb5644e-1b31-42af-b010-5142f5f67426.sbatch
this.sbatch : >/data/www_dev/corona/bin/slurm/bin//sbatch<
sbatchArgArray : >/data/dev/corona/tmp/forceCache//coronaTask_4eb5644e-1b31-42af-b010-5142f5f67426/coronaTask_4eb5644e-1b31-42af-b010-5142f5f67426.sbatch<
this.workdir : >/data/dev/corona/tmp/forceCache//coronaTask_4eb5644e-1b31-42af-b010-5142f5f67426<
###############################
###### Current jobs pool ######
###############################
# coronaTask_4eb5644e-1b31-42af-b010-5142f5f67426 : SUBMITTED

Status Updating [job coronaTask_4eb5644e-1b31-42af-b010-5142f5f67426 ] : from 'SUBMITTED' to 'START'
Status Updating [job coronaTask_4eb5644e-1b31-42af-b010-5142f5f67426 ] : from 'START' to 'FINISHED'
Pulling coronaTask_4eb5644e-1b31-42af-b010-5142f5f67426
{
  resultsPath: '/data/dev/corona/tmp/forceCache/coronaTask_4eb5644e-1b31-42af-b010-5142f5f67426/results/'
}
jobCompletion
jobCompleted
io on connection
http://localhost:3709/dbSnapshot
http://localhost:1134/results/2HYD
http://localhost:1134/pdb/2HYD
http://localhost:3709/getallid
http://localhost:3709/sortByCategory
ERROR in configJobCorona : no requestPPM specified
###############################
###### Current jobs pool ######
###############################
# coronaTask_7e6a347d-a979-41c9-a39d-8d654726ec1a : CREATED

sbatch command written to /data/dev/corona/tmp/forceCache//coronaTask_7e6a347d-a979-41c9-a39d-8d654726ec1a/coronaTask_7e6a347d-a979-41c9-a39d-8d654726ec1a.sbatch
sbatch w/, /data/www_dev/corona/bin/slurm/bin//sbatch/data/dev/corona/tmp/forceCache//coronaTask_7e6a347d-a979-41c9-a39d-8d654726ec1a/coronaTask_7e6a347d-a979-41c9-a39d-8d654726ec1a.sbatch
this.sbatch : >/data/www_dev/corona/bin/slurm/bin//sbatch<
sbatchArgArray : >/data/dev/corona/tmp/forceCache//coronaTask_7e6a347d-a979-41c9-a39d-8d654726ec1a/coronaTask_7e6a347d-a979-41c9-a39d-8d654726ec1a.sbatch<
this.workdir : >/data/dev/corona/tmp/forceCache//coronaTask_7e6a347d-a979-41c9-a39d-8d654726ec1a<
###############################
###### Current jobs pool ######
###############################
# coronaTask_7e6a347d-a979-41c9-a39d-8d654726ec1a : SUBMITTED

Status Updating [job coronaTask_7e6a347d-a979-41c9-a39d-8d654726ec1a ] : from 'SUBMITTED' to 'START'
Status Updating [job coronaTask_7e6a347d-a979-41c9-a39d-8d654726ec1a ] : from 'START' to 'FINISHED'
Pulling coronaTask_7e6a347d-a979-41c9-a39d-8d654726ec1a
{
  resultsPath: '/data/dev/corona/tmp/forceCache/coronaTask_7e6a347d-a979-41c9-a39d-8d654726ec1a/results/'
}
jobCompletion
jobCompleted
io on connection
http://localhost:3709/dbSnapshot
http://localhost:1134/results/2HYD
http://localhost:1134/pdb/2HYD
http://localhost:3709/getallid
http://localhost:3709/sortByCategory
ERROR in configJobCorona : no requestPPM specified
###############################
###### Current jobs pool ######
###############################
# coronaTask_cf2300b7-efa6-494b-b64b-28f32ca242da : CREATED

sbatch command written to /data/dev/corona/tmp/forceCache//coronaTask_cf2300b7-efa6-494b-b64b-28f32ca242da/coronaTask_cf2300b7-efa6-494b-b64b-28f32ca242da.sbatch
sbatch w/, /data/www_dev/corona/bin/slurm/bin//sbatch/data/dev/corona/tmp/forceCache//coronaTask_cf2300b7-efa6-494b-b64b-28f32ca242da/coronaTask_cf2300b7-efa6-494b-b64b-28f32ca242da.sbatch
this.sbatch : >/data/www_dev/corona/bin/slurm/bin//sbatch<
sbatchArgArray : >/data/dev/corona/tmp/forceCache//coronaTask_cf2300b7-efa6-494b-b64b-28f32ca242da/coronaTask_cf2300b7-efa6-494b-b64b-28f32ca242da.sbatch<
this.workdir : >/data/dev/corona/tmp/forceCache//coronaTask_cf2300b7-efa6-494b-b64b-28f32ca242da<
###############################
###### Current jobs pool ######
###############################
# coronaTask_cf2300b7-efa6-494b-b64b-28f32ca242da : SUBMITTED

Status Updating [job coronaTask_cf2300b7-efa6-494b-b64b-28f32ca242da ] : from 'SUBMITTED' to 'START'
Status Updating [job coronaTask_cf2300b7-efa6-494b-b64b-28f32ca242da ] : from 'START' to 'FINISHED'
Pulling coronaTask_cf2300b7-efa6-494b-b64b-28f32ca242da
{
  resultsPath: '/data/dev/corona/tmp/forceCache/coronaTask_cf2300b7-efa6-494b-b64b-28f32ca242da/results/'
}
jobCompletion
jobCompleted
io on connection
http://localhost:3709/dbSnapshot
http://localhost:1134/results/2HYD
http://localhost:1134/pdb/2HYD
http://localhost:3709/getallid
http://localhost:3709/sortByCategory
ERROR in configJobCorona : no requestPPM specified
###############################
###### Current jobs pool ######
###############################
# coronaTask_4299642a-da9e-41cb-821c-de2dabc90d2f : CREATED

sbatch command written to /data/dev/corona/tmp/forceCache//coronaTask_4299642a-da9e-41cb-821c-de2dabc90d2f/coronaTask_4299642a-da9e-41cb-821c-de2dabc90d2f.sbatch
sbatch w/, /data/www_dev/corona/bin/slurm/bin//sbatch/data/dev/corona/tmp/forceCache//coronaTask_4299642a-da9e-41cb-821c-de2dabc90d2f/coronaTask_4299642a-da9e-41cb-821c-de2dabc90d2f.sbatch
this.sbatch : >/data/www_dev/corona/bin/slurm/bin//sbatch<
sbatchArgArray : >/data/dev/corona/tmp/forceCache//coronaTask_4299642a-da9e-41cb-821c-de2dabc90d2f/coronaTask_4299642a-da9e-41cb-821c-de2dabc90d2f.sbatch<
this.workdir : >/data/dev/corona/tmp/forceCache//coronaTask_4299642a-da9e-41cb-821c-de2dabc90d2f<
###############################
###### Current jobs pool ######
###############################
# coronaTask_4299642a-da9e-41cb-821c-de2dabc90d2f : SUBMITTED

Status Updating [job coronaTask_4299642a-da9e-41cb-821c-de2dabc90d2f ] : from 'SUBMITTED' to 'START'
Status Updating [job coronaTask_4299642a-da9e-41cb-821c-de2dabc90d2f ] : from 'START' to 'FINISHED'
Pulling coronaTask_4299642a-da9e-41cb-821c-de2dabc90d2f
{
  resultsPath: '/data/dev/corona/tmp/forceCache/coronaTask_4299642a-da9e-41cb-821c-de2dabc90d2f/results/'
}
jobCompletion
jobCompleted
io on connection
http://localhost:3709/dbSnapshot
http://localhost:1134/results/2HYD
http://localhost:1134/pdb/2HYD
http://localhost:3709/sortByCategory
http://localhost:3709/getallid
ERROR in configJobCorona : no requestPPM specified
###############################
###### Current jobs pool ######
###############################
# coronaTask_1cf90b60-a737-4585-9bde-b498943e3528 : CREATED

sbatch command written to /data/dev/corona/tmp/forceCache//coronaTask_1cf90b60-a737-4585-9bde-b498943e3528/coronaTask_1cf90b60-a737-4585-9bde-b498943e3528.sbatch
sbatch w/, /data/www_dev/corona/bin/slurm/bin//sbatch/data/dev/corona/tmp/forceCache//coronaTask_1cf90b60-a737-4585-9bde-b498943e3528/coronaTask_1cf90b60-a737-4585-9bde-b498943e3528.sbatch
this.sbatch : >/data/www_dev/corona/bin/slurm/bin//sbatch<
sbatchArgArray : >/data/dev/corona/tmp/forceCache//coronaTask_1cf90b60-a737-4585-9bde-b498943e3528/coronaTask_1cf90b60-a737-4585-9bde-b498943e3528.sbatch<
this.workdir : >/data/dev/corona/tmp/forceCache//coronaTask_1cf90b60-a737-4585-9bde-b498943e3528<
###############################
###### Current jobs pool ######
###############################
# coronaTask_1cf90b60-a737-4585-9bde-b498943e3528 : SUBMITTED

Status Updating [job coronaTask_1cf90b60-a737-4585-9bde-b498943e3528 ] : from 'SUBMITTED' to 'START'
Status Updating [job coronaTask_1cf90b60-a737-4585-9bde-b498943e3528 ] : from 'START' to 'FINISHED'
Pulling coronaTask_1cf90b60-a737-4585-9bde-b498943e3528
{
  resultsPath: '/data/dev/corona/tmp/forceCache/coronaTask_1cf90b60-a737-4585-9bde-b498943e3528/results/'
}
jobCompletion
jobCompleted
io on connection
http://localhost:3709/dbSnapshot
http://localhost:1134/results/2HYD
http://localhost:1134/pdb/2HYD
http://localhost:3709/getallid
http://localhost:3709/sortByCategory
ERROR in configJobCorona : no requestPPM specified
###############################
###### Current jobs pool ######
###############################
# coronaTask_99119622-c5a0-4282-b934-1890ecf43369 : CREATED

sbatch command written to /data/dev/corona/tmp/forceCache//coronaTask_99119622-c5a0-4282-b934-1890ecf43369/coronaTask_99119622-c5a0-4282-b934-1890ecf43369.sbatch
sbatch w/, /data/www_dev/corona/bin/slurm/bin//sbatch/data/dev/corona/tmp/forceCache//coronaTask_99119622-c5a0-4282-b934-1890ecf43369/coronaTask_99119622-c5a0-4282-b934-1890ecf43369.sbatch
this.sbatch : >/data/www_dev/corona/bin/slurm/bin//sbatch<
sbatchArgArray : >/data/dev/corona/tmp/forceCache//coronaTask_99119622-c5a0-4282-b934-1890ecf43369/coronaTask_99119622-c5a0-4282-b934-1890ecf43369.sbatch<
this.workdir : >/data/dev/corona/tmp/forceCache//coronaTask_99119622-c5a0-4282-b934-1890ecf43369<
###############################
###### Current jobs pool ######
###############################
# coronaTask_99119622-c5a0-4282-b934-1890ecf43369 : SUBMITTED

Status Updating [job coronaTask_99119622-c5a0-4282-b934-1890ecf43369 ] : from 'SUBMITTED' to 'START'
Status Updating [job coronaTask_99119622-c5a0-4282-b934-1890ecf43369 ] : from 'START' to 'FINISHED'
Pulling coronaTask_99119622-c5a0-4282-b934-1890ecf43369
{
  resultsPath: '/data/dev/corona/tmp/forceCache/coronaTask_99119622-c5a0-4282-b934-1890ecf43369/results/'
}
jobCompletion
jobCompleted
io on connection
http://localhost:3709/dbSnapshot
http://localhost:1134/results/2HYD
http://localhost:1134/pdb/2HYD
http://localhost:3709/getallid
http://localhost:3709/sortByCategory
ERROR in configJobCorona : no requestPPM specified
###############################
###### Current jobs pool ######
###############################
# coronaTask_81f1b2c8-4ffb-4a4e-ace2-35812a0c3cc1 : CREATED

sbatch command written to /data/dev/corona/tmp/forceCache//coronaTask_81f1b2c8-4ffb-4a4e-ace2-35812a0c3cc1/coronaTask_81f1b2c8-4ffb-4a4e-ace2-35812a0c3cc1.sbatch
sbatch w/, /data/www_dev/corona/bin/slurm/bin//sbatch/data/dev/corona/tmp/forceCache//coronaTask_81f1b2c8-4ffb-4a4e-ace2-35812a0c3cc1/coronaTask_81f1b2c8-4ffb-4a4e-ace2-35812a0c3cc1.sbatch
this.sbatch : >/data/www_dev/corona/bin/slurm/bin//sbatch<
sbatchArgArray : >/data/dev/corona/tmp/forceCache//coronaTask_81f1b2c8-4ffb-4a4e-ace2-35812a0c3cc1/coronaTask_81f1b2c8-4ffb-4a4e-ace2-35812a0c3cc1.sbatch<
this.workdir : >/data/dev/corona/tmp/forceCache//coronaTask_81f1b2c8-4ffb-4a4e-ace2-35812a0c3cc1<
###############################
###### Current jobs pool ######
###############################
# coronaTask_81f1b2c8-4ffb-4a4e-ace2-35812a0c3cc1 : SUBMITTED

Status Updating [job coronaTask_81f1b2c8-4ffb-4a4e-ace2-35812a0c3cc1 ] : from 'SUBMITTED' to 'START'
Status Updating [job coronaTask_81f1b2c8-4ffb-4a4e-ace2-35812a0c3cc1 ] : from 'START' to 'FINISHED'
Pulling coronaTask_81f1b2c8-4ffb-4a4e-ace2-35812a0c3cc1
{
  resultsPath: '/data/dev/corona/tmp/forceCache/coronaTask_81f1b2c8-4ffb-4a4e-ace2-35812a0c3cc1/results/'
}
jobCompletion
jobCompleted
io on connection
http://localhost:3709/dbSnapshot
http://localhost:1134/results/2HYD
http://localhost:1134/pdb/2HYD
http://localhost:3709/getallid
http://localhost:3709/sortByCategory
ERROR in configJobCorona : no requestPPM specified
###############################
###### Current jobs pool ######
###############################
# coronaTask_fc5dd067-4af8-4c1c-9cac-fc9267c184c9 : CREATED

sbatch command written to /data/dev/corona/tmp/forceCache//coronaTask_fc5dd067-4af8-4c1c-9cac-fc9267c184c9/coronaTask_fc5dd067-4af8-4c1c-9cac-fc9267c184c9.sbatch
sbatch w/, /data/www_dev/corona/bin/slurm/bin//sbatch/data/dev/corona/tmp/forceCache//coronaTask_fc5dd067-4af8-4c1c-9cac-fc9267c184c9/coronaTask_fc5dd067-4af8-4c1c-9cac-fc9267c184c9.sbatch
this.sbatch : >/data/www_dev/corona/bin/slurm/bin//sbatch<
sbatchArgArray : >/data/dev/corona/tmp/forceCache//coronaTask_fc5dd067-4af8-4c1c-9cac-fc9267c184c9/coronaTask_fc5dd067-4af8-4c1c-9cac-fc9267c184c9.sbatch<
this.workdir : >/data/dev/corona/tmp/forceCache//coronaTask_fc5dd067-4af8-4c1c-9cac-fc9267c184c9<
###############################
###### Current jobs pool ######
###############################
# coronaTask_fc5dd067-4af8-4c1c-9cac-fc9267c184c9 : SUBMITTED

Status Updating [job coronaTask_fc5dd067-4af8-4c1c-9cac-fc9267c184c9 ] : from 'SUBMITTED' to 'START'
Status Updating [job coronaTask_fc5dd067-4af8-4c1c-9cac-fc9267c184c9 ] : from 'START' to 'FINISHED'
Pulling coronaTask_fc5dd067-4af8-4c1c-9cac-fc9267c184c9
{
  resultsPath: '/data/dev/corona/tmp/forceCache/coronaTask_fc5dd067-4af8-4c1c-9cac-fc9267c184c9/results/'
}
jobCompletion
jobCompleted
io on connection
http://localhost:3709/dbSnapshot
http://localhost:1134/results/2HYD
http://localhost:1134/pdb/2HYD
http://localhost:3709/getallid
http://localhost:3709/sortByCategory
ERROR in configJobCorona : no requestPPM specified
###############################
###### Current jobs pool ######
###############################
# coronaTask_a61d2d0f-6995-492a-ae96-86652227a7aa : CREATED

sbatch command written to /data/dev/corona/tmp/forceCache//coronaTask_a61d2d0f-6995-492a-ae96-86652227a7aa/coronaTask_a61d2d0f-6995-492a-ae96-86652227a7aa.sbatch
sbatch w/, /data/www_dev/corona/bin/slurm/bin//sbatch/data/dev/corona/tmp/forceCache//coronaTask_a61d2d0f-6995-492a-ae96-86652227a7aa/coronaTask_a61d2d0f-6995-492a-ae96-86652227a7aa.sbatch
this.sbatch : >/data/www_dev/corona/bin/slurm/bin//sbatch<
sbatchArgArray : >/data/dev/corona/tmp/forceCache//coronaTask_a61d2d0f-6995-492a-ae96-86652227a7aa/coronaTask_a61d2d0f-6995-492a-ae96-86652227a7aa.sbatch<
this.workdir : >/data/dev/corona/tmp/forceCache//coronaTask_a61d2d0f-6995-492a-ae96-86652227a7aa<
###############################
###### Current jobs pool ######
###############################
# coronaTask_a61d2d0f-6995-492a-ae96-86652227a7aa : SUBMITTED

Status Updating [job coronaTask_a61d2d0f-6995-492a-ae96-86652227a7aa ] : from 'SUBMITTED' to 'START'
Status Updating [job coronaTask_a61d2d0f-6995-492a-ae96-86652227a7aa ] : from 'START' to 'FINISHED'
Pulling coronaTask_a61d2d0f-6995-492a-ae96-86652227a7aa
{
  resultsPath: '/data/dev/corona/tmp/forceCache/coronaTask_a61d2d0f-6995-492a-ae96-86652227a7aa/results/'
}
jobCompletion
jobCompleted
io on connection
http://localhost:3709/dbSnapshot
http://localhost:1134/results/2HYD
http://localhost:1134/pdb/2HYD
http://localhost:3709/getallid
http://localhost:3709/sortByCategory
ERROR in configJobCorona : no requestPPM specified
###############################
###### Current jobs pool ######
###############################
# coronaTask_31afc8d3-c135-4ad0-acd9-00bc47797620 : CREATED

sbatch command written to /data/dev/corona/tmp/forceCache//coronaTask_31afc8d3-c135-4ad0-acd9-00bc47797620/coronaTask_31afc8d3-c135-4ad0-acd9-00bc47797620.sbatch
sbatch w/, /data/www_dev/corona/bin/slurm/bin//sbatch/data/dev/corona/tmp/forceCache//coronaTask_31afc8d3-c135-4ad0-acd9-00bc47797620/coronaTask_31afc8d3-c135-4ad0-acd9-00bc47797620.sbatch
this.sbatch : >/data/www_dev/corona/bin/slurm/bin//sbatch<
sbatchArgArray : >/data/dev/corona/tmp/forceCache//coronaTask_31afc8d3-c135-4ad0-acd9-00bc47797620/coronaTask_31afc8d3-c135-4ad0-acd9-00bc47797620.sbatch<
this.workdir : >/data/dev/corona/tmp/forceCache//coronaTask_31afc8d3-c135-4ad0-acd9-00bc47797620<
###############################
###### Current jobs pool ######
###############################
# coronaTask_31afc8d3-c135-4ad0-acd9-00bc47797620 : SUBMITTED

Status Updating [job coronaTask_31afc8d3-c135-4ad0-acd9-00bc47797620 ] : from 'SUBMITTED' to 'START'
Status Updating [job coronaTask_31afc8d3-c135-4ad0-acd9-00bc47797620 ] : from 'START' to 'FINISHED'
Pulling coronaTask_31afc8d3-c135-4ad0-acd9-00bc47797620
{
  resultsPath: '/data/dev/corona/tmp/forceCache/coronaTask_31afc8d3-c135-4ad0-acd9-00bc47797620/results/'
}
jobCompletion
jobCompleted
io on connection
http://localhost:3709/dbSnapshot
http://localhost:1134/results/2HYD
http://localhost:1134/pdb/2HYD
http://localhost:3709/getallid
http://localhost:3709/sortByCategory
ERROR in configJobCorona : no requestPPM specified
###############################
###### Current jobs pool ######
###############################
# coronaTask_04a63d50-1d8c-4661-937d-399b5579abc7 : CREATED

sbatch command written to /data/dev/corona/tmp/forceCache//coronaTask_04a63d50-1d8c-4661-937d-399b5579abc7/coronaTask_04a63d50-1d8c-4661-937d-399b5579abc7.sbatch
sbatch w/, /data/www_dev/corona/bin/slurm/bin//sbatch/data/dev/corona/tmp/forceCache//coronaTask_04a63d50-1d8c-4661-937d-399b5579abc7/coronaTask_04a63d50-1d8c-4661-937d-399b5579abc7.sbatch
this.sbatch : >/data/www_dev/corona/bin/slurm/bin//sbatch<
sbatchArgArray : >/data/dev/corona/tmp/forceCache//coronaTask_04a63d50-1d8c-4661-937d-399b5579abc7/coronaTask_04a63d50-1d8c-4661-937d-399b5579abc7.sbatch<
this.workdir : >/data/dev/corona/tmp/forceCache//coronaTask_04a63d50-1d8c-4661-937d-399b5579abc7<
###############################
###### Current jobs pool ######
###############################
# coronaTask_04a63d50-1d8c-4661-937d-399b5579abc7 : SUBMITTED

Status Updating [job coronaTask_04a63d50-1d8c-4661-937d-399b5579abc7 ] : from 'SUBMITTED' to 'START'
Status Updating [job coronaTask_04a63d50-1d8c-4661-937d-399b5579abc7 ] : from 'START' to 'FINISHED'
Pulling coronaTask_04a63d50-1d8c-4661-937d-399b5579abc7
{
  resultsPath: '/data/dev/corona/tmp/forceCache/coronaTask_04a63d50-1d8c-4661-937d-399b5579abc7/results/'
}
jobCompletion
jobCompleted
io on connection
http://localhost:3709/dbSnapshot
http://localhost:1134/results/2HYD
http://localhost:1134/pdb/2HYD
http://localhost:3709/getallid
http://localhost:3709/sortByCategory
ERROR in configJobCorona : no requestPPM specified
###############################
###### Current jobs pool ######
###############################
# coronaTask_97ca667a-7135-4cd3-9492-bf743b15cbba : CREATED

sbatch command written to /data/dev/corona/tmp/forceCache//coronaTask_97ca667a-7135-4cd3-9492-bf743b15cbba/coronaTask_97ca667a-7135-4cd3-9492-bf743b15cbba.sbatch
sbatch w/, /data/www_dev/corona/bin/slurm/bin//sbatch/data/dev/corona/tmp/forceCache//coronaTask_97ca667a-7135-4cd3-9492-bf743b15cbba/coronaTask_97ca667a-7135-4cd3-9492-bf743b15cbba.sbatch
this.sbatch : >/data/www_dev/corona/bin/slurm/bin//sbatch<
sbatchArgArray : >/data/dev/corona/tmp/forceCache//coronaTask_97ca667a-7135-4cd3-9492-bf743b15cbba/coronaTask_97ca667a-7135-4cd3-9492-bf743b15cbba.sbatch<
this.workdir : >/data/dev/corona/tmp/forceCache//coronaTask_97ca667a-7135-4cd3-9492-bf743b15cbba<
###############################
###### Current jobs pool ######
###############################
# coronaTask_97ca667a-7135-4cd3-9492-bf743b15cbba : SUBMITTED

Status Updating [job coronaTask_97ca667a-7135-4cd3-9492-bf743b15cbba ] : from 'SUBMITTED' to 'START'
Status Updating [job coronaTask_97ca667a-7135-4cd3-9492-bf743b15cbba ] : from 'START' to 'FINISHED'
Pulling coronaTask_97ca667a-7135-4cd3-9492-bf743b15cbba
{
  resultsPath: '/data/dev/corona/tmp/forceCache/coronaTask_97ca667a-7135-4cd3-9492-bf743b15cbba/results/'
}
jobCompletion
jobCompleted
io on connection
http://localhost:3709/dbSnapshot
io on connection
http://localhost:3709/dbSnapshot
http://localhost:1134/results/2HYD
http://localhost:1134/pdb/2HYD
http://localhost:3709/getallid
http://localhost:3709/sortByCategory
ERROR in configJobCorona : no requestPPM specified
###############################
###### Current jobs pool ######
###############################
# coronaTask_19915c5e-cf0d-4d8a-bfd3-a80c92f4c495 : CREATED

sbatch command written to /data/dev/corona/tmp/forceCache//coronaTask_19915c5e-cf0d-4d8a-bfd3-a80c92f4c495/coronaTask_19915c5e-cf0d-4d8a-bfd3-a80c92f4c495.sbatch
sbatch w/, /data/www_dev/corona/bin/slurm/bin//sbatch/data/dev/corona/tmp/forceCache//coronaTask_19915c5e-cf0d-4d8a-bfd3-a80c92f4c495/coronaTask_19915c5e-cf0d-4d8a-bfd3-a80c92f4c495.sbatch
this.sbatch : >/data/www_dev/corona/bin/slurm/bin//sbatch<
sbatchArgArray : >/data/dev/corona/tmp/forceCache//coronaTask_19915c5e-cf0d-4d8a-bfd3-a80c92f4c495/coronaTask_19915c5e-cf0d-4d8a-bfd3-a80c92f4c495.sbatch<
this.workdir : >/data/dev/corona/tmp/forceCache//coronaTask_19915c5e-cf0d-4d8a-bfd3-a80c92f4c495<
###############################
###### Current jobs pool ######
###############################
# coronaTask_19915c5e-cf0d-4d8a-bfd3-a80c92f4c495 : SUBMITTED

Status Updating [job coronaTask_19915c5e-cf0d-4d8a-bfd3-a80c92f4c495 ] : from 'SUBMITTED' to 'START'
Status Updating [job coronaTask_19915c5e-cf0d-4d8a-bfd3-a80c92f4c495 ] : from 'START' to 'FINISHED'
Pulling coronaTask_19915c5e-cf0d-4d8a-bfd3-a80c92f4c495
{
  resultsPath: '/data/dev/corona/tmp/forceCache/coronaTask_19915c5e-cf0d-4d8a-bfd3-a80c92f4c495/results/'
}
jobCompletion
jobCompleted
io on connection
http://localhost:3709/dbSnapshot
http://localhost:1134/results/2HYD
http://localhost:1134/pdb/2HYD
http://localhost:3709/getallid
http://localhost:3709/sortByCategory
ERROR in configJobCorona : no requestPPM specified
###############################
###### Current jobs pool ######
###############################
# coronaTask_e4d4eda1-9a22-4d93-acf5-5bb0809e82d1 : CREATED

sbatch command written to /data/dev/corona/tmp/forceCache//coronaTask_e4d4eda1-9a22-4d93-acf5-5bb0809e82d1/coronaTask_e4d4eda1-9a22-4d93-acf5-5bb0809e82d1.sbatch
sbatch w/, /data/www_dev/corona/bin/slurm/bin//sbatch/data/dev/corona/tmp/forceCache//coronaTask_e4d4eda1-9a22-4d93-acf5-5bb0809e82d1/coronaTask_e4d4eda1-9a22-4d93-acf5-5bb0809e82d1.sbatch
this.sbatch : >/data/www_dev/corona/bin/slurm/bin//sbatch<
sbatchArgArray : >/data/dev/corona/tmp/forceCache//coronaTask_e4d4eda1-9a22-4d93-acf5-5bb0809e82d1/coronaTask_e4d4eda1-9a22-4d93-acf5-5bb0809e82d1.sbatch<
this.workdir : >/data/dev/corona/tmp/forceCache//coronaTask_e4d4eda1-9a22-4d93-acf5-5bb0809e82d1<
###############################
###### Current jobs pool ######
###############################
# coronaTask_e4d4eda1-9a22-4d93-acf5-5bb0809e82d1 : SUBMITTED

Status Updating [job coronaTask_e4d4eda1-9a22-4d93-acf5-5bb0809e82d1 ] : from 'SUBMITTED' to 'START'
Status Updating [job coronaTask_e4d4eda1-9a22-4d93-acf5-5bb0809e82d1 ] : from 'START' to 'FINISHED'
Pulling coronaTask_e4d4eda1-9a22-4d93-acf5-5bb0809e82d1
{
  resultsPath: '/data/dev/corona/tmp/forceCache/coronaTask_e4d4eda1-9a22-4d93-acf5-5bb0809e82d1/results/'
}
jobCompletion
jobCompleted
io on connection
http://localhost:3709/dbSnapshot
http://localhost:1134/results/2HYD
http://localhost:1134/pdb/2HYD
http://localhost:3709/getallid
http://localhost:3709/sortByCategory
ERROR in configJobCorona : no requestPPM specified
###############################
###### Current jobs pool ######
###############################
# coronaTask_8e7d8657-059e-4293-ad34-169d2073330d : CREATED

sbatch command written to /data/dev/corona/tmp/forceCache//coronaTask_8e7d8657-059e-4293-ad34-169d2073330d/coronaTask_8e7d8657-059e-4293-ad34-169d2073330d.sbatch
sbatch w/, /data/www_dev/corona/bin/slurm/bin//sbatch/data/dev/corona/tmp/forceCache//coronaTask_8e7d8657-059e-4293-ad34-169d2073330d/coronaTask_8e7d8657-059e-4293-ad34-169d2073330d.sbatch
this.sbatch : >/data/www_dev/corona/bin/slurm/bin//sbatch<
sbatchArgArray : >/data/dev/corona/tmp/forceCache//coronaTask_8e7d8657-059e-4293-ad34-169d2073330d/coronaTask_8e7d8657-059e-4293-ad34-169d2073330d.sbatch<
this.workdir : >/data/dev/corona/tmp/forceCache//coronaTask_8e7d8657-059e-4293-ad34-169d2073330d<
###############################
###### Current jobs pool ######
###############################
# coronaTask_8e7d8657-059e-4293-ad34-169d2073330d : SUBMITTED

Status Updating [job coronaTask_8e7d8657-059e-4293-ad34-169d2073330d ] : from 'SUBMITTED' to 'START'
Status Updating [job coronaTask_8e7d8657-059e-4293-ad34-169d2073330d ] : from 'START' to 'FINISHED'
Pulling coronaTask_8e7d8657-059e-4293-ad34-169d2073330d
{
  resultsPath: '/data/dev/corona/tmp/forceCache/coronaTask_8e7d8657-059e-4293-ad34-169d2073330d/results/'
}
jobCompletion
jobCompleted
io on connection
http://localhost:3709/dbSnapshot
io on connection
http://localhost:3709/dbSnapshot
http://localhost:1134/results/2HYD
http://localhost:1134/pdb/2HYD
http://localhost:3709/getallid
http://localhost:3709/sortByCategory
ERROR in configJobCorona : no requestPPM specified
###############################
###### Current jobs pool ######
###############################
# coronaTask_e0018e1d-3535-479e-8b63-943a1cc8b3bb : CREATED

sbatch command written to /data/dev/corona/tmp/forceCache//coronaTask_e0018e1d-3535-479e-8b63-943a1cc8b3bb/coronaTask_e0018e1d-3535-479e-8b63-943a1cc8b3bb.sbatch
sbatch w/, /data/www_dev/corona/bin/slurm/bin//sbatch/data/dev/corona/tmp/forceCache//coronaTask_e0018e1d-3535-479e-8b63-943a1cc8b3bb/coronaTask_e0018e1d-3535-479e-8b63-943a1cc8b3bb.sbatch
this.sbatch : >/data/www_dev/corona/bin/slurm/bin//sbatch<
sbatchArgArray : >/data/dev/corona/tmp/forceCache//coronaTask_e0018e1d-3535-479e-8b63-943a1cc8b3bb/coronaTask_e0018e1d-3535-479e-8b63-943a1cc8b3bb.sbatch<
this.workdir : >/data/dev/corona/tmp/forceCache//coronaTask_e0018e1d-3535-479e-8b63-943a1cc8b3bb<
###############################
###### Current jobs pool ######
###############################
# coronaTask_e0018e1d-3535-479e-8b63-943a1cc8b3bb : SUBMITTED

Status Updating [job coronaTask_e0018e1d-3535-479e-8b63-943a1cc8b3bb ] : from 'SUBMITTED' to 'START'
Status Updating [job coronaTask_e0018e1d-3535-479e-8b63-943a1cc8b3bb ] : from 'START' to 'FINISHED'
Pulling coronaTask_e0018e1d-3535-479e-8b63-943a1cc8b3bb
{
  resultsPath: '/data/dev/corona/tmp/forceCache/coronaTask_e0018e1d-3535-479e-8b63-943a1cc8b3bb/results/'
}
jobCompletion
jobCompleted
io on connection
io on connection
http://localhost:3709/dbSnapshot
io on connection
http://localhost:3709/dbSnapshot
http://localhost:1134/results/2HYD
http://localhost:1134/pdb/2HYD
http://localhost:3709/getallid
http://localhost:3709/sortByCategory
ERROR in configJobCorona : no requestPPM specified
###############################
###### Current jobs pool ######
###############################
# coronaTask_c271d10e-06e8-4d7e-be5b-54a99ce744f2 : CREATED

sbatch command written to /data/dev/corona/tmp/forceCache//coronaTask_c271d10e-06e8-4d7e-be5b-54a99ce744f2/coronaTask_c271d10e-06e8-4d7e-be5b-54a99ce744f2.sbatch
sbatch w/, /data/www_dev/corona/bin/slurm/bin//sbatch/data/dev/corona/tmp/forceCache//coronaTask_c271d10e-06e8-4d7e-be5b-54a99ce744f2/coronaTask_c271d10e-06e8-4d7e-be5b-54a99ce744f2.sbatch
this.sbatch : >/data/www_dev/corona/bin/slurm/bin//sbatch<
sbatchArgArray : >/data/dev/corona/tmp/forceCache//coronaTask_c271d10e-06e8-4d7e-be5b-54a99ce744f2/coronaTask_c271d10e-06e8-4d7e-be5b-54a99ce744f2.sbatch<
this.workdir : >/data/dev/corona/tmp/forceCache//coronaTask_c271d10e-06e8-4d7e-be5b-54a99ce744f2<
###############################
###### Current jobs pool ######
###############################
# coronaTask_c271d10e-06e8-4d7e-be5b-54a99ce744f2 : SUBMITTED

Status Updating [job coronaTask_c271d10e-06e8-4d7e-be5b-54a99ce744f2 ] : from 'SUBMITTED' to 'START'
Status Updating [job coronaTask_c271d10e-06e8-4d7e-be5b-54a99ce744f2 ] : from 'START' to 'FINISHED'
Pulling coronaTask_c271d10e-06e8-4d7e-be5b-54a99ce744f2
{
  resultsPath: '/data/dev/corona/tmp/forceCache/coronaTask_c271d10e-06e8-4d7e-be5b-54a99ce744f2/results/'
}
jobCompletion
jobCompleted
io on connection
http://localhost:3709/dbSnapshot
http://localhost:1134/results/2HYD
http://localhost:1134/pdb/2HYD
http://localhost:3709/getallid
http://localhost:3709/sortByCategory
ERROR in configJobCorona : no requestPPM specified
###############################
###### Current jobs pool ######
###############################
# coronaTask_4510b63c-49f5-4778-9c07-5daa9b37666d : CREATED

sbatch command written to /data/dev/corona/tmp/forceCache//coronaTask_4510b63c-49f5-4778-9c07-5daa9b37666d/coronaTask_4510b63c-49f5-4778-9c07-5daa9b37666d.sbatch
sbatch w/, /data/www_dev/corona/bin/slurm/bin//sbatch/data/dev/corona/tmp/forceCache//coronaTask_4510b63c-49f5-4778-9c07-5daa9b37666d/coronaTask_4510b63c-49f5-4778-9c07-5daa9b37666d.sbatch
this.sbatch : >/data/www_dev/corona/bin/slurm/bin//sbatch<
sbatchArgArray : >/data/dev/corona/tmp/forceCache//coronaTask_4510b63c-49f5-4778-9c07-5daa9b37666d/coronaTask_4510b63c-49f5-4778-9c07-5daa9b37666d.sbatch<
this.workdir : >/data/dev/corona/tmp/forceCache//coronaTask_4510b63c-49f5-4778-9c07-5daa9b37666d<
###############################
###### Current jobs pool ######
###############################
# coronaTask_4510b63c-49f5-4778-9c07-5daa9b37666d : SUBMITTED

Status Updating [job coronaTask_4510b63c-49f5-4778-9c07-5daa9b37666d ] : from 'SUBMITTED' to 'START'
Status Updating [job coronaTask_4510b63c-49f5-4778-9c07-5daa9b37666d ] : from 'START' to 'FINISHED'
Pulling coronaTask_4510b63c-49f5-4778-9c07-5daa9b37666d
{
  resultsPath: '/data/dev/corona/tmp/forceCache/coronaTask_4510b63c-49f5-4778-9c07-5daa9b37666d/results/'
}
jobCompletion
jobCompleted
io on connection
io on connection
io on connection
io on connection
io on connection
http://localhost:3709/dbSnapshot
http://localhost:1134/results/2HYD
http://localhost:1134/pdb/2HYD
http://localhost:3709/getallid
http://localhost:3709/sortByCategory
ERROR in configJobCorona : no requestPPM specified
###############################
###### Current jobs pool ######
###############################
# coronaTask_e13e441e-12bd-405d-b93c-fcd6ccaf6392 : CREATED

sbatch command written to /data/dev/corona/tmp/forceCache//coronaTask_e13e441e-12bd-405d-b93c-fcd6ccaf6392/coronaTask_e13e441e-12bd-405d-b93c-fcd6ccaf6392.sbatch
sbatch w/, /data/www_dev/corona/bin/slurm/bin//sbatch/data/dev/corona/tmp/forceCache//coronaTask_e13e441e-12bd-405d-b93c-fcd6ccaf6392/coronaTask_e13e441e-12bd-405d-b93c-fcd6ccaf6392.sbatch
this.sbatch : >/data/www_dev/corona/bin/slurm/bin//sbatch<
sbatchArgArray : >/data/dev/corona/tmp/forceCache//coronaTask_e13e441e-12bd-405d-b93c-fcd6ccaf6392/coronaTask_e13e441e-12bd-405d-b93c-fcd6ccaf6392.sbatch<
this.workdir : >/data/dev/corona/tmp/forceCache//coronaTask_e13e441e-12bd-405d-b93c-fcd6ccaf6392<
###############################
###### Current jobs pool ######
###############################
# coronaTask_e13e441e-12bd-405d-b93c-fcd6ccaf6392 : SUBMITTED

Status Updating [job coronaTask_e13e441e-12bd-405d-b93c-fcd6ccaf6392 ] : from 'SUBMITTED' to 'START'
Status Updating [job coronaTask_e13e441e-12bd-405d-b93c-fcd6ccaf6392 ] : from 'START' to 'FINISHED'
Pulling coronaTask_e13e441e-12bd-405d-b93c-fcd6ccaf6392
{
  resultsPath: '/data/dev/corona/tmp/forceCache/coronaTask_e13e441e-12bd-405d-b93c-fcd6ccaf6392/results/'
}
jobCompletion
jobCompleted
io on connection
http://localhost:3709/dbSnapshot
http://localhost:1134/results/2HYD
http://localhost:1134/pdb/2HYD
http://localhost:3709/getallid
http://localhost:3709/sortByCategory
ERROR in configJobCorona : no requestPPM specified
###############################
###### Current jobs pool ######
###############################
# coronaTask_171f0f96-96ea-4ebe-8d62-3add64b9d606 : CREATED

sbatch command written to /data/dev/corona/tmp/forceCache//coronaTask_171f0f96-96ea-4ebe-8d62-3add64b9d606/coronaTask_171f0f96-96ea-4ebe-8d62-3add64b9d606.sbatch
sbatch w/, /data/www_dev/corona/bin/slurm/bin//sbatch/data/dev/corona/tmp/forceCache//coronaTask_171f0f96-96ea-4ebe-8d62-3add64b9d606/coronaTask_171f0f96-96ea-4ebe-8d62-3add64b9d606.sbatch
this.sbatch : >/data/www_dev/corona/bin/slurm/bin//sbatch<
sbatchArgArray : >/data/dev/corona/tmp/forceCache//coronaTask_171f0f96-96ea-4ebe-8d62-3add64b9d606/coronaTask_171f0f96-96ea-4ebe-8d62-3add64b9d606.sbatch<
this.workdir : >/data/dev/corona/tmp/forceCache//coronaTask_171f0f96-96ea-4ebe-8d62-3add64b9d606<
###############################
###### Current jobs pool ######
###############################
# coronaTask_171f0f96-96ea-4ebe-8d62-3add64b9d606 : SUBMITTED

Status Updating [job coronaTask_171f0f96-96ea-4ebe-8d62-3add64b9d606 ] : from 'SUBMITTED' to 'START'
Status Updating [job coronaTask_171f0f96-96ea-4ebe-8d62-3add64b9d606 ] : from 'START' to 'FINISHED'
Pulling coronaTask_171f0f96-96ea-4ebe-8d62-3add64b9d606
{
  resultsPath: '/data/dev/corona/tmp/forceCache/coronaTask_171f0f96-96ea-4ebe-8d62-3add64b9d606/results/'
}
jobCompletion
jobCompleted
io on connection
http://localhost:3709/dbSnapshot
http://localhost:1134/results/2HYD
http://localhost:1134/pdb/2HYD
http://localhost:3709/getallid
http://localhost:3709/sortByCategory
ERROR in configJobCorona : no requestPPM specified
###############################
###### Current jobs pool ######
###############################
# coronaTask_e2aa1111-147d-457a-9fd5-9702ba8f27dd : CREATED

sbatch command written to /data/dev/corona/tmp/forceCache//coronaTask_e2aa1111-147d-457a-9fd5-9702ba8f27dd/coronaTask_e2aa1111-147d-457a-9fd5-9702ba8f27dd.sbatch
sbatch w/, /data/www_dev/corona/bin/slurm/bin//sbatch/data/dev/corona/tmp/forceCache//coronaTask_e2aa1111-147d-457a-9fd5-9702ba8f27dd/coronaTask_e2aa1111-147d-457a-9fd5-9702ba8f27dd.sbatch
this.sbatch : >/data/www_dev/corona/bin/slurm/bin//sbatch<
sbatchArgArray : >/data/dev/corona/tmp/forceCache//coronaTask_e2aa1111-147d-457a-9fd5-9702ba8f27dd/coronaTask_e2aa1111-147d-457a-9fd5-9702ba8f27dd.sbatch<
this.workdir : >/data/dev/corona/tmp/forceCache//coronaTask_e2aa1111-147d-457a-9fd5-9702ba8f27dd<
###############################
###### Current jobs pool ######
###############################
# coronaTask_e2aa1111-147d-457a-9fd5-9702ba8f27dd : SUBMITTED

Status Updating [job coronaTask_e2aa1111-147d-457a-9fd5-9702ba8f27dd ] : from 'SUBMITTED' to 'START'
Status Updating [job coronaTask_e2aa1111-147d-457a-9fd5-9702ba8f27dd ] : from 'START' to 'FINISHED'
Pulling coronaTask_e2aa1111-147d-457a-9fd5-9702ba8f27dd
{
  resultsPath: '/data/dev/corona/tmp/forceCache/coronaTask_e2aa1111-147d-457a-9fd5-9702ba8f27dd/results/'
}
jobCompletion
jobCompleted
io on connection
http://localhost:3709/dbSnapshot
http://localhost:1134/results/2HYD
http://localhost:1134/pdb/2HYD
http://localhost:3709/getallid
http://localhost:3709/sortByCategory
ERROR in configJobCorona : no requestPPM specified
###############################
###### Current jobs pool ######
###############################
# coronaTask_386bef11-b007-4ebc-b5c7-adbb15783c5d : CREATED

sbatch command written to /data/dev/corona/tmp/forceCache//coronaTask_386bef11-b007-4ebc-b5c7-adbb15783c5d/coronaTask_386bef11-b007-4ebc-b5c7-adbb15783c5d.sbatch
sbatch w/, /data/www_dev/corona/bin/slurm/bin//sbatch/data/dev/corona/tmp/forceCache//coronaTask_386bef11-b007-4ebc-b5c7-adbb15783c5d/coronaTask_386bef11-b007-4ebc-b5c7-adbb15783c5d.sbatch
this.sbatch : >/data/www_dev/corona/bin/slurm/bin//sbatch<
sbatchArgArray : >/data/dev/corona/tmp/forceCache//coronaTask_386bef11-b007-4ebc-b5c7-adbb15783c5d/coronaTask_386bef11-b007-4ebc-b5c7-adbb15783c5d.sbatch<
this.workdir : >/data/dev/corona/tmp/forceCache//coronaTask_386bef11-b007-4ebc-b5c7-adbb15783c5d<
###############################
###### Current jobs pool ######
###############################
# coronaTask_386bef11-b007-4ebc-b5c7-adbb15783c5d : SUBMITTED

Status Updating [job coronaTask_386bef11-b007-4ebc-b5c7-adbb15783c5d ] : from 'SUBMITTED' to 'START'
Status Updating [job coronaTask_386bef11-b007-4ebc-b5c7-adbb15783c5d ] : from 'START' to 'FINISHED'
Pulling coronaTask_386bef11-b007-4ebc-b5c7-adbb15783c5d
{
  resultsPath: '/data/dev/corona/tmp/forceCache/coronaTask_386bef11-b007-4ebc-b5c7-adbb15783c5d/results/'
}
jobCompletion
jobCompleted
io on connection
io on connection
io on connection
io on connection
io on connection
io on connection
io on connection
io on connection
io on connection
http://localhost:3709/dbSnapshot
io on connection
http://localhost:3709/dbSnapshot
http://localhost:1134/results/2HYD
http://localhost:1134/pdb/2HYD
http://localhost:3709/getallid
http://localhost:3709/sortByCategory
ERROR in configJobCorona : no requestPPM specified
###############################
###### Current jobs pool ######
###############################
# coronaTask_57b3b9bd-460f-4242-ad10-8728786aca95 : CREATED

sbatch command written to /data/dev/corona/tmp/forceCache//coronaTask_57b3b9bd-460f-4242-ad10-8728786aca95/coronaTask_57b3b9bd-460f-4242-ad10-8728786aca95.sbatch
sbatch w/, /data/www_dev/corona/bin/slurm/bin//sbatch/data/dev/corona/tmp/forceCache//coronaTask_57b3b9bd-460f-4242-ad10-8728786aca95/coronaTask_57b3b9bd-460f-4242-ad10-8728786aca95.sbatch
this.sbatch : >/data/www_dev/corona/bin/slurm/bin//sbatch<
sbatchArgArray : >/data/dev/corona/tmp/forceCache//coronaTask_57b3b9bd-460f-4242-ad10-8728786aca95/coronaTask_57b3b9bd-460f-4242-ad10-8728786aca95.sbatch<
this.workdir : >/data/dev/corona/tmp/forceCache//coronaTask_57b3b9bd-460f-4242-ad10-8728786aca95<
###############################
###### Current jobs pool ######
###############################
# coronaTask_57b3b9bd-460f-4242-ad10-8728786aca95 : SUBMITTED

Status Updating [job coronaTask_57b3b9bd-460f-4242-ad10-8728786aca95 ] : from 'SUBMITTED' to 'START'
Status Updating [job coronaTask_57b3b9bd-460f-4242-ad10-8728786aca95 ] : from 'START' to 'FINISHED'
Pulling coronaTask_57b3b9bd-460f-4242-ad10-8728786aca95
{
  resultsPath: '/data/dev/corona/tmp/forceCache/coronaTask_57b3b9bd-460f-4242-ad10-8728786aca95/results/'
}
jobCompletion
jobCompleted
io on connection
http://localhost:3709/dbSnapshot
http://localhost:1134/results/2HYD
http://localhost:1134/pdb/2HYD
http://localhost:3709/getallid
http://localhost:3709/sortByCategory
ERROR in configJobCorona : no requestPPM specified
###############################
###### Current jobs pool ######
###############################
# coronaTask_9b9eee50-1fd3-40a7-8631-88d381b473fd : CREATED

sbatch command written to /data/dev/corona/tmp/forceCache//coronaTask_9b9eee50-1fd3-40a7-8631-88d381b473fd/coronaTask_9b9eee50-1fd3-40a7-8631-88d381b473fd.sbatch
sbatch w/, /data/www_dev/corona/bin/slurm/bin//sbatch/data/dev/corona/tmp/forceCache//coronaTask_9b9eee50-1fd3-40a7-8631-88d381b473fd/coronaTask_9b9eee50-1fd3-40a7-8631-88d381b473fd.sbatch
this.sbatch : >/data/www_dev/corona/bin/slurm/bin//sbatch<
sbatchArgArray : >/data/dev/corona/tmp/forceCache//coronaTask_9b9eee50-1fd3-40a7-8631-88d381b473fd/coronaTask_9b9eee50-1fd3-40a7-8631-88d381b473fd.sbatch<
this.workdir : >/data/dev/corona/tmp/forceCache//coronaTask_9b9eee50-1fd3-40a7-8631-88d381b473fd<
###############################
###### Current jobs pool ######
###############################
# coronaTask_9b9eee50-1fd3-40a7-8631-88d381b473fd : SUBMITTED

Status Updating [job coronaTask_9b9eee50-1fd3-40a7-8631-88d381b473fd ] : from 'SUBMITTED' to 'START'
Status Updating [job coronaTask_9b9eee50-1fd3-40a7-8631-88d381b473fd ] : from 'START' to 'FINISHED'
Pulling coronaTask_9b9eee50-1fd3-40a7-8631-88d381b473fd
{
  resultsPath: '/data/dev/corona/tmp/forceCache/coronaTask_9b9eee50-1fd3-40a7-8631-88d381b473fd/results/'
}
jobCompletion
jobCompleted
io on connection
http://localhost:3709/dbSnapshot
http://localhost:1134/results/2HYD
http://localhost:1134/pdb/2HYD
http://localhost:3709/getallid
http://localhost:3709/sortByCategory
ERROR in configJobCorona : no requestPPM specified
###############################
###### Current jobs pool ######
###############################
# coronaTask_456b8003-d6be-439d-b18a-e70f13eaa43a : CREATED

sbatch command written to /data/dev/corona/tmp/forceCache//coronaTask_456b8003-d6be-439d-b18a-e70f13eaa43a/coronaTask_456b8003-d6be-439d-b18a-e70f13eaa43a.sbatch
sbatch w/, /data/www_dev/corona/bin/slurm/bin//sbatch/data/dev/corona/tmp/forceCache//coronaTask_456b8003-d6be-439d-b18a-e70f13eaa43a/coronaTask_456b8003-d6be-439d-b18a-e70f13eaa43a.sbatch
this.sbatch : >/data/www_dev/corona/bin/slurm/bin//sbatch<
sbatchArgArray : >/data/dev/corona/tmp/forceCache//coronaTask_456b8003-d6be-439d-b18a-e70f13eaa43a/coronaTask_456b8003-d6be-439d-b18a-e70f13eaa43a.sbatch<
this.workdir : >/data/dev/corona/tmp/forceCache//coronaTask_456b8003-d6be-439d-b18a-e70f13eaa43a<
###############################
###### Current jobs pool ######
###############################
# coronaTask_456b8003-d6be-439d-b18a-e70f13eaa43a : SUBMITTED

Status Updating [job coronaTask_456b8003-d6be-439d-b18a-e70f13eaa43a ] : from 'SUBMITTED' to 'START'
Status Updating [job coronaTask_456b8003-d6be-439d-b18a-e70f13eaa43a ] : from 'START' to 'FINISHED'
Pulling coronaTask_456b8003-d6be-439d-b18a-e70f13eaa43a
{
  resultsPath: '/data/dev/corona/tmp/forceCache/coronaTask_456b8003-d6be-439d-b18a-e70f13eaa43a/results/'
}
jobCompletion
jobCompleted
io on connection
http://localhost:3709/dbSnapshot
http://localhost:1134/results/2HYD
http://localhost:1134/pdb/2HYD
http://localhost:3709/getallid
http://localhost:3709/sortByCategory
ERROR in configJobCorona : no requestPPM specified
###############################
###### Current jobs pool ######
###############################
# coronaTask_c9815f9c-abe0-4abe-adad-801da4d80bab : CREATED

sbatch command written to /data/dev/corona/tmp/forceCache//coronaTask_c9815f9c-abe0-4abe-adad-801da4d80bab/coronaTask_c9815f9c-abe0-4abe-adad-801da4d80bab.sbatch
sbatch w/, /data/www_dev/corona/bin/slurm/bin//sbatch/data/dev/corona/tmp/forceCache//coronaTask_c9815f9c-abe0-4abe-adad-801da4d80bab/coronaTask_c9815f9c-abe0-4abe-adad-801da4d80bab.sbatch
this.sbatch : >/data/www_dev/corona/bin/slurm/bin//sbatch<
sbatchArgArray : >/data/dev/corona/tmp/forceCache//coronaTask_c9815f9c-abe0-4abe-adad-801da4d80bab/coronaTask_c9815f9c-abe0-4abe-adad-801da4d80bab.sbatch<
this.workdir : >/data/dev/corona/tmp/forceCache//coronaTask_c9815f9c-abe0-4abe-adad-801da4d80bab<
###############################
###### Current jobs pool ######
###############################
# coronaTask_c9815f9c-abe0-4abe-adad-801da4d80bab : SUBMITTED

Status Updating [job coronaTask_c9815f9c-abe0-4abe-adad-801da4d80bab ] : from 'SUBMITTED' to 'START'
Status Updating [job coronaTask_c9815f9c-abe0-4abe-adad-801da4d80bab ] : from 'START' to 'FINISHED'
Pulling coronaTask_c9815f9c-abe0-4abe-adad-801da4d80bab
{
  resultsPath: '/data/dev/corona/tmp/forceCache/coronaTask_c9815f9c-abe0-4abe-adad-801da4d80bab/results/'
}
jobCompletion
jobCompleted
io on connection
http://localhost:3709/dbSnapshot
io on connection
io on connection
io on connection
io on connection
io on connection
io on connection
io on connection
io on connection
io on connection
io on connection
io on connection
io on connection
io on connection
io on connection
io on connection
io on connection
io on connection
io on connection
io on connection
io on connection
io on connection
io on connection
io on connection
io on connection
io on connection
io on connection
io on connection
io on connection
io on connection
io on connection
io on connection
io on connection
io on connection
io on connection
io on connection
io on connection
io on connection
io on connection
http://localhost:1134/results/2HYD
io on connection
http://localhost:3709/dbSnapshot
http://localhost:1134/results/2HYD
http://localhost:1134/pdb/2HYD
http://localhost:3709/getallid
http://localhost:3709/sortByCategory
ERROR in configJobCorona : no requestPPM specified
###############################
###### Current jobs pool ######
###############################
# coronaTask_0a618ae4-dd9c-4ffe-9c34-3858bf0bb151 : CREATED

sbatch command written to /data/dev/corona/tmp/forceCache//coronaTask_0a618ae4-dd9c-4ffe-9c34-3858bf0bb151/coronaTask_0a618ae4-dd9c-4ffe-9c34-3858bf0bb151.sbatch
sbatch w/, /data/www_dev/corona/bin/slurm/bin//sbatch/data/dev/corona/tmp/forceCache//coronaTask_0a618ae4-dd9c-4ffe-9c34-3858bf0bb151/coronaTask_0a618ae4-dd9c-4ffe-9c34-3858bf0bb151.sbatch
this.sbatch : >/data/www_dev/corona/bin/slurm/bin//sbatch<
sbatchArgArray : >/data/dev/corona/tmp/forceCache//coronaTask_0a618ae4-dd9c-4ffe-9c34-3858bf0bb151/coronaTask_0a618ae4-dd9c-4ffe-9c34-3858bf0bb151.sbatch<
this.workdir : >/data/dev/corona/tmp/forceCache//coronaTask_0a618ae4-dd9c-4ffe-9c34-3858bf0bb151<
###############################
###### Current jobs pool ######
###############################
# coronaTask_0a618ae4-dd9c-4ffe-9c34-3858bf0bb151 : SUBMITTED

Status Updating [job coronaTask_0a618ae4-dd9c-4ffe-9c34-3858bf0bb151 ] : from 'SUBMITTED' to 'START'
Status Updating [job coronaTask_0a618ae4-dd9c-4ffe-9c34-3858bf0bb151 ] : from 'START' to 'FINISHED'
Pulling coronaTask_0a618ae4-dd9c-4ffe-9c34-3858bf0bb151
{
  resultsPath: '/data/dev/corona/tmp/forceCache/coronaTask_0a618ae4-dd9c-4ffe-9c34-3858bf0bb151/results/'
}
jobCompletion
jobCompleted
io on connection
http://localhost:3709/dbSnapshot
http://localhost:1134/results/2HYD
http://localhost:1134/pdb/2HYD
http://localhost:3709/getallid
http://localhost:3709/sortByCategory
ERROR in configJobCorona : no requestPPM specified
###############################
###### Current jobs pool ######
###############################
# coronaTask_fc402d58-7480-4a1e-b923-c9205b97098c : CREATED

sbatch command written to /data/dev/corona/tmp/forceCache//coronaTask_fc402d58-7480-4a1e-b923-c9205b97098c/coronaTask_fc402d58-7480-4a1e-b923-c9205b97098c.sbatch
sbatch w/, /data/www_dev/corona/bin/slurm/bin//sbatch/data/dev/corona/tmp/forceCache//coronaTask_fc402d58-7480-4a1e-b923-c9205b97098c/coronaTask_fc402d58-7480-4a1e-b923-c9205b97098c.sbatch
this.sbatch : >/data/www_dev/corona/bin/slurm/bin//sbatch<
sbatchArgArray : >/data/dev/corona/tmp/forceCache//coronaTask_fc402d58-7480-4a1e-b923-c9205b97098c/coronaTask_fc402d58-7480-4a1e-b923-c9205b97098c.sbatch<
this.workdir : >/data/dev/corona/tmp/forceCache//coronaTask_fc402d58-7480-4a1e-b923-c9205b97098c<
###############################
###### Current jobs pool ######
###############################
# coronaTask_fc402d58-7480-4a1e-b923-c9205b97098c : SUBMITTED

Status Updating [job coronaTask_fc402d58-7480-4a1e-b923-c9205b97098c ] : from 'SUBMITTED' to 'START'
Status Updating [job coronaTask_fc402d58-7480-4a1e-b923-c9205b97098c ] : from 'START' to 'FINISHED'
Pulling coronaTask_fc402d58-7480-4a1e-b923-c9205b97098c
{
  resultsPath: '/data/dev/corona/tmp/forceCache/coronaTask_fc402d58-7480-4a1e-b923-c9205b97098c/results/'
}
jobCompletion
jobCompleted
io on connection
http://localhost:3709/dbSnapshot
http://localhost:1134/results/2HYD
http://localhost:1134/pdb/2HYD
http://localhost:3709/getallid
http://localhost:3709/sortByCategory
ERROR in configJobCorona : no requestPPM specified
###############################
###### Current jobs pool ######
###############################
# coronaTask_e0a42c44-858a-424d-ab8a-8f9202a3f86f : CREATED

sbatch command written to /data/dev/corona/tmp/forceCache//coronaTask_e0a42c44-858a-424d-ab8a-8f9202a3f86f/coronaTask_e0a42c44-858a-424d-ab8a-8f9202a3f86f.sbatch
sbatch w/, /data/www_dev/corona/bin/slurm/bin//sbatch/data/dev/corona/tmp/forceCache//coronaTask_e0a42c44-858a-424d-ab8a-8f9202a3f86f/coronaTask_e0a42c44-858a-424d-ab8a-8f9202a3f86f.sbatch
this.sbatch : >/data/www_dev/corona/bin/slurm/bin//sbatch<
sbatchArgArray : >/data/dev/corona/tmp/forceCache//coronaTask_e0a42c44-858a-424d-ab8a-8f9202a3f86f/coronaTask_e0a42c44-858a-424d-ab8a-8f9202a3f86f.sbatch<
this.workdir : >/data/dev/corona/tmp/forceCache//coronaTask_e0a42c44-858a-424d-ab8a-8f9202a3f86f<
###############################
###### Current jobs pool ######
###############################
# coronaTask_e0a42c44-858a-424d-ab8a-8f9202a3f86f : SUBMITTED

Status Updating [job coronaTask_e0a42c44-858a-424d-ab8a-8f9202a3f86f ] : from 'SUBMITTED' to 'START'
Status Updating [job coronaTask_e0a42c44-858a-424d-ab8a-8f9202a3f86f ] : from 'START' to 'FINISHED'
Pulling coronaTask_e0a42c44-858a-424d-ab8a-8f9202a3f86f
{
  resultsPath: '/data/dev/corona/tmp/forceCache/coronaTask_e0a42c44-858a-424d-ab8a-8f9202a3f86f/results/'
}
jobCompletion
jobCompleted
io on connection
http://localhost:3709/dbSnapshot
http://localhost:1134/results/2HYD
http://localhost:1134/pdb/2HYD
http://localhost:3709/sortByCategory
http://localhost:3709/getallid
ERROR in configJobCorona : no requestPPM specified
###############################
###### Current jobs pool ######
###############################
# coronaTask_b31073a2-3e87-4919-836a-79efc78af064 : CREATED

sbatch command written to /data/dev/corona/tmp/forceCache//coronaTask_b31073a2-3e87-4919-836a-79efc78af064/coronaTask_b31073a2-3e87-4919-836a-79efc78af064.sbatch
sbatch w/, /data/www_dev/corona/bin/slurm/bin//sbatch/data/dev/corona/tmp/forceCache//coronaTask_b31073a2-3e87-4919-836a-79efc78af064/coronaTask_b31073a2-3e87-4919-836a-79efc78af064.sbatch
this.sbatch : >/data/www_dev/corona/bin/slurm/bin//sbatch<
sbatchArgArray : >/data/dev/corona/tmp/forceCache//coronaTask_b31073a2-3e87-4919-836a-79efc78af064/coronaTask_b31073a2-3e87-4919-836a-79efc78af064.sbatch<
this.workdir : >/data/dev/corona/tmp/forceCache//coronaTask_b31073a2-3e87-4919-836a-79efc78af064<
###############################
###### Current jobs pool ######
###############################
# coronaTask_b31073a2-3e87-4919-836a-79efc78af064 : SUBMITTED

Status Updating [job coronaTask_b31073a2-3e87-4919-836a-79efc78af064 ] : from 'SUBMITTED' to 'START'
Status Updating [job coronaTask_b31073a2-3e87-4919-836a-79efc78af064 ] : from 'START' to 'FINISHED'
Pulling coronaTask_b31073a2-3e87-4919-836a-79efc78af064
{
  resultsPath: '/data/dev/corona/tmp/forceCache/coronaTask_b31073a2-3e87-4919-836a-79efc78af064/results/'
}
jobCompletion
jobCompleted
io on connection
http://localhost:3709/dbSnapshot
io on connection
io on connection
http://localhost:3709/dbSnapshot
http://localhost:1134/results/2HYD
http://localhost:1134/pdb/2HYD
http://localhost:3709/getallid
http://localhost:3709/sortByCategory
ERROR in configJobCorona : no requestPPM specified
###############################
###### Current jobs pool ######
###############################
# coronaTask_c33369aa-3c0f-44bb-9750-7b15e68aa901 : CREATED

sbatch command written to /data/dev/corona/tmp/forceCache//coronaTask_c33369aa-3c0f-44bb-9750-7b15e68aa901/coronaTask_c33369aa-3c0f-44bb-9750-7b15e68aa901.sbatch
sbatch w/, /data/www_dev/corona/bin/slurm/bin//sbatch/data/dev/corona/tmp/forceCache//coronaTask_c33369aa-3c0f-44bb-9750-7b15e68aa901/coronaTask_c33369aa-3c0f-44bb-9750-7b15e68aa901.sbatch
this.sbatch : >/data/www_dev/corona/bin/slurm/bin//sbatch<
sbatchArgArray : >/data/dev/corona/tmp/forceCache//coronaTask_c33369aa-3c0f-44bb-9750-7b15e68aa901/coronaTask_c33369aa-3c0f-44bb-9750-7b15e68aa901.sbatch<
this.workdir : >/data/dev/corona/tmp/forceCache//coronaTask_c33369aa-3c0f-44bb-9750-7b15e68aa901<
###############################
###### Current jobs pool ######
###############################
# coronaTask_c33369aa-3c0f-44bb-9750-7b15e68aa901 : SUBMITTED

Status Updating [job coronaTask_c33369aa-3c0f-44bb-9750-7b15e68aa901 ] : from 'SUBMITTED' to 'START'
Status Updating [job coronaTask_c33369aa-3c0f-44bb-9750-7b15e68aa901 ] : from 'START' to 'FINISHED'
Pulling coronaTask_c33369aa-3c0f-44bb-9750-7b15e68aa901
{
  resultsPath: '/data/dev/corona/tmp/forceCache/coronaTask_c33369aa-3c0f-44bb-9750-7b15e68aa901/results/'
}
jobCompletion
jobCompleted
io on connection
http://localhost:3709/dbSnapshot
http://localhost:1134/results/2HYD
http://localhost:1134/pdb/2HYD
http://localhost:3709/getallid
http://localhost:3709/sortByCategory
ERROR in configJobCorona : no requestPPM specified
###############################
###### Current jobs pool ######
###############################
# coronaTask_994b21e3-29c2-4573-8d72-d6d2e42a41a9 : CREATED

sbatch command written to /data/dev/corona/tmp/forceCache//coronaTask_994b21e3-29c2-4573-8d72-d6d2e42a41a9/coronaTask_994b21e3-29c2-4573-8d72-d6d2e42a41a9.sbatch
sbatch w/, /data/www_dev/corona/bin/slurm/bin//sbatch/data/dev/corona/tmp/forceCache//coronaTask_994b21e3-29c2-4573-8d72-d6d2e42a41a9/coronaTask_994b21e3-29c2-4573-8d72-d6d2e42a41a9.sbatch
this.sbatch : >/data/www_dev/corona/bin/slurm/bin//sbatch<
sbatchArgArray : >/data/dev/corona/tmp/forceCache//coronaTask_994b21e3-29c2-4573-8d72-d6d2e42a41a9/coronaTask_994b21e3-29c2-4573-8d72-d6d2e42a41a9.sbatch<
this.workdir : >/data/dev/corona/tmp/forceCache//coronaTask_994b21e3-29c2-4573-8d72-d6d2e42a41a9<
###############################
###### Current jobs pool ######
###############################
# coronaTask_994b21e3-29c2-4573-8d72-d6d2e42a41a9 : SUBMITTED

Status Updating [job coronaTask_994b21e3-29c2-4573-8d72-d6d2e42a41a9 ] : from 'SUBMITTED' to 'START'
Status Updating [job coronaTask_994b21e3-29c2-4573-8d72-d6d2e42a41a9 ] : from 'START' to 'FINISHED'
Pulling coronaTask_994b21e3-29c2-4573-8d72-d6d2e42a41a9
{
  resultsPath: '/data/dev/corona/tmp/forceCache/coronaTask_994b21e3-29c2-4573-8d72-d6d2e42a41a9/results/'
}
jobCompletion
jobCompleted
io on connection
http://localhost:3709/dbSnapshot
http://localhost:1134/results/2HYD
http://localhost:1134/pdb/2HYD
http://localhost:3709/getallid
http://localhost:3709/sortByCategory
ERROR in configJobCorona : no requestPPM specified
###############################
###### Current jobs pool ######
###############################
# coronaTask_bb6b3013-4abd-43fa-a7b1-60463b0838c3 : CREATED

sbatch command written to /data/dev/corona/tmp/forceCache//coronaTask_bb6b3013-4abd-43fa-a7b1-60463b0838c3/coronaTask_bb6b3013-4abd-43fa-a7b1-60463b0838c3.sbatch
sbatch w/, /data/www_dev/corona/bin/slurm/bin//sbatch/data/dev/corona/tmp/forceCache//coronaTask_bb6b3013-4abd-43fa-a7b1-60463b0838c3/coronaTask_bb6b3013-4abd-43fa-a7b1-60463b0838c3.sbatch
this.sbatch : >/data/www_dev/corona/bin/slurm/bin//sbatch<
sbatchArgArray : >/data/dev/corona/tmp/forceCache//coronaTask_bb6b3013-4abd-43fa-a7b1-60463b0838c3/coronaTask_bb6b3013-4abd-43fa-a7b1-60463b0838c3.sbatch<
this.workdir : >/data/dev/corona/tmp/forceCache//coronaTask_bb6b3013-4abd-43fa-a7b1-60463b0838c3<
###############################
###### Current jobs pool ######
###############################
# coronaTask_bb6b3013-4abd-43fa-a7b1-60463b0838c3 : SUBMITTED

Status Updating [job coronaTask_bb6b3013-4abd-43fa-a7b1-60463b0838c3 ] : from 'SUBMITTED' to 'START'
Status Updating [job coronaTask_bb6b3013-4abd-43fa-a7b1-60463b0838c3 ] : from 'START' to 'FINISHED'
Pulling coronaTask_bb6b3013-4abd-43fa-a7b1-60463b0838c3
{
  resultsPath: '/data/dev/corona/tmp/forceCache/coronaTask_bb6b3013-4abd-43fa-a7b1-60463b0838c3/results/'
}
jobCompletion
jobCompleted
io on connection
http://localhost:3709/dbSnapshot
http://localhost:1134/results/2HYD
http://localhost:1134/pdb/2HYD
http://localhost:3709/getallid
http://localhost:3709/sortByCategory
ERROR in configJobCorona : no requestPPM specified
###############################
###### Current jobs pool ######
###############################
# coronaTask_eb1d7965-7b14-4831-aa81-7e9336ddcf73 : CREATED

sbatch command written to /data/dev/corona/tmp/forceCache//coronaTask_eb1d7965-7b14-4831-aa81-7e9336ddcf73/coronaTask_eb1d7965-7b14-4831-aa81-7e9336ddcf73.sbatch
sbatch w/, /data/www_dev/corona/bin/slurm/bin//sbatch/data/dev/corona/tmp/forceCache//coronaTask_eb1d7965-7b14-4831-aa81-7e9336ddcf73/coronaTask_eb1d7965-7b14-4831-aa81-7e9336ddcf73.sbatch
this.sbatch : >/data/www_dev/corona/bin/slurm/bin//sbatch<
sbatchArgArray : >/data/dev/corona/tmp/forceCache//coronaTask_eb1d7965-7b14-4831-aa81-7e9336ddcf73/coronaTask_eb1d7965-7b14-4831-aa81-7e9336ddcf73.sbatch<
this.workdir : >/data/dev/corona/tmp/forceCache//coronaTask_eb1d7965-7b14-4831-aa81-7e9336ddcf73<
###############################
###### Current jobs pool ######
###############################
# coronaTask_eb1d7965-7b14-4831-aa81-7e9336ddcf73 : SUBMITTED

Status Updating [job coronaTask_eb1d7965-7b14-4831-aa81-7e9336ddcf73 ] : from 'SUBMITTED' to 'START'
Status Updating [job coronaTask_eb1d7965-7b14-4831-aa81-7e9336ddcf73 ] : from 'START' to 'FINISHED'
Pulling coronaTask_eb1d7965-7b14-4831-aa81-7e9336ddcf73
{
  resultsPath: '/data/dev/corona/tmp/forceCache/coronaTask_eb1d7965-7b14-4831-aa81-7e9336ddcf73/results/'
}
jobCompletion
jobCompleted
io on connection
http://localhost:3709/dbSnapshot
http://localhost:1134/results/2HYD
http://localhost:1134/pdb/2HYD
http://localhost:3709/getallid
http://localhost:3709/sortByCategory
ERROR in configJobCorona : no requestPPM specified
###############################
###### Current jobs pool ######
###############################
# coronaTask_579ccf2a-cffe-480a-9f71-03e44b54138f : CREATED

sbatch command written to /data/dev/corona/tmp/forceCache//coronaTask_579ccf2a-cffe-480a-9f71-03e44b54138f/coronaTask_579ccf2a-cffe-480a-9f71-03e44b54138f.sbatch
sbatch w/, /data/www_dev/corona/bin/slurm/bin//sbatch/data/dev/corona/tmp/forceCache//coronaTask_579ccf2a-cffe-480a-9f71-03e44b54138f/coronaTask_579ccf2a-cffe-480a-9f71-03e44b54138f.sbatch
this.sbatch : >/data/www_dev/corona/bin/slurm/bin//sbatch<
sbatchArgArray : >/data/dev/corona/tmp/forceCache//coronaTask_579ccf2a-cffe-480a-9f71-03e44b54138f/coronaTask_579ccf2a-cffe-480a-9f71-03e44b54138f.sbatch<
this.workdir : >/data/dev/corona/tmp/forceCache//coronaTask_579ccf2a-cffe-480a-9f71-03e44b54138f<
###############################
###### Current jobs pool ######
###############################
# coronaTask_579ccf2a-cffe-480a-9f71-03e44b54138f : SUBMITTED

Status Updating [job coronaTask_579ccf2a-cffe-480a-9f71-03e44b54138f ] : from 'SUBMITTED' to 'START'
Status Updating [job coronaTask_579ccf2a-cffe-480a-9f71-03e44b54138f ] : from 'START' to 'FINISHED'
Pulling coronaTask_579ccf2a-cffe-480a-9f71-03e44b54138f
{
  resultsPath: '/data/dev/corona/tmp/forceCache/coronaTask_579ccf2a-cffe-480a-9f71-03e44b54138f/results/'
}
jobCompletion
jobCompleted
io on connection
http://localhost:3709/dbSnapshot
http://localhost:1134/results/2HY
http://localhost:1134/pdb/2HYD
http://localhost:3709/getallid
http://localhost:3709/sortByCategory
ERROR in configJobCorona : no requestPPM specified
###############################
###### Current jobs pool ######
###############################
# coronaTask_9475f712-1400-4390-93ab-58f0c4073a00 : CREATED

sbatch command written to /data/dev/corona/tmp/forceCache//coronaTask_9475f712-1400-4390-93ab-58f0c4073a00/coronaTask_9475f712-1400-4390-93ab-58f0c4073a00.sbatch
sbatch w/, /data/www_dev/corona/bin/slurm/bin//sbatch/data/dev/corona/tmp/forceCache//coronaTask_9475f712-1400-4390-93ab-58f0c4073a00/coronaTask_9475f712-1400-4390-93ab-58f0c4073a00.sbatch
this.sbatch : >/data/www_dev/corona/bin/slurm/bin//sbatch<
sbatchArgArray : >/data/dev/corona/tmp/forceCache//coronaTask_9475f712-1400-4390-93ab-58f0c4073a00/coronaTask_9475f712-1400-4390-93ab-58f0c4073a00.sbatch<
this.workdir : >/data/dev/corona/tmp/forceCache//coronaTask_9475f712-1400-4390-93ab-58f0c4073a00<
###############################
###### Current jobs pool ######
###############################
# coronaTask_9475f712-1400-4390-93ab-58f0c4073a00 : SUBMITTED

Status Updating [job coronaTask_9475f712-1400-4390-93ab-58f0c4073a00 ] : from 'SUBMITTED' to 'START'
Status Updating [job coronaTask_9475f712-1400-4390-93ab-58f0c4073a00 ] : from 'START' to 'FINISHED'
Pulling coronaTask_9475f712-1400-4390-93ab-58f0c4073a00
{
  resultsPath: '/data/dev/corona/tmp/forceCache/coronaTask_9475f712-1400-4390-93ab-58f0c4073a00/results/'
}
jobCompletion
jobCompleted
io on connection
http://localhost:3709/dbSnapshot
http://localhost:1134/results/2HYD
http://localhost:1134/pdb/2HYD
http://localhost:3709/getallid
http://localhost:3709/sortByCategory
ERROR in configJobCorona : no requestPPM specified
###############################
###### Current jobs pool ######
###############################
# coronaTask_cd21a48d-b678-43ee-8c4e-d467184fef91 : CREATED

sbatch command written to /data/dev/corona/tmp/forceCache//coronaTask_cd21a48d-b678-43ee-8c4e-d467184fef91/coronaTask_cd21a48d-b678-43ee-8c4e-d467184fef91.sbatch
sbatch w/, /data/www_dev/corona/bin/slurm/bin//sbatch/data/dev/corona/tmp/forceCache//coronaTask_cd21a48d-b678-43ee-8c4e-d467184fef91/coronaTask_cd21a48d-b678-43ee-8c4e-d467184fef91.sbatch
this.sbatch : >/data/www_dev/corona/bin/slurm/bin//sbatch<
sbatchArgArray : >/data/dev/corona/tmp/forceCache//coronaTask_cd21a48d-b678-43ee-8c4e-d467184fef91/coronaTask_cd21a48d-b678-43ee-8c4e-d467184fef91.sbatch<
this.workdir : >/data/dev/corona/tmp/forceCache//coronaTask_cd21a48d-b678-43ee-8c4e-d467184fef91<
###############################
###### Current jobs pool ######
###############################
# coronaTask_cd21a48d-b678-43ee-8c4e-d467184fef91 : SUBMITTED

Status Updating [job coronaTask_cd21a48d-b678-43ee-8c4e-d467184fef91 ] : from 'SUBMITTED' to 'START'
Status Updating [job coronaTask_cd21a48d-b678-43ee-8c4e-d467184fef91 ] : from 'START' to 'FINISHED'
Pulling coronaTask_cd21a48d-b678-43ee-8c4e-d467184fef91
{
  resultsPath: '/data/dev/corona/tmp/forceCache/coronaTask_cd21a48d-b678-43ee-8c4e-d467184fef91/results/'
}
jobCompletion
jobCompleted
io on connection
http://localhost:3709/dbSnapshot
http://localhost:1134/results/2HYD
http://localhost:1134/pdb/2HYD
http://localhost:3709/getallid
http://localhost:3709/sortByCategory
ERROR in configJobCorona : no requestPPM specified
###############################
###### Current jobs pool ######
###############################
# coronaTask_11fa3f3a-4135-408a-b830-9d0b7c57fdc8 : CREATED

sbatch command written to /data/dev/corona/tmp/forceCache//coronaTask_11fa3f3a-4135-408a-b830-9d0b7c57fdc8/coronaTask_11fa3f3a-4135-408a-b830-9d0b7c57fdc8.sbatch
sbatch w/, /data/www_dev/corona/bin/slurm/bin//sbatch/data/dev/corona/tmp/forceCache//coronaTask_11fa3f3a-4135-408a-b830-9d0b7c57fdc8/coronaTask_11fa3f3a-4135-408a-b830-9d0b7c57fdc8.sbatch
this.sbatch : >/data/www_dev/corona/bin/slurm/bin//sbatch<
sbatchArgArray : >/data/dev/corona/tmp/forceCache//coronaTask_11fa3f3a-4135-408a-b830-9d0b7c57fdc8/coronaTask_11fa3f3a-4135-408a-b830-9d0b7c57fdc8.sbatch<
this.workdir : >/data/dev/corona/tmp/forceCache//coronaTask_11fa3f3a-4135-408a-b830-9d0b7c57fdc8<
###############################
###### Current jobs pool ######
###############################
# coronaTask_11fa3f3a-4135-408a-b830-9d0b7c57fdc8 : SUBMITTED

Status Updating [job coronaTask_11fa3f3a-4135-408a-b830-9d0b7c57fdc8 ] : from 'SUBMITTED' to 'START'
Status Updating [job coronaTask_11fa3f3a-4135-408a-b830-9d0b7c57fdc8 ] : from 'START' to 'FINISHED'
Pulling coronaTask_11fa3f3a-4135-408a-b830-9d0b7c57fdc8
{
  resultsPath: '/data/dev/corona/tmp/forceCache/coronaTask_11fa3f3a-4135-408a-b830-9d0b7c57fdc8/results/'
}
jobCompletion
jobCompleted
io on connection
http://localhost:3709/dbSnapshot
http://localhost:1134/results/2HYD
http://localhost:1134/pdb/2HYD
http://localhost:3709/getallid
http://localhost:3709/sortByCategory
ERROR in configJobCorona : no requestPPM specified
###############################
###### Current jobs pool ######
###############################
# coronaTask_189b9f7b-a7ef-4151-840c-486a5a957e51 : CREATED

sbatch command written to /data/dev/corona/tmp/forceCache//coronaTask_189b9f7b-a7ef-4151-840c-486a5a957e51/coronaTask_189b9f7b-a7ef-4151-840c-486a5a957e51.sbatch
sbatch w/, /data/www_dev/corona/bin/slurm/bin//sbatch/data/dev/corona/tmp/forceCache//coronaTask_189b9f7b-a7ef-4151-840c-486a5a957e51/coronaTask_189b9f7b-a7ef-4151-840c-486a5a957e51.sbatch
this.sbatch : >/data/www_dev/corona/bin/slurm/bin//sbatch<
sbatchArgArray : >/data/dev/corona/tmp/forceCache//coronaTask_189b9f7b-a7ef-4151-840c-486a5a957e51/coronaTask_189b9f7b-a7ef-4151-840c-486a5a957e51.sbatch<
this.workdir : >/data/dev/corona/tmp/forceCache//coronaTask_189b9f7b-a7ef-4151-840c-486a5a957e51<
###############################
###### Current jobs pool ######
###############################
# coronaTask_189b9f7b-a7ef-4151-840c-486a5a957e51 : SUBMITTED

Status Updating [job coronaTask_189b9f7b-a7ef-4151-840c-486a5a957e51 ] : from 'SUBMITTED' to 'START'
Status Updating [job coronaTask_189b9f7b-a7ef-4151-840c-486a5a957e51 ] : from 'START' to 'FINISHED'
Pulling coronaTask_189b9f7b-a7ef-4151-840c-486a5a957e51
{
  resultsPath: '/data/dev/corona/tmp/forceCache/coronaTask_189b9f7b-a7ef-4151-840c-486a5a957e51/results/'
}
jobCompletion
jobCompleted
io on connection
io on connection
http://localhost:3709/dbSnapshot
http://localhost:1134/results/2HY
http://localhost:1134/pdb/2HYD
http://localhost:3709/getallid
http://localhost:3709/sortByCategory
ERROR in configJobCorona : no requestPPM specified
###############################
###### Current jobs pool ######
###############################
# coronaTask_a5eadeb8-fffb-4f09-9003-2b84d9a157eb : CREATED

sbatch command written to /data/dev/corona/tmp/forceCache//coronaTask_a5eadeb8-fffb-4f09-9003-2b84d9a157eb/coronaTask_a5eadeb8-fffb-4f09-9003-2b84d9a157eb.sbatch
sbatch w/, /data/www_dev/corona/bin/slurm/bin//sbatch/data/dev/corona/tmp/forceCache//coronaTask_a5eadeb8-fffb-4f09-9003-2b84d9a157eb/coronaTask_a5eadeb8-fffb-4f09-9003-2b84d9a157eb.sbatch
this.sbatch : >/data/www_dev/corona/bin/slurm/bin//sbatch<
sbatchArgArray : >/data/dev/corona/tmp/forceCache//coronaTask_a5eadeb8-fffb-4f09-9003-2b84d9a157eb/coronaTask_a5eadeb8-fffb-4f09-9003-2b84d9a157eb.sbatch<
this.workdir : >/data/dev/corona/tmp/forceCache//coronaTask_a5eadeb8-fffb-4f09-9003-2b84d9a157eb<
###############################
###### Current jobs pool ######
###############################
# coronaTask_a5eadeb8-fffb-4f09-9003-2b84d9a157eb : SUBMITTED

Status Updating [job coronaTask_a5eadeb8-fffb-4f09-9003-2b84d9a157eb ] : from 'SUBMITTED' to 'START'
Status Updating [job coronaTask_a5eadeb8-fffb-4f09-9003-2b84d9a157eb ] : from 'START' to 'FINISHED'
Pulling coronaTask_a5eadeb8-fffb-4f09-9003-2b84d9a157eb
{
  resultsPath: '/data/dev/corona/tmp/forceCache/coronaTask_a5eadeb8-fffb-4f09-9003-2b84d9a157eb/results/'
}
jobCompletion
jobCompleted
io on connection
http://localhost:3709/dbSnapshot
http://localhost:1134/results/2HYD
http://localhost:1134/pdb/2HYD
http://localhost:3709/getallid
http://localhost:3709/sortByCategory
ERROR in configJobCorona : no requestPPM specified
###############################
###### Current jobs pool ######
###############################
# coronaTask_18e2b892-3dbf-4928-89ac-a4980568755e : CREATED

sbatch command written to /data/dev/corona/tmp/forceCache//coronaTask_18e2b892-3dbf-4928-89ac-a4980568755e/coronaTask_18e2b892-3dbf-4928-89ac-a4980568755e.sbatch
sbatch w/, /data/www_dev/corona/bin/slurm/bin//sbatch/data/dev/corona/tmp/forceCache//coronaTask_18e2b892-3dbf-4928-89ac-a4980568755e/coronaTask_18e2b892-3dbf-4928-89ac-a4980568755e.sbatch
this.sbatch : >/data/www_dev/corona/bin/slurm/bin//sbatch<
sbatchArgArray : >/data/dev/corona/tmp/forceCache//coronaTask_18e2b892-3dbf-4928-89ac-a4980568755e/coronaTask_18e2b892-3dbf-4928-89ac-a4980568755e.sbatch<
this.workdir : >/data/dev/corona/tmp/forceCache//coronaTask_18e2b892-3dbf-4928-89ac-a4980568755e<
###############################
###### Current jobs pool ######
###############################
# coronaTask_18e2b892-3dbf-4928-89ac-a4980568755e : SUBMITTED

Status Updating [job coronaTask_18e2b892-3dbf-4928-89ac-a4980568755e ] : from 'SUBMITTED' to 'START'
Status Updating [job coronaTask_18e2b892-3dbf-4928-89ac-a4980568755e ] : from 'START' to 'FINISHED'
Pulling coronaTask_18e2b892-3dbf-4928-89ac-a4980568755e
{
  resultsPath: '/data/dev/corona/tmp/forceCache/coronaTask_18e2b892-3dbf-4928-89ac-a4980568755e/results/'
}
jobCompletion
jobCompleted
io on connection
http://localhost:3709/dbSnapshot
io on connection
http://localhost:3709/dbSnapshot
http://localhost:1134/results/2HYD
http://localhost:1134/pdb/2HYD
http://localhost:3709/getallid
http://localhost:3709/sortByCategory
ERROR in configJobCorona : no requestPPM specified
###############################
###### Current jobs pool ######
###############################
# coronaTask_fab0359f-7bd1-4625-8032-60f8e62613ca : CREATED

sbatch command written to /data/dev/corona/tmp/forceCache//coronaTask_fab0359f-7bd1-4625-8032-60f8e62613ca/coronaTask_fab0359f-7bd1-4625-8032-60f8e62613ca.sbatch
sbatch w/, /data/www_dev/corona/bin/slurm/bin//sbatch/data/dev/corona/tmp/forceCache//coronaTask_fab0359f-7bd1-4625-8032-60f8e62613ca/coronaTask_fab0359f-7bd1-4625-8032-60f8e62613ca.sbatch
this.sbatch : >/data/www_dev/corona/bin/slurm/bin//sbatch<
sbatchArgArray : >/data/dev/corona/tmp/forceCache//coronaTask_fab0359f-7bd1-4625-8032-60f8e62613ca/coronaTask_fab0359f-7bd1-4625-8032-60f8e62613ca.sbatch<
this.workdir : >/data/dev/corona/tmp/forceCache//coronaTask_fab0359f-7bd1-4625-8032-60f8e62613ca<
###############################
###### Current jobs pool ######
###############################
# coronaTask_fab0359f-7bd1-4625-8032-60f8e62613ca : SUBMITTED

Status Updating [job coronaTask_fab0359f-7bd1-4625-8032-60f8e62613ca ] : from 'SUBMITTED' to 'START'
Status Updating [job coronaTask_fab0359f-7bd1-4625-8032-60f8e62613ca ] : from 'START' to 'FINISHED'
Pulling coronaTask_fab0359f-7bd1-4625-8032-60f8e62613ca
{
  resultsPath: '/data/dev/corona/tmp/forceCache/coronaTask_fab0359f-7bd1-4625-8032-60f8e62613ca/results/'
}
jobCompletion
jobCompleted
io on connection
http://localhost:3709/dbSnapshot
http://localhost:1134/results/2HYD
http://localhost:1134/pdb/2HYD
http://localhost:3709/getallid
http://localhost:3709/sortByCategory
ERROR in configJobCorona : no requestPPM specified
###############################
###### Current jobs pool ######
###############################
# coronaTask_689ec9b5-3660-445a-ac81-65efc9a9a345 : CREATED

sbatch command written to /data/dev/corona/tmp/forceCache//coronaTask_689ec9b5-3660-445a-ac81-65efc9a9a345/coronaTask_689ec9b5-3660-445a-ac81-65efc9a9a345.sbatch
sbatch w/, /data/www_dev/corona/bin/slurm/bin//sbatch/data/dev/corona/tmp/forceCache//coronaTask_689ec9b5-3660-445a-ac81-65efc9a9a345/coronaTask_689ec9b5-3660-445a-ac81-65efc9a9a345.sbatch
this.sbatch : >/data/www_dev/corona/bin/slurm/bin//sbatch<
sbatchArgArray : >/data/dev/corona/tmp/forceCache//coronaTask_689ec9b5-3660-445a-ac81-65efc9a9a345/coronaTask_689ec9b5-3660-445a-ac81-65efc9a9a345.sbatch<
this.workdir : >/data/dev/corona/tmp/forceCache//coronaTask_689ec9b5-3660-445a-ac81-65efc9a9a345<
###############################
###### Current jobs pool ######
###############################
# coronaTask_689ec9b5-3660-445a-ac81-65efc9a9a345 : SUBMITTED

Status Updating [job coronaTask_689ec9b5-3660-445a-ac81-65efc9a9a345 ] : from 'SUBMITTED' to 'START'
Status Updating [job coronaTask_689ec9b5-3660-445a-ac81-65efc9a9a345 ] : from 'START' to 'FINISHED'
Pulling coronaTask_689ec9b5-3660-445a-ac81-65efc9a9a345
{
  resultsPath: '/data/dev/corona/tmp/forceCache/coronaTask_689ec9b5-3660-445a-ac81-65efc9a9a345/results/'
}
jobCompletion
jobCompleted
io on connection
http://localhost:3709/dbSnapshot
http://localhost:1134/results/2HYD
http://localhost:1134/pdb/2HYD
http://localhost:3709/getallid
http://localhost:3709/sortByCategory
ERROR in configJobCorona : no requestPPM specified
###############################
###### Current jobs pool ######
###############################
# coronaTask_054860c7-42e4-48c9-a072-1d4b5b301031 : CREATED

sbatch command written to /data/dev/corona/tmp/forceCache//coronaTask_054860c7-42e4-48c9-a072-1d4b5b301031/coronaTask_054860c7-42e4-48c9-a072-1d4b5b301031.sbatch
sbatch w/, /data/www_dev/corona/bin/slurm/bin//sbatch/data/dev/corona/tmp/forceCache//coronaTask_054860c7-42e4-48c9-a072-1d4b5b301031/coronaTask_054860c7-42e4-48c9-a072-1d4b5b301031.sbatch
this.sbatch : >/data/www_dev/corona/bin/slurm/bin//sbatch<
sbatchArgArray : >/data/dev/corona/tmp/forceCache//coronaTask_054860c7-42e4-48c9-a072-1d4b5b301031/coronaTask_054860c7-42e4-48c9-a072-1d4b5b301031.sbatch<
this.workdir : >/data/dev/corona/tmp/forceCache//coronaTask_054860c7-42e4-48c9-a072-1d4b5b301031<
###############################
###### Current jobs pool ######
###############################
# coronaTask_054860c7-42e4-48c9-a072-1d4b5b301031 : SUBMITTED

Status Updating [job coronaTask_054860c7-42e4-48c9-a072-1d4b5b301031 ] : from 'SUBMITTED' to 'START'
Status Updating [job coronaTask_054860c7-42e4-48c9-a072-1d4b5b301031 ] : from 'START' to 'FINISHED'
Pulling coronaTask_054860c7-42e4-48c9-a072-1d4b5b301031
{
  resultsPath: '/data/dev/corona/tmp/forceCache/coronaTask_054860c7-42e4-48c9-a072-1d4b5b301031/results/'
}
jobCompletion
jobCompleted
io on connection
http://localhost:3709/dbSnapshot
io on connection
http://localhost:3709/dbSnapshot
http://localhost:1134/results/2HYD
http://localhost:1134/pdb/2HYD
http://localhost:3709/getallid
http://localhost:3709/sortByCategory
ERROR in configJobCorona : no requestPPM specified
###############################
###### Current jobs pool ######
###############################
# coronaTask_bbefeaea-e75c-40c5-917c-c7635fd1b9b0 : CREATED

sbatch command written to /data/dev/corona/tmp/forceCache//coronaTask_bbefeaea-e75c-40c5-917c-c7635fd1b9b0/coronaTask_bbefeaea-e75c-40c5-917c-c7635fd1b9b0.sbatch
sbatch w/, /data/www_dev/corona/bin/slurm/bin//sbatch/data/dev/corona/tmp/forceCache//coronaTask_bbefeaea-e75c-40c5-917c-c7635fd1b9b0/coronaTask_bbefeaea-e75c-40c5-917c-c7635fd1b9b0.sbatch
this.sbatch : >/data/www_dev/corona/bin/slurm/bin//sbatch<
sbatchArgArray : >/data/dev/corona/tmp/forceCache//coronaTask_bbefeaea-e75c-40c5-917c-c7635fd1b9b0/coronaTask_bbefeaea-e75c-40c5-917c-c7635fd1b9b0.sbatch<
this.workdir : >/data/dev/corona/tmp/forceCache//coronaTask_bbefeaea-e75c-40c5-917c-c7635fd1b9b0<
###############################
###### Current jobs pool ######
###############################
# coronaTask_bbefeaea-e75c-40c5-917c-c7635fd1b9b0 : SUBMITTED

Status Updating [job coronaTask_bbefeaea-e75c-40c5-917c-c7635fd1b9b0 ] : from 'SUBMITTED' to 'START'
Status Updating [job coronaTask_bbefeaea-e75c-40c5-917c-c7635fd1b9b0 ] : from 'START' to 'FINISHED'
Pulling coronaTask_bbefeaea-e75c-40c5-917c-c7635fd1b9b0
{
  resultsPath: '/data/dev/corona/tmp/forceCache/coronaTask_bbefeaea-e75c-40c5-917c-c7635fd1b9b0/results/'
}
jobCompletion
jobCompleted
io on connection
http://localhost:3709/dbSnapshot
http://localhost:1134/results/2HYD
http://localhost:1134/pdb/2HYD
http://localhost:3709/getallid
http://localhost:3709/sortByCategory
ERROR in configJobCorona : no requestPPM specified
###############################
###### Current jobs pool ######
###############################
# coronaTask_a54a7149-e2b1-4086-aaa7-b96ec576e4e2 : CREATED

sbatch command written to /data/dev/corona/tmp/forceCache//coronaTask_a54a7149-e2b1-4086-aaa7-b96ec576e4e2/coronaTask_a54a7149-e2b1-4086-aaa7-b96ec576e4e2.sbatch
sbatch w/, /data/www_dev/corona/bin/slurm/bin//sbatch/data/dev/corona/tmp/forceCache//coronaTask_a54a7149-e2b1-4086-aaa7-b96ec576e4e2/coronaTask_a54a7149-e2b1-4086-aaa7-b96ec576e4e2.sbatch
this.sbatch : >/data/www_dev/corona/bin/slurm/bin//sbatch<
sbatchArgArray : >/data/dev/corona/tmp/forceCache//coronaTask_a54a7149-e2b1-4086-aaa7-b96ec576e4e2/coronaTask_a54a7149-e2b1-4086-aaa7-b96ec576e4e2.sbatch<
this.workdir : >/data/dev/corona/tmp/forceCache//coronaTask_a54a7149-e2b1-4086-aaa7-b96ec576e4e2<
###############################
###### Current jobs pool ######
###############################
# coronaTask_a54a7149-e2b1-4086-aaa7-b96ec576e4e2 : SUBMITTED

Status Updating [job coronaTask_a54a7149-e2b1-4086-aaa7-b96ec576e4e2 ] : from 'SUBMITTED' to 'START'
Status Updating [job coronaTask_a54a7149-e2b1-4086-aaa7-b96ec576e4e2 ] : from 'START' to 'FINISHED'
Pulling coronaTask_a54a7149-e2b1-4086-aaa7-b96ec576e4e2
{
  resultsPath: '/data/dev/corona/tmp/forceCache/coronaTask_a54a7149-e2b1-4086-aaa7-b96ec576e4e2/results/'
}
jobCompletion
jobCompleted
io on connection
http://localhost:3709/dbSnapshot
http://localhost:1134/results/2HYD
http://localhost:1134/pdb/2HYD
http://localhost:1134/pdb/2HYD
http://localhost:3709/getallid
http://localhost:3709/sortByCategory
http://localhost:3709/getallid
http://localhost:3709/sortByCategory
io on connection
io on connection
http://localhost:3709/dbSnapshot
io on connection
http://localhost:3709/dbSnapshot
http://localhost:1134/results/2HYD
http://localhost:1134/pdb/2HYD
http://localhost:3709/sortByCategory
http://localhost:3709/getallid
ERROR in configJobCorona : no requestPPM specified
###############################
###### Current jobs pool ######
###############################
# coronaTask_8f71e121-7ac6-4dfa-be84-47886b93de25 : CREATED

sbatch command written to /data/dev/corona/tmp/forceCache//coronaTask_8f71e121-7ac6-4dfa-be84-47886b93de25/coronaTask_8f71e121-7ac6-4dfa-be84-47886b93de25.sbatch
sbatch w/, /data/www_dev/corona/bin/slurm/bin//sbatch/data/dev/corona/tmp/forceCache//coronaTask_8f71e121-7ac6-4dfa-be84-47886b93de25/coronaTask_8f71e121-7ac6-4dfa-be84-47886b93de25.sbatch
this.sbatch : >/data/www_dev/corona/bin/slurm/bin//sbatch<
sbatchArgArray : >/data/dev/corona/tmp/forceCache//coronaTask_8f71e121-7ac6-4dfa-be84-47886b93de25/coronaTask_8f71e121-7ac6-4dfa-be84-47886b93de25.sbatch<
this.workdir : >/data/dev/corona/tmp/forceCache//coronaTask_8f71e121-7ac6-4dfa-be84-47886b93de25<
###############################
###### Current jobs pool ######
###############################
# coronaTask_8f71e121-7ac6-4dfa-be84-47886b93de25 : SUBMITTED

Status Updating [job coronaTask_8f71e121-7ac6-4dfa-be84-47886b93de25 ] : from 'SUBMITTED' to 'START'
Status Updating [job coronaTask_8f71e121-7ac6-4dfa-be84-47886b93de25 ] : from 'START' to 'FINISHED'
Pulling coronaTask_8f71e121-7ac6-4dfa-be84-47886b93de25
{
  resultsPath: '/data/dev/corona/tmp/forceCache/coronaTask_8f71e121-7ac6-4dfa-be84-47886b93de25/results/'
}
jobCompletion
jobCompleted
io on connection
http://localhost:3709/dbSnapshot
http://localhost:1134/results/2HYD
http://localhost:1134/pdb/2HYD
http://localhost:3709/getallid
http://localhost:3709/sortByCategory
ERROR in configJobCorona : no requestPPM specified
###############################
###### Current jobs pool ######
###############################
# coronaTask_7e3aaf27-992a-4af2-ac6a-6612f81f4554 : CREATED

sbatch command written to /data/dev/corona/tmp/forceCache//coronaTask_7e3aaf27-992a-4af2-ac6a-6612f81f4554/coronaTask_7e3aaf27-992a-4af2-ac6a-6612f81f4554.sbatch
sbatch w/, /data/www_dev/corona/bin/slurm/bin//sbatch/data/dev/corona/tmp/forceCache//coronaTask_7e3aaf27-992a-4af2-ac6a-6612f81f4554/coronaTask_7e3aaf27-992a-4af2-ac6a-6612f81f4554.sbatch
this.sbatch : >/data/www_dev/corona/bin/slurm/bin//sbatch<
sbatchArgArray : >/data/dev/corona/tmp/forceCache//coronaTask_7e3aaf27-992a-4af2-ac6a-6612f81f4554/coronaTask_7e3aaf27-992a-4af2-ac6a-6612f81f4554.sbatch<
this.workdir : >/data/dev/corona/tmp/forceCache//coronaTask_7e3aaf27-992a-4af2-ac6a-6612f81f4554<
###############################
###### Current jobs pool ######
###############################
# coronaTask_7e3aaf27-992a-4af2-ac6a-6612f81f4554 : SUBMITTED

Status Updating [job coronaTask_7e3aaf27-992a-4af2-ac6a-6612f81f4554 ] : from 'SUBMITTED' to 'START'
Status Updating [job coronaTask_7e3aaf27-992a-4af2-ac6a-6612f81f4554 ] : from 'START' to 'FINISHED'
Pulling coronaTask_7e3aaf27-992a-4af2-ac6a-6612f81f4554
{
  resultsPath: '/data/dev/corona/tmp/forceCache/coronaTask_7e3aaf27-992a-4af2-ac6a-6612f81f4554/results/'
}
jobCompletion
jobCompleted
io on connection
http://localhost:3709/dbSnapshot
http://localhost:1134/results/2HYD
http://localhost:1134/pdb/2HYD
http://localhost:3709/getallid
http://localhost:3709/sortByCategory
ERROR in configJobCorona : no requestPPM specified
###############################
###### Current jobs pool ######
###############################
# coronaTask_c41fc169-b9e2-444a-b4fe-19a965cf5779 : CREATED

sbatch command written to /data/dev/corona/tmp/forceCache//coronaTask_c41fc169-b9e2-444a-b4fe-19a965cf5779/coronaTask_c41fc169-b9e2-444a-b4fe-19a965cf5779.sbatch
sbatch w/, /data/www_dev/corona/bin/slurm/bin//sbatch/data/dev/corona/tmp/forceCache//coronaTask_c41fc169-b9e2-444a-b4fe-19a965cf5779/coronaTask_c41fc169-b9e2-444a-b4fe-19a965cf5779.sbatch
this.sbatch : >/data/www_dev/corona/bin/slurm/bin//sbatch<
sbatchArgArray : >/data/dev/corona/tmp/forceCache//coronaTask_c41fc169-b9e2-444a-b4fe-19a965cf5779/coronaTask_c41fc169-b9e2-444a-b4fe-19a965cf5779.sbatch<
this.workdir : >/data/dev/corona/tmp/forceCache//coronaTask_c41fc169-b9e2-444a-b4fe-19a965cf5779<
###############################
###### Current jobs pool ######
###############################
# coronaTask_c41fc169-b9e2-444a-b4fe-19a965cf5779 : SUBMITTED

Status Updating [job coronaTask_c41fc169-b9e2-444a-b4fe-19a965cf5779 ] : from 'SUBMITTED' to 'START'
Status Updating [job coronaTask_c41fc169-b9e2-444a-b4fe-19a965cf5779 ] : from 'START' to 'FINISHED'
Pulling coronaTask_c41fc169-b9e2-444a-b4fe-19a965cf5779
{
  resultsPath: '/data/dev/corona/tmp/forceCache/coronaTask_c41fc169-b9e2-444a-b4fe-19a965cf5779/results/'
}
jobCompletion
jobCompleted
io on connection
http://localhost:3709/dbSnapshot
io on connection
http://localhost:3709/dbSnapshot
http://localhost:1134/results/2LME
http://localhost:1134/pdb/2LME
http://localhost:3709/getallid
http://localhost:3709/sortByCategory
http://localhost:1134/results/2HYD
http://localhost:1134/pdb/2HYD
http://localhost:3709/getallid
http://localhost:3709/sortByCategory
ERROR in configJobCorona : no requestPPM specified
###############################
###### Current jobs pool ######
###############################
# coronaTask_3165a4e8-88b4-4654-96f7-a8d3075476a3 : CREATED

ERROR in configJobCorona : no requestPPM specified
###############################
###### Current jobs pool ######
###############################
# coronaTask_3165a4e8-88b4-4654-96f7-a8d3075476a3 : CREATED
# coronaTask_64265ff4-d5e4-42c7-adf6-cab14ddb1407 : CREATED

sbatch command written to /data/dev/corona/tmp/forceCache//coronaTask_3165a4e8-88b4-4654-96f7-a8d3075476a3/coronaTask_3165a4e8-88b4-4654-96f7-a8d3075476a3.sbatch
sbatch w/, /data/www_dev/corona/bin/slurm/bin//sbatch/data/dev/corona/tmp/forceCache//coronaTask_3165a4e8-88b4-4654-96f7-a8d3075476a3/coronaTask_3165a4e8-88b4-4654-96f7-a8d3075476a3.sbatch
this.sbatch : >/data/www_dev/corona/bin/slurm/bin//sbatch<
sbatchArgArray : >/data/dev/corona/tmp/forceCache//coronaTask_3165a4e8-88b4-4654-96f7-a8d3075476a3/coronaTask_3165a4e8-88b4-4654-96f7-a8d3075476a3.sbatch<
this.workdir : >/data/dev/corona/tmp/forceCache//coronaTask_3165a4e8-88b4-4654-96f7-a8d3075476a3<
###############################
###### Current jobs pool ######
###############################
# coronaTask_3165a4e8-88b4-4654-96f7-a8d3075476a3 : SUBMITTED
# coronaTask_64265ff4-d5e4-42c7-adf6-cab14ddb1407 : CREATED

sbatch command written to /data/dev/corona/tmp/forceCache//coronaTask_64265ff4-d5e4-42c7-adf6-cab14ddb1407/coronaTask_64265ff4-d5e4-42c7-adf6-cab14ddb1407.sbatch
sbatch w/, /data/www_dev/corona/bin/slurm/bin//sbatch/data/dev/corona/tmp/forceCache//coronaTask_64265ff4-d5e4-42c7-adf6-cab14ddb1407/coronaTask_64265ff4-d5e4-42c7-adf6-cab14ddb1407.sbatch
this.sbatch : >/data/www_dev/corona/bin/slurm/bin//sbatch<
sbatchArgArray : >/data/dev/corona/tmp/forceCache//coronaTask_64265ff4-d5e4-42c7-adf6-cab14ddb1407/coronaTask_64265ff4-d5e4-42c7-adf6-cab14ddb1407.sbatch<
this.workdir : >/data/dev/corona/tmp/forceCache//coronaTask_64265ff4-d5e4-42c7-adf6-cab14ddb1407<
###############################
###### Current jobs pool ######
###############################
# coronaTask_3165a4e8-88b4-4654-96f7-a8d3075476a3 : SUBMITTED
# coronaTask_64265ff4-d5e4-42c7-adf6-cab14ddb1407 : SUBMITTED

Status Updating [job coronaTask_64265ff4-d5e4-42c7-adf6-cab14ddb1407 ] : from 'SUBMITTED' to 'START'
Status Updating [job coronaTask_3165a4e8-88b4-4654-96f7-a8d3075476a3 ] : from 'SUBMITTED' to 'START'
Status Updating [job coronaTask_3165a4e8-88b4-4654-96f7-a8d3075476a3 ] : from 'START' to 'FINISHED'
Pulling coronaTask_3165a4e8-88b4-4654-96f7-a8d3075476a3
{
  resultsPath: '/data/dev/corona/tmp/forceCache/coronaTask_3165a4e8-88b4-4654-96f7-a8d3075476a3/results/'
}
jobCompletion
jobCompleted
Status Updating [job coronaTask_64265ff4-d5e4-42c7-adf6-cab14ddb1407 ] : from 'START' to 'FINISHED'
Pulling coronaTask_64265ff4-d5e4-42c7-adf6-cab14ddb1407
{
  resultsPath: '/data/dev/corona/tmp/forceCache/coronaTask_64265ff4-d5e4-42c7-adf6-cab14ddb1407/results/'
}
jobCompletion
jobCompleted
io on connection
http://localhost:3709/dbSnapshot
http://localhost:1134/results/5I6C
http://localhost:1134/pdb/5I6C
io on connection
http://localhost:3709/dbSnapshot
http://localhost:1134/pdb/5I6C
http://localhost:3709/sortByCategory
http://localhost:3709/getallid
http://localhost:1134/results/2HYD
http://localhost:1134/pdb/2HYD
http://localhost:3709/getallid
http://localhost:3709/sortByCategory
http://localhost:3709/getallid
http://localhost:3709/sortByCategory
ERROR in configJobCorona : no requestPPM specified
###############################
###### Current jobs pool ######
###############################
# coronaTask_51fef311-3f86-4c6d-bfa7-d42076c47240 : CREATED

sbatch command written to /data/dev/corona/tmp/forceCache//coronaTask_51fef311-3f86-4c6d-bfa7-d42076c47240/coronaTask_51fef311-3f86-4c6d-bfa7-d42076c47240.sbatch
sbatch w/, /data/www_dev/corona/bin/slurm/bin//sbatch/data/dev/corona/tmp/forceCache//coronaTask_51fef311-3f86-4c6d-bfa7-d42076c47240/coronaTask_51fef311-3f86-4c6d-bfa7-d42076c47240.sbatch
this.sbatch : >/data/www_dev/corona/bin/slurm/bin//sbatch<
sbatchArgArray : >/data/dev/corona/tmp/forceCache//coronaTask_51fef311-3f86-4c6d-bfa7-d42076c47240/coronaTask_51fef311-3f86-4c6d-bfa7-d42076c47240.sbatch<
this.workdir : >/data/dev/corona/tmp/forceCache//coronaTask_51fef311-3f86-4c6d-bfa7-d42076c47240<
###############################
###### Current jobs pool ######
###############################
# coronaTask_51fef311-3f86-4c6d-bfa7-d42076c47240 : SUBMITTED

Status Updating [job coronaTask_51fef311-3f86-4c6d-bfa7-d42076c47240 ] : from 'SUBMITTED' to 'START'
Status Updating [job coronaTask_51fef311-3f86-4c6d-bfa7-d42076c47240 ] : from 'START' to 'FINISHED'
Pulling coronaTask_51fef311-3f86-4c6d-bfa7-d42076c47240
{
  resultsPath: '/data/dev/corona/tmp/forceCache/coronaTask_51fef311-3f86-4c6d-bfa7-d42076c47240/results/'
}
jobCompletion
jobCompleted
ERROR in configJobCorona : no requestPPM specified
###############################
###### Current jobs pool ######
###############################
# coronaTask_b7aeef02-7f7f-483b-87a1-de24bb612d0b : CREATED

sbatch command written to /data/dev/corona/tmp/forceCache//coronaTask_b7aeef02-7f7f-483b-87a1-de24bb612d0b/coronaTask_b7aeef02-7f7f-483b-87a1-de24bb612d0b.sbatch
sbatch w/, /data/www_dev/corona/bin/slurm/bin//sbatch/data/dev/corona/tmp/forceCache//coronaTask_b7aeef02-7f7f-483b-87a1-de24bb612d0b/coronaTask_b7aeef02-7f7f-483b-87a1-de24bb612d0b.sbatch
this.sbatch : >/data/www_dev/corona/bin/slurm/bin//sbatch<
sbatchArgArray : >/data/dev/corona/tmp/forceCache//coronaTask_b7aeef02-7f7f-483b-87a1-de24bb612d0b/coronaTask_b7aeef02-7f7f-483b-87a1-de24bb612d0b.sbatch<
this.workdir : >/data/dev/corona/tmp/forceCache//coronaTask_b7aeef02-7f7f-483b-87a1-de24bb612d0b<
###############################
###### Current jobs pool ######
###############################
# coronaTask_b7aeef02-7f7f-483b-87a1-de24bb612d0b : SUBMITTED

Status Updating [job coronaTask_b7aeef02-7f7f-483b-87a1-de24bb612d0b ] : from 'SUBMITTED' to 'START'
Status Updating [job coronaTask_b7aeef02-7f7f-483b-87a1-de24bb612d0b ] : from 'START' to 'FINISHED'
Pulling coronaTask_b7aeef02-7f7f-483b-87a1-de24bb612d0b
{
  resultsPath: '/data/dev/corona/tmp/forceCache/coronaTask_b7aeef02-7f7f-483b-87a1-de24bb612d0b/results/'
}
jobCompletion
jobCompleted
io on connection
http://localhost:3709/dbSnapshot
http://localhost:1134/results/5I6C
http://localhost:1134/pdb/5I6C
http://localhost:3709/getallid
http://localhost:3709/sortByCategory
ERROR in configJobCorona : no requestPPM specified
###############################
###### Current jobs pool ######
###############################
# coronaTask_7ee12409-c97d-46dd-9240-b092fc1da2ff : CREATED

sbatch command written to /data/dev/corona/tmp/forceCache//coronaTask_7ee12409-c97d-46dd-9240-b092fc1da2ff/coronaTask_7ee12409-c97d-46dd-9240-b092fc1da2ff.sbatch
sbatch w/, /data/www_dev/corona/bin/slurm/bin//sbatch/data/dev/corona/tmp/forceCache//coronaTask_7ee12409-c97d-46dd-9240-b092fc1da2ff/coronaTask_7ee12409-c97d-46dd-9240-b092fc1da2ff.sbatch
this.sbatch : >/data/www_dev/corona/bin/slurm/bin//sbatch<
sbatchArgArray : >/data/dev/corona/tmp/forceCache//coronaTask_7ee12409-c97d-46dd-9240-b092fc1da2ff/coronaTask_7ee12409-c97d-46dd-9240-b092fc1da2ff.sbatch<
this.workdir : >/data/dev/corona/tmp/forceCache//coronaTask_7ee12409-c97d-46dd-9240-b092fc1da2ff<
###############################
###### Current jobs pool ######
###############################
# coronaTask_7ee12409-c97d-46dd-9240-b092fc1da2ff : SUBMITTED

Status Updating [job coronaTask_7ee12409-c97d-46dd-9240-b092fc1da2ff ] : from 'SUBMITTED' to 'START'
Status Updating [job coronaTask_7ee12409-c97d-46dd-9240-b092fc1da2ff ] : from 'START' to 'FINISHED'
Pulling coronaTask_7ee12409-c97d-46dd-9240-b092fc1da2ff
{
  resultsPath: '/data/dev/corona/tmp/forceCache/coronaTask_7ee12409-c97d-46dd-9240-b092fc1da2ff/results/'
}
jobCompletion
jobCompleted
io on connection
http://localhost:3709/dbSnapshot
http://localhost:1134/results/6P9X
http://localhost:1134/pdb/6P9X
http://localhost:3709/getallid
http://localhost:3709/sortByCategory
ERROR in configJobCorona : no requestPPM specified
###############################
###### Current jobs pool ######
###############################
# coronaTask_70e37c11-d718-40f4-90df-7cca6cb25360 : CREATED

sbatch command written to /data/dev/corona/tmp/forceCache//coronaTask_70e37c11-d718-40f4-90df-7cca6cb25360/coronaTask_70e37c11-d718-40f4-90df-7cca6cb25360.sbatch
sbatch w/, /data/www_dev/corona/bin/slurm/bin//sbatch/data/dev/corona/tmp/forceCache//coronaTask_70e37c11-d718-40f4-90df-7cca6cb25360/coronaTask_70e37c11-d718-40f4-90df-7cca6cb25360.sbatch
this.sbatch : >/data/www_dev/corona/bin/slurm/bin//sbatch<
sbatchArgArray : >/data/dev/corona/tmp/forceCache//coronaTask_70e37c11-d718-40f4-90df-7cca6cb25360/coronaTask_70e37c11-d718-40f4-90df-7cca6cb25360.sbatch<
this.workdir : >/data/dev/corona/tmp/forceCache//coronaTask_70e37c11-d718-40f4-90df-7cca6cb25360<
###############################
###### Current jobs pool ######
###############################
# coronaTask_70e37c11-d718-40f4-90df-7cca6cb25360 : SUBMITTED

Status Updating [job coronaTask_70e37c11-d718-40f4-90df-7cca6cb25360 ] : from 'SUBMITTED' to 'START'
Status Updating [job coronaTask_70e37c11-d718-40f4-90df-7cca6cb25360 ] : from 'START' to 'FINISHED'
Pulling coronaTask_70e37c11-d718-40f4-90df-7cca6cb25360
{
  resultsPath: '/data/dev/corona/tmp/forceCache/coronaTask_70e37c11-d718-40f4-90df-7cca6cb25360/results/'
}
jobCompletion
jobCompleted
io on connection
http://localhost:3709/dbSnapshot
http://localhost:1134/results/6NFU
http://localhost:1134/pdb/6NFU
http://localhost:3709/getallid
http://localhost:3709/sortByCategory
ERROR in configJobCorona : no requestPPM specified
###############################
###### Current jobs pool ######
###############################
# coronaTask_06c6b6f1-2d50-4e13-b619-03e2c6d9fbc5 : CREATED

sbatch command written to /data/dev/corona/tmp/forceCache//coronaTask_06c6b6f1-2d50-4e13-b619-03e2c6d9fbc5/coronaTask_06c6b6f1-2d50-4e13-b619-03e2c6d9fbc5.sbatch
sbatch w/, /data/www_dev/corona/bin/slurm/bin//sbatch/data/dev/corona/tmp/forceCache//coronaTask_06c6b6f1-2d50-4e13-b619-03e2c6d9fbc5/coronaTask_06c6b6f1-2d50-4e13-b619-03e2c6d9fbc5.sbatch
this.sbatch : >/data/www_dev/corona/bin/slurm/bin//sbatch<
sbatchArgArray : >/data/dev/corona/tmp/forceCache//coronaTask_06c6b6f1-2d50-4e13-b619-03e2c6d9fbc5/coronaTask_06c6b6f1-2d50-4e13-b619-03e2c6d9fbc5.sbatch<
this.workdir : >/data/dev/corona/tmp/forceCache//coronaTask_06c6b6f1-2d50-4e13-b619-03e2c6d9fbc5<
###############################
###### Current jobs pool ######
###############################
# coronaTask_06c6b6f1-2d50-4e13-b619-03e2c6d9fbc5 : SUBMITTED

Status Updating [job coronaTask_06c6b6f1-2d50-4e13-b619-03e2c6d9fbc5 ] : from 'SUBMITTED' to 'START'
Status Updating [job coronaTask_06c6b6f1-2d50-4e13-b619-03e2c6d9fbc5 ] : from 'START' to 'FINISHED'
Pulling coronaTask_06c6b6f1-2d50-4e13-b619-03e2c6d9fbc5
{
  resultsPath: '/data/dev/corona/tmp/forceCache/coronaTask_06c6b6f1-2d50-4e13-b619-03e2c6d9fbc5/results/'
}
jobCompletion
jobCompleted
io on connection
http://localhost:3709/dbSnapshot
http://localhost:1134/results/2HYD
http://localhost:1134/pdb/2HYD
http://localhost:3709/getallid
http://localhost:3709/sortByCategory
ERROR in configJobCorona : no requestPPM specified
###############################
###### Current jobs pool ######
###############################
# coronaTask_efe3ce88-554a-4799-9417-6b6b6ceec20a : CREATED

sbatch command written to /data/dev/corona/tmp/forceCache//coronaTask_efe3ce88-554a-4799-9417-6b6b6ceec20a/coronaTask_efe3ce88-554a-4799-9417-6b6b6ceec20a.sbatch
sbatch w/, /data/www_dev/corona/bin/slurm/bin//sbatch/data/dev/corona/tmp/forceCache//coronaTask_efe3ce88-554a-4799-9417-6b6b6ceec20a/coronaTask_efe3ce88-554a-4799-9417-6b6b6ceec20a.sbatch
this.sbatch : >/data/www_dev/corona/bin/slurm/bin//sbatch<
sbatchArgArray : >/data/dev/corona/tmp/forceCache//coronaTask_efe3ce88-554a-4799-9417-6b6b6ceec20a/coronaTask_efe3ce88-554a-4799-9417-6b6b6ceec20a.sbatch<
this.workdir : >/data/dev/corona/tmp/forceCache//coronaTask_efe3ce88-554a-4799-9417-6b6b6ceec20a<
###############################
###### Current jobs pool ######
###############################
# coronaTask_efe3ce88-554a-4799-9417-6b6b6ceec20a : SUBMITTED

Status Updating [job coronaTask_efe3ce88-554a-4799-9417-6b6b6ceec20a ] : from 'SUBMITTED' to 'START'
Status Updating [job coronaTask_efe3ce88-554a-4799-9417-6b6b6ceec20a ] : from 'START' to 'FINISHED'
Pulling coronaTask_efe3ce88-554a-4799-9417-6b6b6ceec20a
{
  resultsPath: '/data/dev/corona/tmp/forceCache/coronaTask_efe3ce88-554a-4799-9417-6b6b6ceec20a/results/'
}
jobCompletion
jobCompleted
io on connection
http://localhost:3709/dbSnapshot
http://localhost:1134/results/2HYD
http://localhost:1134/pdb/2HYD
http://localhost:3709/getallid
http://localhost:3709/sortByCategory
ERROR in configJobCorona : no requestPPM specified
###############################
###### Current jobs pool ######
###############################
# coronaTask_f0515562-6a84-4d32-ac3a-d4e5c45c2ae2 : CREATED

sbatch command written to /data/dev/corona/tmp/forceCache//coronaTask_f0515562-6a84-4d32-ac3a-d4e5c45c2ae2/coronaTask_f0515562-6a84-4d32-ac3a-d4e5c45c2ae2.sbatch
sbatch w/, /data/www_dev/corona/bin/slurm/bin//sbatch/data/dev/corona/tmp/forceCache//coronaTask_f0515562-6a84-4d32-ac3a-d4e5c45c2ae2/coronaTask_f0515562-6a84-4d32-ac3a-d4e5c45c2ae2.sbatch
this.sbatch : >/data/www_dev/corona/bin/slurm/bin//sbatch<
sbatchArgArray : >/data/dev/corona/tmp/forceCache//coronaTask_f0515562-6a84-4d32-ac3a-d4e5c45c2ae2/coronaTask_f0515562-6a84-4d32-ac3a-d4e5c45c2ae2.sbatch<
this.workdir : >/data/dev/corona/tmp/forceCache//coronaTask_f0515562-6a84-4d32-ac3a-d4e5c45c2ae2<
###############################
###### Current jobs pool ######
###############################
# coronaTask_f0515562-6a84-4d32-ac3a-d4e5c45c2ae2 : SUBMITTED

Status Updating [job coronaTask_f0515562-6a84-4d32-ac3a-d4e5c45c2ae2 ] : from 'SUBMITTED' to 'START'
Status Updating [job coronaTask_f0515562-6a84-4d32-ac3a-d4e5c45c2ae2 ] : from 'START' to 'FINISHED'
Pulling coronaTask_f0515562-6a84-4d32-ac3a-d4e5c45c2ae2
{
  resultsPath: '/data/dev/corona/tmp/forceCache/coronaTask_f0515562-6a84-4d32-ac3a-d4e5c45c2ae2/results/'
}
jobCompletion
jobCompleted
io on connection
http://localhost:3709/dbSnapshot
http://localhost:1134/results/2HYD
http://localhost:1134/pdb/2HYD
http://localhost:3709/getallid
http://localhost:3709/sortByCategory
ERROR in configJobCorona : no requestPPM specified
###############################
###### Current jobs pool ######
###############################
# coronaTask_2736e189-ffb9-4fae-be8d-0ab4179863fb : CREATED

sbatch command written to /data/dev/corona/tmp/forceCache//coronaTask_2736e189-ffb9-4fae-be8d-0ab4179863fb/coronaTask_2736e189-ffb9-4fae-be8d-0ab4179863fb.sbatch
sbatch w/, /data/www_dev/corona/bin/slurm/bin//sbatch/data/dev/corona/tmp/forceCache//coronaTask_2736e189-ffb9-4fae-be8d-0ab4179863fb/coronaTask_2736e189-ffb9-4fae-be8d-0ab4179863fb.sbatch
this.sbatch : >/data/www_dev/corona/bin/slurm/bin//sbatch<
sbatchArgArray : >/data/dev/corona/tmp/forceCache//coronaTask_2736e189-ffb9-4fae-be8d-0ab4179863fb/coronaTask_2736e189-ffb9-4fae-be8d-0ab4179863fb.sbatch<
this.workdir : >/data/dev/corona/tmp/forceCache//coronaTask_2736e189-ffb9-4fae-be8d-0ab4179863fb<
###############################
###### Current jobs pool ######
###############################
# coronaTask_2736e189-ffb9-4fae-be8d-0ab4179863fb : SUBMITTED

Status Updating [job coronaTask_2736e189-ffb9-4fae-be8d-0ab4179863fb ] : from 'SUBMITTED' to 'START'
Status Updating [job coronaTask_2736e189-ffb9-4fae-be8d-0ab4179863fb ] : from 'START' to 'FINISHED'
Pulling coronaTask_2736e189-ffb9-4fae-be8d-0ab4179863fb
{
  resultsPath: '/data/dev/corona/tmp/forceCache/coronaTask_2736e189-ffb9-4fae-be8d-0ab4179863fb/results/'
}
jobCompletion
jobCompleted
io on connection
http://localhost:3709/dbSnapshot
http://localhost:1134/results/2HYD
http://localhost:1134/pdb/2HYD
http://localhost:3709/getallid
http://localhost:3709/sortByCategory
ERROR in configJobCorona : no requestPPM specified
###############################
###### Current jobs pool ######
###############################
# coronaTask_7f9b1b0b-fda1-43c7-8928-3afc340f958e : CREATED

sbatch command written to /data/dev/corona/tmp/forceCache//coronaTask_7f9b1b0b-fda1-43c7-8928-3afc340f958e/coronaTask_7f9b1b0b-fda1-43c7-8928-3afc340f958e.sbatch
sbatch w/, /data/www_dev/corona/bin/slurm/bin//sbatch/data/dev/corona/tmp/forceCache//coronaTask_7f9b1b0b-fda1-43c7-8928-3afc340f958e/coronaTask_7f9b1b0b-fda1-43c7-8928-3afc340f958e.sbatch
this.sbatch : >/data/www_dev/corona/bin/slurm/bin//sbatch<
sbatchArgArray : >/data/dev/corona/tmp/forceCache//coronaTask_7f9b1b0b-fda1-43c7-8928-3afc340f958e/coronaTask_7f9b1b0b-fda1-43c7-8928-3afc340f958e.sbatch<
this.workdir : >/data/dev/corona/tmp/forceCache//coronaTask_7f9b1b0b-fda1-43c7-8928-3afc340f958e<
###############################
###### Current jobs pool ######
###############################
# coronaTask_7f9b1b0b-fda1-43c7-8928-3afc340f958e : SUBMITTED

Status Updating [job coronaTask_7f9b1b0b-fda1-43c7-8928-3afc340f958e ] : from 'SUBMITTED' to 'START'
Status Updating [job coronaTask_7f9b1b0b-fda1-43c7-8928-3afc340f958e ] : from 'START' to 'FINISHED'
Pulling coronaTask_7f9b1b0b-fda1-43c7-8928-3afc340f958e
{
  resultsPath: '/data/dev/corona/tmp/forceCache/coronaTask_7f9b1b0b-fda1-43c7-8928-3afc340f958e/results/'
}
jobCompletion
jobCompleted
io on connection
http://localhost:3709/dbSnapshot
http://localhost:1134/results/2HYD
http://localhost:1134/pdb/2HYD
http://localhost:3709/getallid
http://localhost:3709/sortByCategory
ERROR in configJobCorona : no requestPPM specified
###############################
###### Current jobs pool ######
###############################
# coronaTask_30113630-fcc6-4552-aa19-31175a0c785a : CREATED

sbatch command written to /data/dev/corona/tmp/forceCache//coronaTask_30113630-fcc6-4552-aa19-31175a0c785a/coronaTask_30113630-fcc6-4552-aa19-31175a0c785a.sbatch
sbatch w/, /data/www_dev/corona/bin/slurm/bin//sbatch/data/dev/corona/tmp/forceCache//coronaTask_30113630-fcc6-4552-aa19-31175a0c785a/coronaTask_30113630-fcc6-4552-aa19-31175a0c785a.sbatch
this.sbatch : >/data/www_dev/corona/bin/slurm/bin//sbatch<
sbatchArgArray : >/data/dev/corona/tmp/forceCache//coronaTask_30113630-fcc6-4552-aa19-31175a0c785a/coronaTask_30113630-fcc6-4552-aa19-31175a0c785a.sbatch<
this.workdir : >/data/dev/corona/tmp/forceCache//coronaTask_30113630-fcc6-4552-aa19-31175a0c785a<
###############################
###### Current jobs pool ######
###############################
# coronaTask_30113630-fcc6-4552-aa19-31175a0c785a : SUBMITTED

Status Updating [job coronaTask_30113630-fcc6-4552-aa19-31175a0c785a ] : from 'SUBMITTED' to 'START'
Status Updating [job coronaTask_30113630-fcc6-4552-aa19-31175a0c785a ] : from 'START' to 'FINISHED'
Pulling coronaTask_30113630-fcc6-4552-aa19-31175a0c785a
{
  resultsPath: '/data/dev/corona/tmp/forceCache/coronaTask_30113630-fcc6-4552-aa19-31175a0c785a/results/'
}
jobCompletion
jobCompleted
io on connection
io on connection
io on connection
io on connection
io on connection
io on connection
io on connection
io on connection
io on connection
io on connection
io on connection
io on connection
io on connection
io on connection
io on connection
io on connection
io on connection
io on connection
io on connection
io on connection
io on connection
io on connection
io on connection
http://localhost:3709/dbSnapshot
http://localhost:1134/results/3NLM
http://localhost:1134/results/3LNM
http://localhost:1134/pdb/3LNM
http://localhost:3709/getallid
http://localhost:3709/sortByCategory
ERROR in configJobCorona : no requestPPM specified
###############################
###### Current jobs pool ######
###############################
# coronaTask_aa2fac23-e96d-47a3-838a-0c1495b5b0e1 : CREATED

sbatch command written to /data/dev/corona/tmp/forceCache//coronaTask_aa2fac23-e96d-47a3-838a-0c1495b5b0e1/coronaTask_aa2fac23-e96d-47a3-838a-0c1495b5b0e1.sbatch
sbatch w/, /data/www_dev/corona/bin/slurm/bin//sbatch/data/dev/corona/tmp/forceCache//coronaTask_aa2fac23-e96d-47a3-838a-0c1495b5b0e1/coronaTask_aa2fac23-e96d-47a3-838a-0c1495b5b0e1.sbatch
this.sbatch : >/data/www_dev/corona/bin/slurm/bin//sbatch<
sbatchArgArray : >/data/dev/corona/tmp/forceCache//coronaTask_aa2fac23-e96d-47a3-838a-0c1495b5b0e1/coronaTask_aa2fac23-e96d-47a3-838a-0c1495b5b0e1.sbatch<
this.workdir : >/data/dev/corona/tmp/forceCache//coronaTask_aa2fac23-e96d-47a3-838a-0c1495b5b0e1<
###############################
###### Current jobs pool ######
###############################
# coronaTask_aa2fac23-e96d-47a3-838a-0c1495b5b0e1 : SUBMITTED

Status Updating [job coronaTask_aa2fac23-e96d-47a3-838a-0c1495b5b0e1 ] : from 'SUBMITTED' to 'START'
Status Updating [job coronaTask_aa2fac23-e96d-47a3-838a-0c1495b5b0e1 ] : from 'START' to 'FINISHED'
Pulling coronaTask_aa2fac23-e96d-47a3-838a-0c1495b5b0e1
{
  resultsPath: '/data/dev/corona/tmp/forceCache/coronaTask_aa2fac23-e96d-47a3-838a-0c1495b5b0e1/results/'
}
jobCompletion
jobCompleted
io on connection
http://localhost:3709/dbSnapshot
http://localhost:1134/results/5N6H
http://localhost:1134/pdb/5N6H
http://localhost:3709/getallid
http://localhost:3709/sortByCategory
ERROR in configJobCorona : no requestPPM specified
###############################
###### Current jobs pool ######
###############################
# coronaTask_535b3a26-5d1b-47b7-8486-7b7cd816302a : CREATED

sbatch command written to /data/dev/corona/tmp/forceCache//coronaTask_535b3a26-5d1b-47b7-8486-7b7cd816302a/coronaTask_535b3a26-5d1b-47b7-8486-7b7cd816302a.sbatch
sbatch w/, /data/www_dev/corona/bin/slurm/bin//sbatch/data/dev/corona/tmp/forceCache//coronaTask_535b3a26-5d1b-47b7-8486-7b7cd816302a/coronaTask_535b3a26-5d1b-47b7-8486-7b7cd816302a.sbatch
this.sbatch : >/data/www_dev/corona/bin/slurm/bin//sbatch<
sbatchArgArray : >/data/dev/corona/tmp/forceCache//coronaTask_535b3a26-5d1b-47b7-8486-7b7cd816302a/coronaTask_535b3a26-5d1b-47b7-8486-7b7cd816302a.sbatch<
this.workdir : >/data/dev/corona/tmp/forceCache//coronaTask_535b3a26-5d1b-47b7-8486-7b7cd816302a<
###############################
###### Current jobs pool ######
###############################
# coronaTask_535b3a26-5d1b-47b7-8486-7b7cd816302a : SUBMITTED

Status Updating [job coronaTask_535b3a26-5d1b-47b7-8486-7b7cd816302a ] : from 'SUBMITTED' to 'START'
Status Updating [job coronaTask_535b3a26-5d1b-47b7-8486-7b7cd816302a ] : from 'START' to 'FINISHED'
Pulling coronaTask_535b3a26-5d1b-47b7-8486-7b7cd816302a
{
  resultsPath: '/data/dev/corona/tmp/forceCache/coronaTask_535b3a26-5d1b-47b7-8486-7b7cd816302a/results/'
}
jobCompletion
jobCompleted
io on connection
http://localhost:3709/dbSnapshot
http://localhost:1134/results/3O44
http://localhost:1134/pdb/3O44
http://localhost:1134/pdb/3O44
http://localhost:3709/getallid
http://localhost:3709/sortByCategory
http://localhost:3709/sortByCategory
http://localhost:3709/getallid
ERROR in configJobCorona : no requestPPM specified
###############################
###### Current jobs pool ######
###############################
# coronaTask_2afbfc6a-ccfa-4515-b891-817c1f19f0de : CREATED

sbatch command written to /data/dev/corona/tmp/forceCache//coronaTask_2afbfc6a-ccfa-4515-b891-817c1f19f0de/coronaTask_2afbfc6a-ccfa-4515-b891-817c1f19f0de.sbatch
sbatch w/, /data/www_dev/corona/bin/slurm/bin//sbatch/data/dev/corona/tmp/forceCache//coronaTask_2afbfc6a-ccfa-4515-b891-817c1f19f0de/coronaTask_2afbfc6a-ccfa-4515-b891-817c1f19f0de.sbatch
this.sbatch : >/data/www_dev/corona/bin/slurm/bin//sbatch<
sbatchArgArray : >/data/dev/corona/tmp/forceCache//coronaTask_2afbfc6a-ccfa-4515-b891-817c1f19f0de/coronaTask_2afbfc6a-ccfa-4515-b891-817c1f19f0de.sbatch<
this.workdir : >/data/dev/corona/tmp/forceCache//coronaTask_2afbfc6a-ccfa-4515-b891-817c1f19f0de<
###############################
###### Current jobs pool ######
###############################
# coronaTask_2afbfc6a-ccfa-4515-b891-817c1f19f0de : SUBMITTED

Status Updating [job coronaTask_2afbfc6a-ccfa-4515-b891-817c1f19f0de ] : from 'SUBMITTED' to 'START'
Status Updating [job coronaTask_2afbfc6a-ccfa-4515-b891-817c1f19f0de ] : from 'START' to 'FINISHED'
Pulling coronaTask_2afbfc6a-ccfa-4515-b891-817c1f19f0de
{
  resultsPath: '/data/dev/corona/tmp/forceCache/coronaTask_2afbfc6a-ccfa-4515-b891-817c1f19f0de/results/'
}
jobCompletion
jobCompleted
io on connection
io on connection
io on connection
io on connection
io on connection
http://localhost:3709/dbSnapshot
http://localhost:1134/results/3FYX
http://localhost:1134/pdb/3FYX
http://localhost:3709/getallid
http://localhost:3709/sortByCategory
ERROR in configJobCorona : no requestPPM specified
###############################
###### Current jobs pool ######
###############################
# coronaTask_cbd676dc-9454-4df9-ac91-8ad5d15b42a6 : CREATED

sbatch command written to /data/dev/corona/tmp/forceCache//coronaTask_cbd676dc-9454-4df9-ac91-8ad5d15b42a6/coronaTask_cbd676dc-9454-4df9-ac91-8ad5d15b42a6.sbatch
sbatch w/, /data/www_dev/corona/bin/slurm/bin//sbatch/data/dev/corona/tmp/forceCache//coronaTask_cbd676dc-9454-4df9-ac91-8ad5d15b42a6/coronaTask_cbd676dc-9454-4df9-ac91-8ad5d15b42a6.sbatch
this.sbatch : >/data/www_dev/corona/bin/slurm/bin//sbatch<
sbatchArgArray : >/data/dev/corona/tmp/forceCache//coronaTask_cbd676dc-9454-4df9-ac91-8ad5d15b42a6/coronaTask_cbd676dc-9454-4df9-ac91-8ad5d15b42a6.sbatch<
this.workdir : >/data/dev/corona/tmp/forceCache//coronaTask_cbd676dc-9454-4df9-ac91-8ad5d15b42a6<
###############################
###### Current jobs pool ######
###############################
# coronaTask_cbd676dc-9454-4df9-ac91-8ad5d15b42a6 : SUBMITTED

Status Updating [job coronaTask_cbd676dc-9454-4df9-ac91-8ad5d15b42a6 ] : from 'SUBMITTED' to 'START'
Status Updating [job coronaTask_cbd676dc-9454-4df9-ac91-8ad5d15b42a6 ] : from 'START' to 'FINISHED'
Pulling coronaTask_cbd676dc-9454-4df9-ac91-8ad5d15b42a6
{
  resultsPath: '/data/dev/corona/tmp/forceCache/coronaTask_cbd676dc-9454-4df9-ac91-8ad5d15b42a6/results/'
}
jobCompletion
jobCompleted
io on connection
http://localhost:3709/dbSnapshot
http://localhost:1134/results/4RL8
http://localhost:1134/pdb/4RL8
http://localhost:3709/getallid
http://localhost:3709/sortByCategory
ERROR in configJobCorona : no requestPPM specified
###############################
###### Current jobs pool ######
###############################
# coronaTask_d3398847-8900-433c-82dd-f68d0c9173ea : CREATED

sbatch command written to /data/dev/corona/tmp/forceCache//coronaTask_d3398847-8900-433c-82dd-f68d0c9173ea/coronaTask_d3398847-8900-433c-82dd-f68d0c9173ea.sbatch
sbatch w/, /data/www_dev/corona/bin/slurm/bin//sbatch/data/dev/corona/tmp/forceCache//coronaTask_d3398847-8900-433c-82dd-f68d0c9173ea/coronaTask_d3398847-8900-433c-82dd-f68d0c9173ea.sbatch
this.sbatch : >/data/www_dev/corona/bin/slurm/bin//sbatch<
sbatchArgArray : >/data/dev/corona/tmp/forceCache//coronaTask_d3398847-8900-433c-82dd-f68d0c9173ea/coronaTask_d3398847-8900-433c-82dd-f68d0c9173ea.sbatch<
this.workdir : >/data/dev/corona/tmp/forceCache//coronaTask_d3398847-8900-433c-82dd-f68d0c9173ea<
###############################
###### Current jobs pool ######
###############################
# coronaTask_d3398847-8900-433c-82dd-f68d0c9173ea : SUBMITTED

Status Updating [job coronaTask_d3398847-8900-433c-82dd-f68d0c9173ea ] : from 'SUBMITTED' to 'START'
Status Updating [job coronaTask_d3398847-8900-433c-82dd-f68d0c9173ea ] : from 'START' to 'FINISHED'
Pulling coronaTask_d3398847-8900-433c-82dd-f68d0c9173ea
{
  resultsPath: '/data/dev/corona/tmp/forceCache/coronaTask_d3398847-8900-433c-82dd-f68d0c9173ea/results/'
}
jobCompletion
jobCompleted
io on connection
http://localhost:3709/dbSnapshot
http://localhost:1134/results/4OD5
http://localhost:1134/pdb/4OD5
http://localhost:3709/getallid
http://localhost:3709/sortByCategory
ERROR in configJobCorona : no requestPPM specified
###############################
###### Current jobs pool ######
###############################
# coronaTask_09df66b6-432d-4887-8b1d-60693ee3c043 : CREATED

sbatch command written to /data/dev/corona/tmp/forceCache//coronaTask_09df66b6-432d-4887-8b1d-60693ee3c043/coronaTask_09df66b6-432d-4887-8b1d-60693ee3c043.sbatch
sbatch w/, /data/www_dev/corona/bin/slurm/bin//sbatch/data/dev/corona/tmp/forceCache//coronaTask_09df66b6-432d-4887-8b1d-60693ee3c043/coronaTask_09df66b6-432d-4887-8b1d-60693ee3c043.sbatch
this.sbatch : >/data/www_dev/corona/bin/slurm/bin//sbatch<
sbatchArgArray : >/data/dev/corona/tmp/forceCache//coronaTask_09df66b6-432d-4887-8b1d-60693ee3c043/coronaTask_09df66b6-432d-4887-8b1d-60693ee3c043.sbatch<
this.workdir : >/data/dev/corona/tmp/forceCache//coronaTask_09df66b6-432d-4887-8b1d-60693ee3c043<
###############################
###### Current jobs pool ######
###############################
# coronaTask_09df66b6-432d-4887-8b1d-60693ee3c043 : SUBMITTED

Status Updating [job coronaTask_09df66b6-432d-4887-8b1d-60693ee3c043 ] : from 'SUBMITTED' to 'START'
Status Updating [job coronaTask_09df66b6-432d-4887-8b1d-60693ee3c043 ] : from 'START' to 'FINISHED'
Pulling coronaTask_09df66b6-432d-4887-8b1d-60693ee3c043
{
  resultsPath: '/data/dev/corona/tmp/forceCache/coronaTask_09df66b6-432d-4887-8b1d-60693ee3c043/results/'
}
jobCompletion
jobCompleted
io on connection
http://localhost:3709/dbSnapshot
http://localhost:1134/results/4NC3
http://localhost:1134/pdb/4NC3
http://localhost:3709/getallid
http://localhost:3709/sortByCategory
ERROR in configJobCorona : no requestPPM specified
###############################
###### Current jobs pool ######
###############################
# coronaTask_efc92b8a-1f3f-47ba-9865-8314ad94b49f : CREATED

sbatch command written to /data/dev/corona/tmp/forceCache//coronaTask_efc92b8a-1f3f-47ba-9865-8314ad94b49f/coronaTask_efc92b8a-1f3f-47ba-9865-8314ad94b49f.sbatch
sbatch w/, /data/www_dev/corona/bin/slurm/bin//sbatch/data/dev/corona/tmp/forceCache//coronaTask_efc92b8a-1f3f-47ba-9865-8314ad94b49f/coronaTask_efc92b8a-1f3f-47ba-9865-8314ad94b49f.sbatch
this.sbatch : >/data/www_dev/corona/bin/slurm/bin//sbatch<
sbatchArgArray : >/data/dev/corona/tmp/forceCache//coronaTask_efc92b8a-1f3f-47ba-9865-8314ad94b49f/coronaTask_efc92b8a-1f3f-47ba-9865-8314ad94b49f.sbatch<
this.workdir : >/data/dev/corona/tmp/forceCache//coronaTask_efc92b8a-1f3f-47ba-9865-8314ad94b49f<
###############################
###### Current jobs pool ######
###############################
# coronaTask_efc92b8a-1f3f-47ba-9865-8314ad94b49f : SUBMITTED

Status Updating [job coronaTask_efc92b8a-1f3f-47ba-9865-8314ad94b49f ] : from 'SUBMITTED' to 'START'
Status Updating [job coronaTask_efc92b8a-1f3f-47ba-9865-8314ad94b49f ] : from 'START' to 'FINISHED'
Pulling coronaTask_efc92b8a-1f3f-47ba-9865-8314ad94b49f
{
  resultsPath: '/data/dev/corona/tmp/forceCache/coronaTask_efc92b8a-1f3f-47ba-9865-8314ad94b49f/results/'
}
jobCompletion
jobCompleted
io on connection
http://localhost:3709/dbSnapshot
http://localhost:1134/results/4NC3
http://localhost:1134/pdb/4NC3
http://localhost:3709/getallid
http://localhost:3709/sortByCategory
ERROR in configJobCorona : no requestPPM specified
###############################
###### Current jobs pool ######
###############################
# coronaTask_db5d396e-02dd-46a3-9b66-e541a8bf3768 : CREATED

sbatch command written to /data/dev/corona/tmp/forceCache//coronaTask_db5d396e-02dd-46a3-9b66-e541a8bf3768/coronaTask_db5d396e-02dd-46a3-9b66-e541a8bf3768.sbatch
sbatch w/, /data/www_dev/corona/bin/slurm/bin//sbatch/data/dev/corona/tmp/forceCache//coronaTask_db5d396e-02dd-46a3-9b66-e541a8bf3768/coronaTask_db5d396e-02dd-46a3-9b66-e541a8bf3768.sbatch
this.sbatch : >/data/www_dev/corona/bin/slurm/bin//sbatch<
sbatchArgArray : >/data/dev/corona/tmp/forceCache//coronaTask_db5d396e-02dd-46a3-9b66-e541a8bf3768/coronaTask_db5d396e-02dd-46a3-9b66-e541a8bf3768.sbatch<
this.workdir : >/data/dev/corona/tmp/forceCache//coronaTask_db5d396e-02dd-46a3-9b66-e541a8bf3768<
###############################
###### Current jobs pool ######
###############################
# coronaTask_db5d396e-02dd-46a3-9b66-e541a8bf3768 : SUBMITTED

Status Updating [job coronaTask_db5d396e-02dd-46a3-9b66-e541a8bf3768 ] : from 'SUBMITTED' to 'START'
Status Updating [job coronaTask_db5d396e-02dd-46a3-9b66-e541a8bf3768 ] : from 'START' to 'FINISHED'
Pulling coronaTask_db5d396e-02dd-46a3-9b66-e541a8bf3768
{
  resultsPath: '/data/dev/corona/tmp/forceCache/coronaTask_db5d396e-02dd-46a3-9b66-e541a8bf3768/results/'
}
jobCompletion
jobCompleted
io on connection
http://localhost:3709/dbSnapshot
http://localhost:1134/results/2N2M
http://localhost:1134/pdb/2N2M
http://localhost:3709/getallid
http://localhost:3709/sortByCategory
ERROR in configJobCorona : no requestPPM specified
###############################
###### Current jobs pool ######
###############################
# coronaTask_816416b8-db1a-4a42-9398-66c528907216 : CREATED

sbatch command written to /data/dev/corona/tmp/forceCache//coronaTask_816416b8-db1a-4a42-9398-66c528907216/coronaTask_816416b8-db1a-4a42-9398-66c528907216.sbatch
sbatch w/, /data/www_dev/corona/bin/slurm/bin//sbatch/data/dev/corona/tmp/forceCache//coronaTask_816416b8-db1a-4a42-9398-66c528907216/coronaTask_816416b8-db1a-4a42-9398-66c528907216.sbatch
this.sbatch : >/data/www_dev/corona/bin/slurm/bin//sbatch<
sbatchArgArray : >/data/dev/corona/tmp/forceCache//coronaTask_816416b8-db1a-4a42-9398-66c528907216/coronaTask_816416b8-db1a-4a42-9398-66c528907216.sbatch<
this.workdir : >/data/dev/corona/tmp/forceCache//coronaTask_816416b8-db1a-4a42-9398-66c528907216<
###############################
###### Current jobs pool ######
###############################
# coronaTask_816416b8-db1a-4a42-9398-66c528907216 : SUBMITTED

Status Updating [job coronaTask_816416b8-db1a-4a42-9398-66c528907216 ] : from 'SUBMITTED' to 'START'
Status Updating [job coronaTask_816416b8-db1a-4a42-9398-66c528907216 ] : from 'START' to 'FINISHED'
Pulling coronaTask_816416b8-db1a-4a42-9398-66c528907216
{
  resultsPath: '/data/dev/corona/tmp/forceCache/coronaTask_816416b8-db1a-4a42-9398-66c528907216/results/'
}
jobCompletion
jobCompleted
io on connection
http://localhost:3709/dbSnapshot
http://localhost:1134/results/1L9H
http://localhost:1134/pdb/1L9H
http://localhost:3709/getallid
http://localhost:3709/sortByCategory
ERROR in configJobCorona : no requestPPM specified
###############################
###### Current jobs pool ######
###############################
# coronaTask_f01b796a-a609-44de-8c12-ed868fa1d106 : CREATED

sbatch command written to /data/dev/corona/tmp/forceCache//coronaTask_f01b796a-a609-44de-8c12-ed868fa1d106/coronaTask_f01b796a-a609-44de-8c12-ed868fa1d106.sbatch
sbatch w/, /data/www_dev/corona/bin/slurm/bin//sbatch/data/dev/corona/tmp/forceCache//coronaTask_f01b796a-a609-44de-8c12-ed868fa1d106/coronaTask_f01b796a-a609-44de-8c12-ed868fa1d106.sbatch
this.sbatch : >/data/www_dev/corona/bin/slurm/bin//sbatch<
sbatchArgArray : >/data/dev/corona/tmp/forceCache//coronaTask_f01b796a-a609-44de-8c12-ed868fa1d106/coronaTask_f01b796a-a609-44de-8c12-ed868fa1d106.sbatch<
this.workdir : >/data/dev/corona/tmp/forceCache//coronaTask_f01b796a-a609-44de-8c12-ed868fa1d106<
###############################
###### Current jobs pool ######
###############################
# coronaTask_f01b796a-a609-44de-8c12-ed868fa1d106 : SUBMITTED

Status Updating [job coronaTask_f01b796a-a609-44de-8c12-ed868fa1d106 ] : from 'SUBMITTED' to 'START'
Status Updating [job coronaTask_f01b796a-a609-44de-8c12-ed868fa1d106 ] : from 'START' to 'FINISHED'
Pulling coronaTask_f01b796a-a609-44de-8c12-ed868fa1d106
{
  resultsPath: '/data/dev/corona/tmp/forceCache/coronaTask_f01b796a-a609-44de-8c12-ed868fa1d106/results/'
}
jobCompletion
jobCompleted
io on connection
http://localhost:3709/dbSnapshot
http://localhost:1134/results/6PL5
http://localhost:1134/pdb/6PL5
http://localhost:3709/getallid
http://localhost:3709/sortByCategory
ERROR in configJobCorona : no requestPPM specified
###############################
###### Current jobs pool ######
###############################
# coronaTask_b47f20fe-28e5-412a-ae49-bae0d37ecd64 : CREATED

sbatch command written to /data/dev/corona/tmp/forceCache//coronaTask_b47f20fe-28e5-412a-ae49-bae0d37ecd64/coronaTask_b47f20fe-28e5-412a-ae49-bae0d37ecd64.sbatch
sbatch w/, /data/www_dev/corona/bin/slurm/bin//sbatch/data/dev/corona/tmp/forceCache//coronaTask_b47f20fe-28e5-412a-ae49-bae0d37ecd64/coronaTask_b47f20fe-28e5-412a-ae49-bae0d37ecd64.sbatch
this.sbatch : >/data/www_dev/corona/bin/slurm/bin//sbatch<
sbatchArgArray : >/data/dev/corona/tmp/forceCache//coronaTask_b47f20fe-28e5-412a-ae49-bae0d37ecd64/coronaTask_b47f20fe-28e5-412a-ae49-bae0d37ecd64.sbatch<
this.workdir : >/data/dev/corona/tmp/forceCache//coronaTask_b47f20fe-28e5-412a-ae49-bae0d37ecd64<
###############################
###### Current jobs pool ######
###############################
# coronaTask_b47f20fe-28e5-412a-ae49-bae0d37ecd64 : SUBMITTED

Status Updating [job coronaTask_b47f20fe-28e5-412a-ae49-bae0d37ecd64 ] : from 'SUBMITTED' to 'START'
Status Updating [job coronaTask_b47f20fe-28e5-412a-ae49-bae0d37ecd64 ] : from 'START' to 'FINISHED'
Pulling coronaTask_b47f20fe-28e5-412a-ae49-bae0d37ecd64
{
  resultsPath: '/data/dev/corona/tmp/forceCache/coronaTask_b47f20fe-28e5-412a-ae49-bae0d37ecd64/results/'
}
jobCompletion
jobCompleted
io on connection
http://localhost:3709/dbSnapshot
http://localhost:1134/results/4M48
http://localhost:1134/pdb/4M48
http://localhost:3709/getallid
http://localhost:3709/sortByCategory
ERROR in configJobCorona : no requestPPM specified
###############################
###### Current jobs pool ######
###############################
# coronaTask_562e7d20-b8b4-44c9-a2c1-61af4a977465 : CREATED

sbatch command written to /data/dev/corona/tmp/forceCache//coronaTask_562e7d20-b8b4-44c9-a2c1-61af4a977465/coronaTask_562e7d20-b8b4-44c9-a2c1-61af4a977465.sbatch
sbatch w/, /data/www_dev/corona/bin/slurm/bin//sbatch/data/dev/corona/tmp/forceCache//coronaTask_562e7d20-b8b4-44c9-a2c1-61af4a977465/coronaTask_562e7d20-b8b4-44c9-a2c1-61af4a977465.sbatch
this.sbatch : >/data/www_dev/corona/bin/slurm/bin//sbatch<
sbatchArgArray : >/data/dev/corona/tmp/forceCache//coronaTask_562e7d20-b8b4-44c9-a2c1-61af4a977465/coronaTask_562e7d20-b8b4-44c9-a2c1-61af4a977465.sbatch<
this.workdir : >/data/dev/corona/tmp/forceCache//coronaTask_562e7d20-b8b4-44c9-a2c1-61af4a977465<
###############################
###### Current jobs pool ######
###############################
# coronaTask_562e7d20-b8b4-44c9-a2c1-61af4a977465 : SUBMITTED

Status Updating [job coronaTask_562e7d20-b8b4-44c9-a2c1-61af4a977465 ] : from 'SUBMITTED' to 'START'
Status Updating [job coronaTask_562e7d20-b8b4-44c9-a2c1-61af4a977465 ] : from 'START' to 'FINISHED'
Pulling coronaTask_562e7d20-b8b4-44c9-a2c1-61af4a977465
{
  resultsPath: '/data/dev/corona/tmp/forceCache/coronaTask_562e7d20-b8b4-44c9-a2c1-61af4a977465/results/'
}
jobCompletion
jobCompleted
io on connection
http://localhost:3709/dbSnapshot
http://localhost:1134/results/2R9R
http://localhost:1134/pdb/2R9R
http://localhost:3709/getallid
http://localhost:3709/sortByCategory
ERROR in configJobCorona : no requestPPM specified
###############################
###### Current jobs pool ######
###############################
# coronaTask_7f9c1b6e-e281-413e-b65c-eedb16420711 : CREATED

sbatch command written to /data/dev/corona/tmp/forceCache//coronaTask_7f9c1b6e-e281-413e-b65c-eedb16420711/coronaTask_7f9c1b6e-e281-413e-b65c-eedb16420711.sbatch
sbatch w/, /data/www_dev/corona/bin/slurm/bin//sbatch/data/dev/corona/tmp/forceCache//coronaTask_7f9c1b6e-e281-413e-b65c-eedb16420711/coronaTask_7f9c1b6e-e281-413e-b65c-eedb16420711.sbatch
this.sbatch : >/data/www_dev/corona/bin/slurm/bin//sbatch<
sbatchArgArray : >/data/dev/corona/tmp/forceCache//coronaTask_7f9c1b6e-e281-413e-b65c-eedb16420711/coronaTask_7f9c1b6e-e281-413e-b65c-eedb16420711.sbatch<
this.workdir : >/data/dev/corona/tmp/forceCache//coronaTask_7f9c1b6e-e281-413e-b65c-eedb16420711<
###############################
###### Current jobs pool ######
###############################
# coronaTask_7f9c1b6e-e281-413e-b65c-eedb16420711 : SUBMITTED

Status Updating [job coronaTask_7f9c1b6e-e281-413e-b65c-eedb16420711 ] : from 'SUBMITTED' to 'START'
Status Updating [job coronaTask_7f9c1b6e-e281-413e-b65c-eedb16420711 ] : from 'START' to 'FINISHED'
Pulling coronaTask_7f9c1b6e-e281-413e-b65c-eedb16420711
{
  resultsPath: '/data/dev/corona/tmp/forceCache/coronaTask_7f9c1b6e-e281-413e-b65c-eedb16420711/results/'
}
jobCompletion
jobCompleted
io on connection
io on connection
io on connection
http://localhost:3709/dbSnapshot
http://localhost:1134/results/6AD7
http://localhost:1134/pdb/6AD7
http://localhost:3709/getallid
http://localhost:3709/sortByCategory
ERROR in configJobCorona : no requestPPM specified
###############################
###### Current jobs pool ######
###############################
# coronaTask_b7af7c33-a331-4c22-8bf0-c1efcc8140ec : CREATED

sbatch command written to /data/dev/corona/tmp/forceCache//coronaTask_b7af7c33-a331-4c22-8bf0-c1efcc8140ec/coronaTask_b7af7c33-a331-4c22-8bf0-c1efcc8140ec.sbatch
sbatch w/, /data/www_dev/corona/bin/slurm/bin//sbatch/data/dev/corona/tmp/forceCache//coronaTask_b7af7c33-a331-4c22-8bf0-c1efcc8140ec/coronaTask_b7af7c33-a331-4c22-8bf0-c1efcc8140ec.sbatch
this.sbatch : >/data/www_dev/corona/bin/slurm/bin//sbatch<
sbatchArgArray : >/data/dev/corona/tmp/forceCache//coronaTask_b7af7c33-a331-4c22-8bf0-c1efcc8140ec/coronaTask_b7af7c33-a331-4c22-8bf0-c1efcc8140ec.sbatch<
this.workdir : >/data/dev/corona/tmp/forceCache//coronaTask_b7af7c33-a331-4c22-8bf0-c1efcc8140ec<
###############################
###### Current jobs pool ######
###############################
# coronaTask_b7af7c33-a331-4c22-8bf0-c1efcc8140ec : SUBMITTED

Status Updating [job coronaTask_b7af7c33-a331-4c22-8bf0-c1efcc8140ec ] : from 'SUBMITTED' to 'START'
Status Updating [job coronaTask_b7af7c33-a331-4c22-8bf0-c1efcc8140ec ] : from 'START' to 'FINISHED'
Pulling coronaTask_b7af7c33-a331-4c22-8bf0-c1efcc8140ec
{
  resultsPath: '/data/dev/corona/tmp/forceCache/coronaTask_b7af7c33-a331-4c22-8bf0-c1efcc8140ec/results/'
}
jobCompletion
jobCompleted
io on connection
http://localhost:3709/dbSnapshot
http://localhost:1134/results/6EB1
http://localhost:1134/results/6BE1
http://localhost:1134/pdb/6BE1
http://localhost:3709/getallid
http://localhost:3709/sortByCategory
ERROR in configJobCorona : no requestPPM specified
###############################
###### Current jobs pool ######
###############################
# coronaTask_dd3ef883-4f22-48c7-bac9-692c59f1fab8 : CREATED

sbatch command written to /data/dev/corona/tmp/forceCache//coronaTask_dd3ef883-4f22-48c7-bac9-692c59f1fab8/coronaTask_dd3ef883-4f22-48c7-bac9-692c59f1fab8.sbatch
sbatch w/, /data/www_dev/corona/bin/slurm/bin//sbatch/data/dev/corona/tmp/forceCache//coronaTask_dd3ef883-4f22-48c7-bac9-692c59f1fab8/coronaTask_dd3ef883-4f22-48c7-bac9-692c59f1fab8.sbatch
this.sbatch : >/data/www_dev/corona/bin/slurm/bin//sbatch<
sbatchArgArray : >/data/dev/corona/tmp/forceCache//coronaTask_dd3ef883-4f22-48c7-bac9-692c59f1fab8/coronaTask_dd3ef883-4f22-48c7-bac9-692c59f1fab8.sbatch<
this.workdir : >/data/dev/corona/tmp/forceCache//coronaTask_dd3ef883-4f22-48c7-bac9-692c59f1fab8<
###############################
###### Current jobs pool ######
###############################
# coronaTask_dd3ef883-4f22-48c7-bac9-692c59f1fab8 : SUBMITTED

Status Updating [job coronaTask_dd3ef883-4f22-48c7-bac9-692c59f1fab8 ] : from 'SUBMITTED' to 'START'
Status Updating [job coronaTask_dd3ef883-4f22-48c7-bac9-692c59f1fab8 ] : from 'START' to 'FINISHED'
Pulling coronaTask_dd3ef883-4f22-48c7-bac9-692c59f1fab8
{
  resultsPath: '/data/dev/corona/tmp/forceCache/coronaTask_dd3ef883-4f22-48c7-bac9-692c59f1fab8/results/'
}
jobCompletion
jobCompleted
io on connection
io on connection
io on connection
io on connection
io on connection
io on connection
io on connection
io on connection
io on connection
io on connection
io on connection
io on connection
io on connection
io on connection
io on connection
io on connection
io on connection
io on connection
io on connection
io on connection
